<html>
<body>
<pre>
<h1>µVision Build Log</h1>
<h2>Project:</h2>
D:\Develop\Ã÷½³\Newton\F107VC\NEW\GeneralProject\Gateway\RVMDK\IOT_Gateway.uvproj
Project File Date:  12/18/2017

<h2>Output:</h2>
Build target 'IOT_Gateway'
compiling main.c...
compiling stm32f10x_it.c...
compiling variable.c...
compiling Task_IO.c...
compiling Task_LED.c...
compiling Task_Main.c...
compiling Task_MQTT.c...
compiling Task_HTTP.c...
compiling DrFlash.c...
compiling DrTimer.c...
compiling DrGpio.c...
compiling DrSpi.c...
compiling DrEthernet.c...
compiling DrUart.c...
..\DRIVE\DrUart.c(93): warning:  #177-D: variable "Chk" was declared but never referenced
        u8 Temp=0,Chk=0;
..\DRIVE\DrUart.c: 1 warning, 0 errors
compiling DrCan.c...
compiling cJSON.c...
..\DRIVE\cJSON.c(55): warning:  #1293-D: assignment in condition
        if (!(copy = (char*)cJSON_malloc(len))) return 0;
..\DRIVE\cJSON.c(278): warning:  #1293-D: assignment in condition
        ptr=str;while ((token=*ptr) && ++len) {if (strchr("\"\\\b\f\n\r\t",token)) len++; else if (token<32) len+=5;ptr++;}
..\DRIVE\cJSON.c(355): warning:  #111-D: statement is unreachable
        return p.buffer;
..\DRIVE\cJSON.c(426): warning:  #1293-D: assignment in condition
                if (!(new_item=cJSON_New_Item())) return 0;     /* memory fail */
..\DRIVE\cJSON.c(538): warning:  #1293-D: assignment in condition
                if (!(new_item=cJSON_New_Item()))       return 0; /* memory fail */
..\DRIVE\cJSON.c: 5 warnings, 0 errors
compiling core_cm3.c...
compiling system_stm32f10x.c...
assembling startup_stm32f10x_hd.s...
compiling misc.c...
compiling stm32f10x_adc.c...
compiling stm32f10x_bkp.c...
compiling stm32f10x_can.c...
compiling stm32f10x_crc.c...
compiling stm32f10x_dac.c...
compiling stm32f10x_dbgmcu.c...
compiling stm32f10x_dma.c...
compiling stm32f10x_exti.c...
compiling stm32f10x_flash.c...
compiling stm32f10x_fsmc.c...
compiling stm32f10x_gpio.c...
compiling stm32f10x_i2c.c...
compiling stm32f10x_iwdg.c...
compiling stm32f10x_pwr.c...
compiling stm32f10x_rcc.c...
compiling stm32f10x_rtc.c...
compiling stm32f10x_sdio.c...
compiling stm32f10x_spi.c...
compiling stm32f10x_tim.c...
compiling stm32f10x_usart.c...
compiling stm32f10x_wwdg.c...
assembling cortexm3_macro.s...
assembling os_cpu_a.asm...
compiling os_cpu_c.c...
compiling os_dbg.c...
compiling os_core.c...
compiling os_flag.c...
compiling os_mbox.c...
compiling os_mem.c...
compiling os_mutex.c...
compiling os_q.c...
compiling os_sem.c...
compiling os_task.c...
compiling os_time.c...
compiling os_tmr.c...
compiling wizchip_conf.c...
compiling socket.c...
compiling spi.c...
compiling w5500.c...
compiling dhcp.c...
compiling dns.c...
compiling util.c...
compiling httpd.c...
..\Internet\HTTP\httpd.c(173): warning:  #1293-D: assignment in condition
    if((name = (unsigned char*)strstr(uri,param_name)))
..\Internet\HTTP\httpd.c: 1 warning, 0 errors
compiling httputil.c...
..\Internet\HTTP\httputil.c(228): warning:  #167-D: argument of type "uint8_t *" is incompatible with parameter of type "char *"
                  make_cgi_response(3,gWIZNETINFO.iplocal,tx_buf);                  
..\Internet\HTTP\httputil.c(160): warning:  #177-D: variable "webpage" was declared but never referenced
      unsigned char * http_response, * webpage;
..\Internet\HTTP\httputil.c(266): warning:  #167-D: argument of type "unsigned char *" is incompatible with parameter of type "const char *"
        u = strlen(addr);
..\Internet\HTTP\httputil.c(314): warning:  #1293-D: assignment in condition
      if((param = get_http_param_value(http_request->URI,"protocol")))
..\Internet\HTTP\httputil.c(318): warning:  #1293-D: assignment in condition
      if((param = get_http_param_value(http_request->URI,"sid")))
..\Internet\HTTP\httputil.c(322): warning:  #1293-D: assignment in condition
      if((param = get_http_param_value(http_request->URI,"modaddr")))
..\Internet\HTTP\httputil.c(326): warning:  #1293-D: assignment in condition
      if((param = get_http_param_value(http_request->URI,"modlen")))
..\Internet\HTTP\httputil.c(330): warning:  #1293-D: assignment in condition
      if((param = get_http_param_value(http_request->URI,"modtim")))
..\Internet\HTTP\httputil.c(336): warning:  #1293-D: assignment in condition
      if((param = get_http_param_value(http_request->URI,"ip")))
..\Internet\HTTP\httputil.c(340): warning:  #1293-D: assignment in condition
      if((param = get_http_param_value(http_request->URI,"locport")))
..\Internet\HTTP\httputil.c(344): warning:  #1293-D: assignment in condition
      if((param = get_http_param_value(http_request->URI,"ipgoal")))
..\Internet\HTTP\httputil.c(348): warning:  #1293-D: assignment in condition
      if((param = get_http_param_value(http_request->URI,"portgoal")))
..\Internet\HTTP\httputil.c(352): warning:  #1293-D: assignment in condition
      if((param = get_http_param_value(http_request->URI,"sub")))
..\Internet\HTTP\httputil.c(356): warning:  #1293-D: assignment in condition
      if((param = get_http_param_value(http_request->URI,"gw")))
..\Internet\HTTP\httputil.c(361): warning:  #1293-D: assignment in condition
      if((param = get_http_param_value(http_request->URI,"use4")))
..\Internet\HTTP\httputil.c(365): warning:  #1293-D: assignment in condition
      if((param = get_http_param_value(http_request->URI,"baud4")))
..\Internet\HTTP\httputil.c(369): warning:  #1293-D: assignment in condition
      if((param = get_http_param_value(http_request->URI,"CANlocID4")))
..\Internet\HTTP\httputil.c(373): warning:  #1293-D: assignment in condition
      if((param = get_http_param_value(http_request->URI,"CANresID4")))
..\Internet\HTTP\httputil.c(377): warning:  #1293-D: assignment in condition
      if((param = get_http_param_value(http_request->URI,"CANresIDnum4")))
..\Internet\HTTP\httputil.c(381): warning:  #1293-D: assignment in condition
      if((param = get_http_param_value(http_request->URI,"datatype4")))
..\Internet\HTTP\httputil.c(386): warning:  #1293-D: assignment in condition
      if((param = get_http_param_value(http_request->URI,"use1")))
..\Internet\HTTP\httputil.c(390): warning:  #1293-D: assignment in condition
      if((param = get_http_param_value(http_request->URI,"baud1")))
..\Internet\HTTP\httputil.c(394): warning:  #1293-D: assignment in condition
      if((param = get_http_param_value(http_request->URI,"databit1")))
..\Internet\HTTP\httputil.c(398): warning:  #1293-D: assignment in condition
      if((param = get_http_param_value(http_request->URI,"parity1")))
..\Internet\HTTP\httputil.c(402): warning:  #1293-D: assignment in condition
      if((param = get_http_param_value(http_request->URI,"stopbit1")))
..\Internet\HTTP\httputil.c(406): warning:  #1293-D: assignment in condition
      if((param = get_http_param_value(http_request->URI,"flow1")))
..\Internet\HTTP\httputil.c(410): warning:  #1293-D: assignment in condition
      if((param = get_http_param_value(http_request->URI,"datatype1")))
..\Internet\HTTP\httputil.c(416): warning:  #1293-D: assignment in condition
      if((param = get_http_param_value(http_request->URI,"use2")))
..\Internet\HTTP\httputil.c(420): warning:  #1293-D: assignment in condition
      if((param = get_http_param_value(http_request->URI,"baud2")))
..\Internet\HTTP\httputil.c(424): warning:  #1293-D: assignment in condition
      if((param = get_http_param_value(http_request->URI,"databit2")))
..\Internet\HTTP\httputil.c(428): warning:  #1293-D: assignment in condition
      if((param = get_http_param_value(http_request->URI,"parity2")))
..\Internet\HTTP\httputil.c(432): warning:  #1293-D: assignment in condition
      if((param = get_http_param_value(http_request->URI,"stopbit2")))
..\Internet\HTTP\httputil.c(436): warning:  #1293-D: assignment in condition
      if((param = get_http_param_value(http_request->URI,"flow2")))
..\Internet\HTTP\httputil.c(440): warning:  #1293-D: assignment in condition
      if((param = get_http_param_value(http_request->URI,"datatype2")))
..\Internet\HTTP\httputil.c(446): warning:  #1293-D: assignment in condition
      if((param = get_http_param_value(http_request->URI,"use3")))
..\Internet\HTTP\httputil.c(450): warning:  #1293-D: assignment in condition
      if((param = get_http_param_value(http_request->URI,"baud3")))
..\Internet\HTTP\httputil.c(454): warning:  #1293-D: assignment in condition
      if((param = get_http_param_value(http_request->URI,"databit3")))
..\Internet\HTTP\httputil.c(458): warning:  #1293-D: assignment in condition
      if((param = get_http_param_value(http_request->URI,"parity3")))
..\Internet\HTTP\httputil.c(462): warning:  #1293-D: assignment in condition
      if((param = get_http_param_value(http_request->URI,"stopbit3")))
..\Internet\HTTP\httputil.c(466): warning:  #1293-D: assignment in condition
      if((param = get_http_param_value(http_request->URI,"datatype3")))
..\Internet\HTTP\httputil.c(473): warning:  #1293-D: assignment in condition
      if((param = get_http_param_value(http_request->URI,"tout")))
..\Internet\HTTP\httputil.c: 41 warnings, 0 errors
compiling transport.c...
compiling MQTTConnectClient.c...
compiling MQTTConnectServer.c...
compiling MQTTDeserializePublish.c...
compiling MQTTFormat.c...
..\MQTT\MQTTFormat.c(122): warning:  #550-D: variable "strindex" was set but never used
        int strindex = 0;
..\MQTT\MQTTFormat.c(200): warning:  #550-D: variable "rc" was set but never used
              int rc;
..\MQTT\MQTTFormat.c(190): warning:  #550-D: variable "strindex" was set but never used
        int strindex = 0;
..\MQTT\MQTTFormat.c: 3 warnings, 0 errors
compiling MQTTPacket.c...
compiling MQTTSerializePublish.c...
compiling MQTTSubscribeClient.c...
compiling MQTTSubscribeServer.c...
compiling MQTTUnsubscribeClient.c...
compiling MQTTUnsubscribeServer.c...
linking...
Program Size: Code=39000 RO-data=1036 RW-data=1372 ZI-data=42612  
FromELF: creating hex file...
"..\OUTPUT\STM32_DAQ.axf" - 0 Error(s), 51 Warning(s).
</pre>
</body>
</html>
