ARM Linker, 5.03 [Build 24] [MDK-ARM Standard]

==============================================================================

Section Cross References

    main.o(.text) refers to misc.o(.text) for NVIC_PriorityGroupConfig
    main.o(.text) refers to drgpio.o(.text) for DrLed
    main.o(.text) refers to drtimer.o(.text) for DrTimer_Init
    main.o(.text) refers to druart.o(.text) for DrUsart_Init
    main.o(.text) refers to drcan.o(.text) for DrCAN_Init
    main.o(.text) refers to drspi.o(.text) for W5500_SPI_Config
    main.o(.text) refers to drethernet.o(.text) for Ethernet_Init
    main.o(.text) refers to system_stm32f10x.o(.text) for SystemInit
    main.o(.text) refers to task_main.o(.text) for ReadFlashCfg
    main.o(.text) refers to os_core.o(.text) for OSInit
    main.o(.text) refers to os_task.o(.text) for OSTaskCreate
    main.o(.text) refers to main.o(.bss) for STK_Buffer_main
    stm32f10x_it.o(.text) refers to os_core.o(.text) for OSIntEnter
    stm32f10x_it.o(.text) refers to stm32f10x_tim.o(.text) for TIM_GetITStatus
    stm32f10x_it.o(.text) refers to drtimer.o(.text) for TIM2_IRQ
    stm32f10x_it.o(.text) refers to stm32f10x_can.o(.text) for CAN_ClearITPendingBit
    stm32f10x_it.o(.text) refers to drcan.o(.text) for CAN1_IRQ
    stm32f10x_it.o(.text) refers to stm32f10x_usart.o(.text) for USART_GetITStatus
    stm32f10x_it.o(.text) refers to druart.o(.text) for USART1_IRQ
    stm32f10x_it.o(.text) refers to stm32f10x_it.o(.data) for ulSrandCount
    task_tcpip.o(.text) refers to os_mbox.o(.text) for OSMboxCreate
    task_tcpip.o(.text) refers to task_main.o(.text) for ETH2Usartcan_send
    task_tcpip.o(.text) refers to os_time.o(.text) for OSTimeDlyHMSM
    task_tcpip.o(.text) refers to socket.o(.text) for send
    task_tcpip.o(.text) refers to os_task.o(.text) for OSTaskCreate
    task_tcpip.o(.text) refers to wizchip_conf.o(.text) for ctlwizchip
    task_tcpip.o(.text) refers to w5500.o(.text) for WIZCHIP_READ
    task_tcpip.o(.text) refers to memseta.o(.text) for __aeabi_memclr4
    task_tcpip.o(.text) refers to memcpya.o(.text) for __aeabi_memcpy
    task_tcpip.o(.text) refers to variable.o(.data) for EV_TCPIPsendbuf
    task_tcpip.o(.text) refers to task_tcpip.o(.data) for TCPIP_Count
    task_tcpip.o(.text) refers to task_led.o(.data) for led_blink
    task_tcpip.o(.text) refers to task_tcpip.o(.bss) for STK_TCPIP_SEND
    task_io.o(.text) refers to drgpio.o(.text) for DrGpioInit
    task_io.o(.text) refers to os_time.o(.text) for OSTimeDlyHMSM
    task_led.o(.text) refers to os_mbox.o(.text) for OSMboxCreate
    task_led.o(.text) refers to stm32f10x_gpio.o(.text) for GPIO_SetBits
    task_led.o(.text) refers to os_time.o(.text) for OSTimeDlyHMSM
    task_led.o(.text) refers to task_led.o(.data) for mBOX_LED_R
    task_main.o(.text) refers to os_mbox.o(.text) for OSMboxPost
    task_main.o(.text) refers to task_mqtt.o(.text) for MQTT_DataHandler
    task_main.o(.text) refers to task_tcpip.o(.text) for TCPIP_DataHandler
    task_main.o(.text) refers to task_modbustcp.o(.text) for MBTCP_DataHandler
    task_main.o(.text) refers to os_time.o(.text) for OSTimeDlyHMSM
    task_main.o(.text) refers to os_task.o(.text) for OSTaskCreate
    task_main.o(.text) refers to os_cpu_a.o(.text) for OS_CPU_SR_Save
    task_main.o(.text) refers to druart.o(.text) for USART2_Send_Data
    task_main.o(.text) refers to drcan.o(.text) for CAN1_SendData
    task_main.o(.text) refers to drflash.o(.text) for FlashReadData
    task_main.o(.text) refers to variable.o(.bss) for USARTCAN_Recv
    task_main.o(.text) refers to task_led.o(.data) for led_blink
    task_main.o(.text) refers to task_main.o(.bss) for STK_ledR
    task_main.o(.text) refers to variable.o(.data) for gWIZNETINFO
    task_main.o(.text) refers to task_led.o(.text) for Task_LedR
    task_main.o(.text) refers to task_http.o(.text) for Task_HTTP
    task_main.o(.text) refers to drtimer.o(.text) for Delay1ms
    task_modbustcp.o(.text) refers to os_mbox.o(.text) for OSMboxCreate
    task_modbustcp.o(.text) refers to memcpya.o(.text) for __aeabi_memcpy
    task_modbustcp.o(.text) refers to task_main.o(.text) for ETH2Usartcan_send
    task_modbustcp.o(.text) refers to os_time.o(.text) for OSTimeDlyHMSM
    task_modbustcp.o(.text) refers to socket.o(.text) for send
    task_modbustcp.o(.text) refers to os_task.o(.text) for OSTaskCreate
    task_modbustcp.o(.text) refers to wizchip_conf.o(.text) for ctlwizchip
    task_modbustcp.o(.text) refers to w5500.o(.text) for WIZCHIP_READ
    task_modbustcp.o(.text) refers to variable.o(.data) for EV_MBTCPsendbuf
    task_modbustcp.o(.text) refers to task_modbustcp.o(.data) for MBTCP_Count
    task_modbustcp.o(.text) refers to task_led.o(.data) for led_blink
    task_modbustcp.o(.text) refers to task_modbustcp.o(.bss) for TCP_TR_data
    task_modbustcp.o(.text) refers to memseta.o(.text) for __aeabi_memclr4
    task_mqtt.o(.text) refers to memseta.o(.text) for __aeabi_memclr4
[...]
    cJSON_ReplaceItemInArray                 0x0800caa1   Thumb Code    76  cjson.o(.text)
    cJSON_ReplaceItemInObject                0x0800caed   Thumb Code    62  cjson.o(.text)
    cJSON_CreateNull                         0x0800cb2b   Thumb Code    18  cjson.o(.text)
    cJSON_CreateTrue                         0x0800cb3d   Thumb Code    18  cjson.o(.text)
    cJSON_CreateFalse                        0x0800cb4f   Thumb Code    18  cjson.o(.text)
    cJSON_CreateBool                         0x0800cb61   Thumb Code    26  cjson.o(.text)
    cJSON_CreateNumber                       0x0800cb7b   Thumb Code    36  cjson.o(.text)
    cJSON_CreateString                       0x0800cb9f   Thumb Code    28  cjson.o(.text)
    cJSON_CreateArray                        0x0800cbbb   Thumb Code    18  cjson.o(.text)
    cJSON_CreateObject                       0x0800cbcd   Thumb Code    18  cjson.o(.text)
    cJSON_CreateIntArray                     0x0800cbdf   Thumb Code    68  cjson.o(.text)
    cJSON_CreateFloatArray                   0x0800cc23   Thumb Code    68  cjson.o(.text)
    cJSON_CreateDoubleArray                  0x0800cc67   Thumb Code    68  cjson.o(.text)
    cJSON_CreateStringArray                  0x0800ccab   Thumb Code    62  cjson.o(.text)
    cJSON_Duplicate                          0x0800cce9   Thumb Code   178  cjson.o(.text)
    cJSON_Minify                             0x0800cd9b   Thumb Code   186  cjson.o(.text)
    SystemInit                               0x0800cf31   Thumb Code    76  system_stm32f10x.o(.text)
    SystemCoreClockUpdate                    0x0800cf7d   Thumb Code   142  system_stm32f10x.o(.text)
    Reset_Handler                            0x0800d035   Thumb Code     8  startup_stm32f10x_hd.o(.text)
    ADC1_2_IRQHandler                        0x0800d04f   Thumb Code     0  startup_stm32f10x_hd.o(.text)
    ADC3_IRQHandler                          0x0800d04f   Thumb Code     0  startup_stm32f10x_hd.o(.text)
    CAN1_RX1_IRQHandler                      0x0800d04f   Thumb Code     0  startup_stm32f10x_hd.o(.text)
    CAN1_SCE_IRQHandler                      0x0800d04f   Thumb Code     0  startup_stm32f10x_hd.o(.text)
    DMA1_Channel1_IRQHandler                 0x0800d04f   Thumb Code     0  startup_stm32f10x_hd.o(.text)
    DMA1_Channel2_IRQHandler                 0x0800d04f   Thumb Code     0  startup_stm32f10x_hd.o(.text)
    DMA1_Channel3_IRQHandler                 0x0800d04f   Thumb Code     0  startup_stm32f10x_hd.o(.text)
    DMA1_Channel4_IRQHandler                 0x0800d04f   Thumb Code     0  startup_stm32f10x_hd.o(.text)
    DMA1_Channel5_IRQHandler                 0x0800d04f   Thumb Code     0  startup_stm32f10x_hd.o(.text)
    DMA1_Channel6_IRQHandler                 0x0800d04f   Thumb Code     0  startup_stm32f10x_hd.o(.text)
    DMA1_Channel7_IRQHandler                 0x0800d04f   Thumb Code     0  startup_stm32f10x_hd.o(.text)
    DMA2_Channel1_IRQHandler                 0x0800d04f   Thumb Code     0  startup_stm32f10x_hd.o(.text)
    DMA2_Channel2_IRQHandler                 0x0800d04f   Thumb Code     0  startup_stm32f10x_hd.o(.text)
    DMA2_Channel3_IRQHandler                 0x0800d04f   Thumb Code     0  startup_stm32f10x_hd.o(.text)
    DMA2_Channel4_5_IRQHandler               0x0800d04f   Thumb Code     0  startup_stm32f10x_hd.o(.text)
    EXTI0_IRQHandler                         0x0800d04f   Thumb Code     0  startup_stm32f10x_hd.o(.text)
    EXTI15_10_IRQHandler                     0x0800d04f   Thumb Code     0  startup_stm32f10x_hd.o(.text)
    EXTI1_IRQHandler                         0x0800d04f   Thumb Code     0  startup_stm32f10x_hd.o(.text)
    EXTI2_IRQHandler                         0x0800d04f   Thumb Code     0  startup_stm32f10x_hd.o(.text)
    EXTI3_IRQHandler                         0x0800d04f   Thumb Code     0  startup_stm32f10x_hd.o(.text)
    EXTI4_IRQHandler                         0x0800d04f   Thumb Code     0  startup_stm32f10x_hd.o(.text)
    EXTI9_5_IRQHandler                       0x0800d04f   Thumb Code     0  startup_stm32f10x_hd.o(.text)
    FLASH_IRQHandler                         0x0800d04f   Thumb Code     0  startup_stm32f10x_hd.o(.text)
    FSMC_IRQHandler                          0x0800d04f   Thumb Code     0  startup_stm32f10x_hd.o(.text)
    I2C1_ER_IRQHandler                       0x0800d04f   Thumb Code     0  startup_stm32f10x_hd.o(.text)
    I2C1_EV_IRQHandler                       0x0800d04f   Thumb Code     0  startup_stm32f10x_hd.o(.text)
    I2C2_ER_IRQHandler                       0x0800d04f   Thumb Code     0  startup_stm32f10x_hd.o(.text)
    I2C2_EV_IRQHandler                       0x0800d04f   Thumb Code     0  startup_stm32f10x_hd.o(.text)
    PVD_IRQHandler                           0x0800d04f   Thumb Code     0  startup_stm32f10x_hd.o(.text)
    RCC_IRQHandler                           0x0800d04f   Thumb Code     0  startup_stm32f10x_hd.o(.text)
    RTCAlarm_IRQHandler                      0x0800d04f   Thumb Code     0  startup_stm32f10x_hd.o(.text)
    RTC_IRQHandler                           0x0800d04f   Thumb Code     0  startup_stm32f10x_hd.o(.text)
    SDIO_IRQHandler                          0x0800d04f   Thumb Code     0  startup_stm32f10x_hd.o(.text)
    SPI1_IRQHandler                          0x0800d04f   Thumb Code     0  startup_stm32f10x_hd.o(.text)
    SPI2_IRQHandler                          0x0800d04f   Thumb Code     0  startup_stm32f10x_hd.o(.text)
    SPI3_IRQHandler                          0x0800d04f   Thumb Code     0  startup_stm32f10x_hd.o(.text)
    TAMPER_IRQHandler                        0x0800d04f   Thumb Code     0  startup_stm32f10x_hd.o(.text)
    TIM1_BRK_IRQHandler                      0x0800d04f   Thumb Code     0  startup_stm32f10x_hd.o(.text)
    TIM1_CC_IRQHandler                       0x0800d04f   Thumb Code     0  startup_stm32f10x_hd.o(.text)
    TIM1_TRG_COM_IRQHandler                  0x0800d04f   Thumb Code     0  startup_stm32f10x_hd.o(.text)
    TIM1_UP_IRQHandler                       0x0800d04f   Thumb Code     0  startup_stm32f10x_hd.o(.text)
    TIM5_IRQHandler                          0x0800d04f   Thumb Code     0  startup_stm32f10x_hd.o(.text)
    TIM6_IRQHandler                          0x0800d04f   Thumb Code     0  startup_stm32f10x_hd.o(.text)
    TIM7_IRQHandler                          0x0800d04f   Thumb Code     0  startup_stm32f10x_hd.o(.text)
    TIM8_BRK_IRQHandler                      0x0800d04f   Thumb Code     0  startup_stm32f10x_hd.o(.text)
    TIM8_CC_IRQHandler                       0x0800d04f   Thumb Code     0  startup_stm32f10x_hd.o(.text)
    TIM8_TRG_COM_IRQHandler                  0x0800d04f   Thumb Code     0  startup_stm32f10x_hd.o(.text)
    TIM8_UP_IRQHandler                       0x0800d04f   Thumb Code     0  startup_stm32f10x_hd.o(.text)
    USBWakeUp_IRQHandler                     0x0800d04f   Thumb Code     0  startup_stm32f10x_hd.o(.text)
    USB_HP_CAN1_TX_IRQHandler                0x0800d04f   Thumb Code     0  startup_stm32f10x_hd.o(.text)
    WWDG_IRQHandler                          0x0800d04f   Thumb Code     0  startup_stm32f10x_hd.o(.text)
    NVIC_PriorityGroupConfig                 0x0800d059   Thumb Code    10  misc.o(.text)
    NVIC_Init                                0x0800d063   Thumb Code   102  misc.o(.text)
    NVIC_SetVectorTable                      0x0800d0c9   Thumb Code    14  misc.o(.text)
    NVIC_SystemLPConfig                      0x0800d0d7   Thumb Code    34  misc.o(.text)
    SysTick_CLKSourceConfig                  0x0800d0f9   Thumb Code    40  misc.o(.text)
    CAN_DeInit                               0x0800d135   Thumb Code    50  stm32f10x_can.o(.text)
    CAN_Init                                 0x0800d167   Thumb Code   276  stm32f10x_can.o(.text)
    CAN_FilterInit                           0x0800d27b   Thumb Code   258  stm32f10x_can.o(.text)
    CAN_StructInit                           0x0800d37d   Thumb Code    32  stm32f10x_can.o(.text)
    CAN_SlaveStartBank                       0x0800d39d   Thumb Code    48  stm32f10x_can.o(.text)
    CAN_DBGFreeze                            0x0800d3cd   Thumb Code    22  stm32f10x_can.o(.text)
    CAN_TTComModeCmd                         0x0800d3e3   Thumb Code   118  stm32f10x_can.o(.text)
    CAN_Transmit                             0x0800d459   Thumb Code   304  stm32f10x_can.o(.text)
    CAN_TransmitStatus                       0x0800d589   Thumb Code   136  stm32f10x_can.o(.text)
    CAN_CancelTransmit                       0x0800d611   Thumb Code    48  stm32f10x_can.o(.text)
    CAN_Receive                              0x0800d641   Thumb Code   240  stm32f10x_can.o(.text)
    CAN_FIFORelease                          0x0800d731   Thumb Code    22  stm32f10x_can.o(.text)
    CAN_MessagePending                       0x0800d747   Thumb Code    30  stm32f10x_can.o(.text)
    CAN_OperatingModeRequest                 0x0800d765   Thumb Code   162  stm32f10x_can.o(.text)
    CAN_Sleep                                0x0800d807   Thumb Code    30  stm32f10x_can.o(.text)
    CAN_WakeUp                               0x0800d825   Thumb Code    48  stm32f10x_can.o(.text)
    CAN_GetLastErrorCode                     0x0800d855   Thumb Code    12  stm32f10x_can.o(.text)
    CAN_GetReceiveErrorCounter               0x0800d861   Thumb Code    10  stm32f10x_can.o(.text)
    CAN_GetLSBTransmitErrorCounter           0x0800d86b   Thumb Code    12  stm32f10x_can.o(.text)
    CAN_ITConfig                             0x0800d877   Thumb Code    18  stm32f10x_can.o(.text)
    CAN_GetFlagStatus                        0x0800d889   Thumb Code   120  stm32f10x_can.o(.text)
    CAN_ClearFlag                            0x0800d901   Thumb Code    52  stm32f10x_can.o(.text)
    CAN_GetITStatus                          0x0800d945   Thumb Code   306  stm32f10x_can.o(.text)
    CAN_ClearITPendingBit                    0x0800da77   Thumb Code   162  stm32f10x_can.o(.text)
    FLASH_SetLatency                         0x0800db1d   Thumb Code    18  stm32f10x_flash.o(.text)
    FLASH_HalfCycleAccessCmd                 0x0800db2f   Thumb Code    22  stm32f10x_flash.o(.text)
    FLASH_PrefetchBufferCmd                  0x0800db45   Thumb Code    22  stm32f10x_flash.o(.text)
    FLASH_Unlock                             0x0800db5b   Thumb Code    12  stm32f10x_flash.o(.text)
    FLASH_UnlockBank1                        0x0800db67   Thumb Code    12  stm32f10x_flash.o(.text)
    FLASH_Lock                               0x0800db73   Thumb Code    14  stm32f10x_flash.o(.text)
    FLASH_LockBank1                          0x0800db81   Thumb Code    14  stm32f10x_flash.o(.text)
    FLASH_GetBank1Status                     0x0800db8f   Thumb Code    48  stm32f10x_flash.o(.text)
    FLASH_WaitForLastOperation               0x0800dbbf   Thumb Code    38  stm32f10x_flash.o(.text)
    FLASH_ErasePage                          0x0800dbe5   Thumb Code    72  stm32f10x_flash.o(.text)
    FLASH_EraseAllPages                      0x0800dc2d   Thumb Code    68  stm32f10x_flash.o(.text)
    FLASH_WaitForLastBank1Operation          0x0800dc71   Thumb Code    38  stm32f10x_flash.o(.text)
    FLASH_EraseAllBank1Pages                 0x0800dc97   Thumb Code    68  stm32f10x_flash.o(.text)
    FLASH_GetReadOutProtectionStatus         0x0800dcdb   Thumb Code    20  stm32f10x_flash.o(.text)
    FLASH_EraseOptionBytes                   0x0800dcef   Thumb Code   150  stm32f10x_flash.o(.text)
    FLASH_ProgramWord                        0x0800dd85   Thumb Code   102  stm32f10x_flash.o(.text)
    FLASH_ProgramHalfWord                    0x0800ddeb   Thumb Code    60  stm32f10x_flash.o(.text)
    FLASH_ProgramOptionByteData              0x0800de27   Thumb Code    72  stm32f10x_flash.o(.text)
    FLASH_EnableWriteProtection              0x0800de6f   Thumb Code   200  stm32f10x_flash.o(.text)
    FLASH_ReadOutProtection                  0x0800df37   Thumb Code   156  stm32f10x_flash.o(.text)
    FLASH_UserOptionByteConfig               0x0800dfd3   Thumb Code    88  stm32f10x_flash.o(.text)
    FLASH_GetUserOptionByte                  0x0800e02b   Thumb Code     8  stm32f10x_flash.o(.text)
    FLASH_GetWriteProtectionOptionByte       0x0800e033   Thumb Code     6  stm32f10x_flash.o(.text)
    FLASH_GetPrefetchBufferStatus            0x0800e039   Thumb Code    20  stm32f10x_flash.o(.text)
    FLASH_ITConfig                           0x0800e04d   Thumb Code    26  stm32f10x_flash.o(.text)
    FLASH_GetFlagStatus                      0x0800e067   Thumb Code    42  stm32f10x_flash.o(.text)
    FLASH_ClearFlag                          0x0800e091   Thumb Code     6  stm32f10x_flash.o(.text)
    FLASH_GetStatus                          0x0800e097   Thumb Code    48  stm32f10x_flash.o(.text)
    GPIO_DeInit                              0x0800e0d9   Thumb Code   172  stm32f10x_gpio.o(.text)
    GPIO_AFIODeInit                          0x0800e185   Thumb Code    20  stm32f10x_gpio.o(.text)
    GPIO_Init                                0x0800e199   Thumb Code   274  stm32f10x_gpio.o(.text)
    GPIO_StructInit                          0x0800e2ab   Thumb Code    16  stm32f10x_gpio.o(.text)
    GPIO_ReadInputDataBit                    0x0800e2bb   Thumb Code    18  stm32f10x_gpio.o(.text)
    GPIO_ReadInputData                       0x0800e2cd   Thumb Code     8  stm32f10x_gpio.o(.text)
    GPIO_ReadOutputDataBit                   0x0800e2d5   Thumb Code    18  stm32f10x_gpio.o(.text)
    GPIO_ReadOutputData                      0x0800e2e7   Thumb Code     8  stm32f10x_gpio.o(.text)
    GPIO_SetBits                             0x0800e2ef   Thumb Code     4  stm32f10x_gpio.o(.text)
    GPIO_ResetBits                           0x0800e2f3   Thumb Code     4  stm32f10x_gpio.o(.text)
    GPIO_WriteBit                            0x0800e2f7   Thumb Code    10  stm32f10x_gpio.o(.text)
    GPIO_Write                               0x0800e301   Thumb Code     4  stm32f10x_gpio.o(.text)
    GPIO_PinLockConfig                       0x0800e305   Thumb Code    18  stm32f10x_gpio.o(.text)
    GPIO_EventOutputConfig                   0x0800e317   Thumb Code    26  stm32f10x_gpio.o(.text)
    GPIO_EventOutputCmd                      0x0800e331   Thumb Code     6  stm32f10x_gpio.o(.text)
    GPIO_PinRemapConfig                      0x0800e337   Thumb Code   138  stm32f10x_gpio.o(.text)
    GPIO_EXTILineConfig                      0x0800e3c1   Thumb Code    66  stm32f10x_gpio.o(.text)
    GPIO_ETH_MediaInterfaceConfig            0x0800e403   Thumb Code     6  stm32f10x_gpio.o(.text)
    RCC_DeInit                               0x0800e431   Thumb Code    64  stm32f10x_rcc.o(.text)
    RCC_HSEConfig                            0x0800e471   Thumb Code    70  stm32f10x_rcc.o(.text)
    RCC_GetFlagStatus                        0x0800e4b7   Thumb Code    56  stm32f10x_rcc.o(.text)
    RCC_WaitForHSEStartUp                    0x0800e4ef   Thumb Code    56  stm32f10x_rcc.o(.text)
    RCC_AdjustHSICalibrationValue            0x0800e527   Thumb Code    20  stm32f10x_rcc.o(.text)
    RCC_HSICmd                               0x0800e53b   Thumb Code     6  stm32f10x_rcc.o(.text)
    RCC_PLLConfig                            0x0800e541   Thumb Code    24  stm32f10x_rcc.o(.text)
    RCC_PLLCmd                               0x0800e559   Thumb Code     6  stm32f10x_rcc.o(.text)
    RCC_SYSCLKConfig                         0x0800e55f   Thumb Code    18  stm32f10x_rcc.o(.text)
    RCC_GetSYSCLKSource                      0x0800e571   Thumb Code    10  stm32f10x_rcc.o(.text)
    RCC_HCLKConfig                           0x0800e57b   Thumb Code    18  stm32f10x_rcc.o(.text)
    RCC_PCLK1Config                          0x0800e58d   Thumb Code    18  stm32f10x_rcc.o(.text)
    RCC_PCLK2Config                          0x0800e59f   Thumb Code    20  stm32f10x_rcc.o(.text)
    RCC_ITConfig                             0x0800e5b3   Thumb Code    26  stm32f10x_rcc.o(.text)
    RCC_USBCLKConfig                         0x0800e5cd   Thumb Code     6  stm32f10x_rcc.o(.text)
    RCC_ADCCLKConfig                         0x0800e5d3   Thumb Code    18  stm32f10x_rcc.o(.text)
    RCC_LSEConfig                            0x0800e5e5   Thumb Code    44  stm32f10x_rcc.o(.text)
    RCC_LSICmd                               0x0800e611   Thumb Code     6  stm32f10x_rcc.o(.text)
    RCC_RTCCLKConfig                         0x0800e617   Thumb Code    12  stm32f10x_rcc.o(.text)
    RCC_RTCCLKCmd                            0x0800e623   Thumb Code     8  stm32f10x_rcc.o(.text)
    RCC_GetClocksFreq                        0x0800e62b   Thumb Code   192  stm32f10x_rcc.o(.text)
    RCC_AHBPeriphClockCmd                    0x0800e6eb   Thumb Code    26  stm32f10x_rcc.o(.text)
    RCC_APB2PeriphClockCmd                   0x0800e705   Thumb Code    26  stm32f10x_rcc.o(.text)
    RCC_APB1PeriphClockCmd                   0x0800e71f   Thumb Code    26  stm32f10x_rcc.o(.text)
    RCC_APB2PeriphResetCmd                   0x0800e739   Thumb Code    26  stm32f10x_rcc.o(.text)
    RCC_APB1PeriphResetCmd                   0x0800e753   Thumb Code    26  stm32f10x_rcc.o(.text)
    RCC_BackupResetCmd                       0x0800e76d   Thumb Code     8  stm32f10x_rcc.o(.text)
    RCC_ClockSecuritySystemCmd               0x0800e775   Thumb Code     6  stm32f10x_rcc.o(.text)
    RCC_MCOConfig                            0x0800e77b   Thumb Code     6  stm32f10x_rcc.o(.text)
    RCC_ClearFlag                            0x0800e781   Thumb Code    14  stm32f10x_rcc.o(.text)
    RCC_GetITStatus                          0x0800e78f   Thumb Code    20  stm32f10x_rcc.o(.text)
    RCC_ClearITPendingBit                    0x0800e7a3   Thumb Code     6  stm32f10x_rcc.o(.text)
    SPI_I2S_DeInit                           0x0800e7d5   Thumb Code    76  stm32f10x_spi.o(.text)
    SPI_Init                                 0x0800e821   Thumb Code    60  stm32f10x_spi.o(.text)
    I2S_Init                                 0x0800e85d   Thumb Code   226  stm32f10x_spi.o(.text)
    SPI_StructInit                           0x0800e93f   Thumb Code    24  stm32f10x_spi.o(.text)
    I2S_StructInit                           0x0800e957   Thumb Code    20  stm32f10x_spi.o(.text)
    SPI_Cmd                                  0x0800e96b   Thumb Code    24  stm32f10x_spi.o(.text)
    I2S_Cmd                                  0x0800e983   Thumb Code    24  stm32f10x_spi.o(.text)
    SPI_I2S_ITConfig                         0x0800e99b   Thumb Code    32  stm32f10x_spi.o(.text)
    SPI_I2S_DMACmd                           0x0800e9bb   Thumb Code    18  stm32f10x_spi.o(.text)
    SPI_I2S_SendData                         0x0800e9cd   Thumb Code     4  stm32f10x_spi.o(.text)
    SPI_I2S_ReceiveData                      0x0800e9d1   Thumb Code     6  stm32f10x_spi.o(.text)
    SPI_NSSInternalSoftwareConfig            0x0800e9d7   Thumb Code    30  stm32f10x_spi.o(.text)
    SPI_SSOutputCmd                          0x0800e9f5   Thumb Code    24  stm32f10x_spi.o(.text)
    SPI_DataSizeConfig                       0x0800ea0d   Thumb Code    18  stm32f10x_spi.o(.text)
    SPI_TransmitCRC                          0x0800ea1f   Thumb Code    10  stm32f10x_spi.o(.text)
    SPI_CalculateCRC                         0x0800ea29   Thumb Code    24  stm32f10x_spi.o(.text)
    SPI_GetCRC                               0x0800ea41   Thumb Code    16  stm32f10x_spi.o(.text)
    SPI_GetCRCPolynomial                     0x0800ea51   Thumb Code     6  stm32f10x_spi.o(.text)
    SPI_BiDirectionalLineConfig              0x0800ea57   Thumb Code    28  stm32f10x_spi.o(.text)
    SPI_I2S_GetFlagStatus                    0x0800ea73   Thumb Code    18  stm32f10x_spi.o(.text)
    SPI_I2S_ClearFlag                        0x0800ea85   Thumb Code     6  stm32f10x_spi.o(.text)
    SPI_I2S_GetITStatus                      0x0800ea8b   Thumb Code    52  stm32f10x_spi.o(.text)
    SPI_I2S_ClearITPendingBit                0x0800eabf   Thumb Code    20  stm32f10x_spi.o(.text)
    TIM_DeInit                               0x0800eae1   Thumb Code   424  stm32f10x_tim.o(.text)
    TIM_TimeBaseInit                         0x0800ec89   Thumb Code   122  stm32f10x_tim.o(.text)
    TIM_OC1Init                              0x0800ed03   Thumb Code   132  stm32f10x_tim.o(.text)
    TIM_OC2Init                              0x0800ed87   Thumb Code   154  stm32f10x_tim.o(.text)
    TIM_OC3Init                              0x0800ee21   Thumb Code   150  stm32f10x_tim.o(.text)
    TIM_OC4Init                              0x0800eeb7   Thumb Code   182  stm32f10x_tim.o(.text)
    TIM_SetIC4Prescaler                      0x0800ef6d   Thumb Code    26  stm32f10x_tim.o(.text)
    TIM_SetIC3Prescaler                      0x0800f009   Thumb Code    18  stm32f10x_tim.o(.text)
    TIM_SetIC2Prescaler                      0x0800f095   Thumb Code    26  stm32f10x_tim.o(.text)
    TIM_SetIC1Prescaler                      0x0800f131   Thumb Code    18  stm32f10x_tim.o(.text)
    TIM_ICInit                               0x0800f1af   Thumb Code   150  stm32f10x_tim.o(.text)
    TIM_PWMIConfig                           0x0800f245   Thumb Code   124  stm32f10x_tim.o(.text)
    TIM_BDTRConfig                           0x0800f2c1   Thumb Code    32  stm32f10x_tim.o(.text)
    TIM_TimeBaseStructInit                   0x0800f2e1   Thumb Code    18  stm32f10x_tim.o(.text)
    TIM_OCStructInit                         0x0800f2f3   Thumb Code    20  stm32f10x_tim.o(.text)
    TIM_ICStructInit                         0x0800f307   Thumb Code    18  stm32f10x_tim.o(.text)
    TIM_BDTRStructInit                       0x0800f319   Thumb Code    40  stm32f10x_tim.o(.text)
    TIM_Cmd                                  0x0800f341   Thumb Code    24  stm32f10x_tim.o(.text)
    TIM_CtrlPWMOutputs                       0x0800f359   Thumb Code    30  stm32f10x_tim.o(.text)
    TIM_ITConfig                             0x0800f377   Thumb Code    18  stm32f10x_tim.o(.text)
    TIM_GenerateEvent                        0x0800f389   Thumb Code     4  stm32f10x_tim.o(.text)
    TIM_DMAConfig                            0x0800f38d   Thumb Code    10  stm32f10x_tim.o(.text)
    TIM_DMACmd                               0x0800f397   Thumb Code    18  stm32f10x_tim.o(.text)
    TIM_InternalClockConfig                  0x0800f3a9   Thumb Code    12  stm32f10x_tim.o(.text)
    TIM_SelectInputTrigger                   0x0800f3b5   Thumb Code    18  stm32f10x_tim.o(.text)
    TIM_ITRxExternalClockConfig              0x0800f3c7   Thumb Code    24  stm32f10x_tim.o(.text)
    TIM_TIxExternalClockConfig               0x0800f3df   Thumb Code    62  stm32f10x_tim.o(.text)
    TIM_ETRConfig                            0x0800f41d   Thumb Code    28  stm32f10x_tim.o(.text)
    TIM_ETRClockMode1Config                  0x0800f439   Thumb Code    54  stm32f10x_tim.o(.text)
    TIM_ETRClockMode2Config                  0x0800f46f   Thumb Code    32  stm32f10x_tim.o(.text)
    TIM_PrescalerConfig                      0x0800f48f   Thumb Code     6  stm32f10x_tim.o(.text)
    TIM_CounterModeConfig                    0x0800f495   Thumb Code    18  stm32f10x_tim.o(.text)
    TIM_EncoderInterfaceConfig               0x0800f4a7   Thumb Code    66  stm32f10x_tim.o(.text)
    TIM_ForcedOC1Config                      0x0800f4e9   Thumb Code    18  stm32f10x_tim.o(.text)
    TIM_ForcedOC2Config                      0x0800f4fb   Thumb Code    26  stm32f10x_tim.o(.text)
    TIM_ForcedOC3Config                      0x0800f515   Thumb Code    18  stm32f10x_tim.o(.text)
    TIM_ForcedOC4Config                      0x0800f527   Thumb Code    26  stm32f10x_tim.o(.text)
    TIM_ARRPreloadConfig                     0x0800f541   Thumb Code    24  stm32f10x_tim.o(.text)
    TIM_SelectCOM                            0x0800f559   Thumb Code    24  stm32f10x_tim.o(.text)
    TIM_SelectCCDMA                          0x0800f571   Thumb Code    24  stm32f10x_tim.o(.text)
    TIM_CCPreloadControl                     0x0800f589   Thumb Code    24  stm32f10x_tim.o(.text)
    TIM_OC1PreloadConfig                     0x0800f5a1   Thumb Code    18  stm32f10x_tim.o(.text)
    TIM_OC2PreloadConfig                     0x0800f5b3   Thumb Code    26  stm32f10x_tim.o(.text)
    TIM_OC3PreloadConfig                     0x0800f5cd   Thumb Code    18  stm32f10x_tim.o(.text)
    TIM_OC4PreloadConfig                     0x0800f5df   Thumb Code    26  stm32f10x_tim.o(.text)
    TIM_OC1FastConfig                        0x0800f5f9   Thumb Code    18  stm32f10x_tim.o(.text)
    TIM_OC2FastConfig                        0x0800f60b   Thumb Code    26  stm32f10x_tim.o(.text)
    TIM_OC3FastConfig                        0x0800f625   Thumb Code    18  stm32f10x_tim.o(.text)
    TIM_OC4FastConfig                        0x0800f637   Thumb Code    26  stm32f10x_tim.o(.text)
    TIM_ClearOC1Ref                          0x0800f651   Thumb Code    18  stm32f10x_tim.o(.text)
    TIM_ClearOC2Ref                          0x0800f663   Thumb Code    24  stm32f10x_tim.o(.text)
    TIM_ClearOC3Ref                          0x0800f67b   Thumb Code    18  stm32f10x_tim.o(.text)
    TIM_ClearOC4Ref                          0x0800f68d   Thumb Code    24  stm32f10x_tim.o(.text)
    TIM_OC1PolarityConfig                    0x0800f6a5   Thumb Code    18  stm32f10x_tim.o(.text)
    TIM_OC1NPolarityConfig                   0x0800f6b7   Thumb Code    18  stm32f10x_tim.o(.text)
    TIM_OC2PolarityConfig                    0x0800f6c9   Thumb Code    26  stm32f10x_tim.o(.text)
    TIM_OC2NPolarityConfig                   0x0800f6e3   Thumb Code    26  stm32f10x_tim.o(.text)
    TIM_OC3PolarityConfig                    0x0800f6fd   Thumb Code    26  stm32f10x_tim.o(.text)
    TIM_OC3NPolarityConfig                   0x0800f717   Thumb Code    26  stm32f10x_tim.o(.text)
    TIM_OC4PolarityConfig                    0x0800f731   Thumb Code    26  stm32f10x_tim.o(.text)
    TIM_CCxCmd                               0x0800f74b   Thumb Code    30  stm32f10x_tim.o(.text)
    TIM_CCxNCmd                              0x0800f769   Thumb Code    30  stm32f10x_tim.o(.text)
    TIM_SelectOCxM                           0x0800f787   Thumb Code    82  stm32f10x_tim.o(.text)
    TIM_UpdateDisableConfig                  0x0800f7d9   Thumb Code    24  stm32f10x_tim.o(.text)
    TIM_UpdateRequestConfig                  0x0800f7f1   Thumb Code    24  stm32f10x_tim.o(.text)
    TIM_SelectHallSensor                     0x0800f809   Thumb Code    24  stm32f10x_tim.o(.text)
    TIM_SelectOnePulseMode                   0x0800f821   Thumb Code    18  stm32f10x_tim.o(.text)
    TIM_SelectOutputTrigger                  0x0800f833   Thumb Code    18  stm32f10x_tim.o(.text)
    TIM_SelectSlaveMode                      0x0800f845   Thumb Code    18  stm32f10x_tim.o(.text)
    TIM_SelectMasterSlaveMode                0x0800f857   Thumb Code    18  stm32f10x_tim.o(.text)
    TIM_SetCounter                           0x0800f869   Thumb Code     4  stm32f10x_tim.o(.text)
    TIM_SetAutoreload                        0x0800f86d   Thumb Code     4  stm32f10x_tim.o(.text)
    TIM_SetCompare1                          0x0800f871   Thumb Code     4  stm32f10x_tim.o(.text)
    TIM_SetCompare2                          0x0800f875   Thumb Code     4  stm32f10x_tim.o(.text)
    TIM_SetCompare3                          0x0800f879   Thumb Code     4  stm32f10x_tim.o(.text)
    TIM_SetCompare4                          0x0800f87d   Thumb Code     6  stm32f10x_tim.o(.text)
    TIM_SetClockDivision                     0x0800f883   Thumb Code    18  stm32f10x_tim.o(.text)
    TIM_GetCapture1                          0x0800f895   Thumb Code     6  stm32f10x_tim.o(.text)
    TIM_GetCapture2                          0x0800f89b   Thumb Code     6  stm32f10x_tim.o(.text)
    TIM_GetCapture3                          0x0800f8a1   Thumb Code     6  stm32f10x_tim.o(.text)
    TIM_GetCapture4                          0x0800f8a7   Thumb Code     8  stm32f10x_tim.o(.text)
    TIM_GetCounter                           0x0800f8af   Thumb Code     6  stm32f10x_tim.o(.text)
    TIM_GetPrescaler                         0x0800f8b5   Thumb Code     6  stm32f10x_tim.o(.text)
    TIM_GetFlagStatus                        0x0800f8bb   Thumb Code    18  stm32f10x_tim.o(.text)
    TIM_ClearFlag                            0x0800f8cd   Thumb Code     6  stm32f10x_tim.o(.text)
    TIM_GetITStatus                          0x0800f8d3   Thumb Code    34  stm32f10x_tim.o(.text)
    TIM_ClearITPendingBit                    0x0800f8f5   Thumb Code     6  stm32f10x_tim.o(.text)
    USART_DeInit                             0x0800f8fd   Thumb Code   134  stm32f10x_usart.o(.text)
    USART_Init                               0x0800f983   Thumb Code   210  stm32f10x_usart.o(.text)
    USART_StructInit                         0x0800fa55   Thumb Code    24  stm32f10x_usart.o(.text)
    USART_ClockInit                          0x0800fa6d   Thumb Code    34  stm32f10x_usart.o(.text)
    USART_ClockStructInit                    0x0800fa8f   Thumb Code    12  stm32f10x_usart.o(.text)
    USART_Cmd                                0x0800fa9b   Thumb Code    24  stm32f10x_usart.o(.text)
    USART_ITConfig                           0x0800fab3   Thumb Code    74  stm32f10x_usart.o(.text)
    USART_DMACmd                             0x0800fafd   Thumb Code    18  stm32f10x_usart.o(.text)
    USART_SetAddress                         0x0800fb0f   Thumb Code    18  stm32f10x_usart.o(.text)
    USART_WakeUpConfig                       0x0800fb21   Thumb Code    18  stm32f10x_usart.o(.text)
    USART_ReceiverWakeUpCmd                  0x0800fb33   Thumb Code    24  stm32f10x_usart.o(.text)
    USART_LINBreakDetectLengthConfig         0x0800fb4b   Thumb Code    18  stm32f10x_usart.o(.text)
    USART_LINCmd                             0x0800fb5d   Thumb Code    24  stm32f10x_usart.o(.text)
    USART_SendData                           0x0800fb75   Thumb Code     8  stm32f10x_usart.o(.text)
    USART_ReceiveData                        0x0800fb7d   Thumb Code    10  stm32f10x_usart.o(.text)
    USART_SendBreak                          0x0800fb87   Thumb Code    10  stm32f10x_usart.o(.text)
    USART_SetGuardTime                       0x0800fb91   Thumb Code    16  stm32f10x_usart.o(.text)
    USART_SetPrescaler                       0x0800fba1   Thumb Code    16  stm32f10x_usart.o(.text)
    USART_SmartCardCmd                       0x0800fbb1   Thumb Code    24  stm32f10x_usart.o(.text)
    USART_SmartCardNACKCmd                   0x0800fbc9   Thumb Code    24  stm32f10x_usart.o(.text)
    USART_HalfDuplexCmd                      0x0800fbe1   Thumb Code    24  stm32f10x_usart.o(.text)
    USART_OverSampling8Cmd                   0x0800fbf9   Thumb Code    22  stm32f10x_usart.o(.text)
    USART_OneBitMethodCmd                    0x0800fc0f   Thumb Code    24  stm32f10x_usart.o(.text)
    USART_IrDAConfig                         0x0800fc27   Thumb Code    18  stm32f10x_usart.o(.text)
    USART_IrDACmd                            0x0800fc39   Thumb Code    24  stm32f10x_usart.o(.text)
    USART_GetFlagStatus                      0x0800fc51   Thumb Code    26  stm32f10x_usart.o(.text)
    USART_ClearFlag                          0x0800fc6b   Thumb Code    18  stm32f10x_usart.o(.text)
    USART_GetITStatus                        0x0800fc7d   Thumb Code    84  stm32f10x_usart.o(.text)
    USART_ClearITPendingBit                  0x0800fcd1   Thumb Code    52  stm32f10x_usart.o(.text)
    OS_CPU_SR_Save                           0x0800fd05   Thumb Code     0  os_cpu_a.o(.text)
    OS_CPU_SR_Restore                        0x0800fd0d   Thumb Code     0  os_cpu_a.o(.text)
    OSStartHighRdy                           0x0800fd13   Thumb Code     0  os_cpu_a.o(.text)
    OSCtxSw                                  0x0800fd3b   Thumb Code     0  os_cpu_a.o(.text)
    OSIntCtxSw                               0x0800fd45   Thumb Code     0  os_cpu_a.o(.text)
    OS_CPU_PendSVHandler                     0x0800fd4f   Thumb Code     0  os_cpu_a.o(.text)
    OSInitHookBegin                          0x0800fdb5   Thumb Code    24  os_cpu_c.o(.text)
    OSInitHookEnd                            0x0800fdcd   Thumb Code     2  os_cpu_c.o(.text)
    OSTaskCreateHook                         0x0800fdcf   Thumb Code     2  os_cpu_c.o(.text)
    OSTaskDelHook                            0x0800fdd1   Thumb Code     2  os_cpu_c.o(.text)
    OSTaskIdleHook                           0x0800fdd3   Thumb Code     2  os_cpu_c.o(.text)
    OSTaskReturnHook                         0x0800fdd5   Thumb Code     2  os_cpu_c.o(.text)
    OSTaskStatHook                           0x0800fdd7   Thumb Code     2  os_cpu_c.o(.text)
    OSTaskStkInit                            0x0800fdd9   Thumb Code   152  os_cpu_c.o(.text)
    OSTaskSwHook                             0x0800fe71   Thumb Code     2  os_cpu_c.o(.text)
    OSTCBInitHook                            0x0800fe73   Thumb Code     2  os_cpu_c.o(.text)
    OSTimeTickHook                           0x0800fe75   Thumb Code     2  os_cpu_c.o(.text)
    OS_StrLen                                0x0800fe89   Thumb Code    20  os_core.o(.text)
    OSEventNameGet                           0x0800fe9d   Thumb Code    98  os_core.o(.text)
    OSEventNameSet                           0x0800feff   Thumb Code    84  os_core.o(.text)
    OS_TaskStatStkChk                        0x0800ff53   Thumb Code    54  os_core.o(.text)
    OS_TaskStat                              0x0800ff89   Thumb Code   140  os_core.o(.text)
    OS_TaskIdle                              0x08010049   Thumb Code    34  os_core.o(.text)
    OS_MemClr                                0x0801009f   Thumb Code    18  os_core.o(.text)
    OSInit                                   0x080101cb   Thumb Code    48  os_core.o(.text)
    OSIntEnter                               0x080101fb   Thumb Code    28  os_core.o(.text)
    OSIntExit                                0x08010231   Thumb Code   264  os_core.o(.text)
    OSSchedLock                              0x08010339   Thumb Code    50  os_core.o(.text)
    OS_Sched                                 0x0801036b   Thumb Code    88  os_core.o(.text)
    OSSchedUnlock                            0x080103c3   Thumb Code    82  os_core.o(.text)
    OSStart                                  0x08010415   Thumb Code    48  os_core.o(.text)
    OSStatInit                               0x08010445   Thumb Code    62  os_core.o(.text)
    OSTimeTick                               0x08010483   Thumb Code   218  os_core.o(.text)
    OSVersion                                0x0801055d   Thumb Code     6  os_core.o(.text)
    OS_Dummy                                 0x08010563   Thumb Code     2  os_core.o(.text)
    OS_EventTaskRemove                       0x08010565   Thumb Code    42  os_core.o(.text)
    OS_EventTaskRdy                          0x0801058f   Thumb Code   118  os_core.o(.text)
    OS_EventTaskWait                         0x08010605   Thumb Code   112  os_core.o(.text)
    OS_EventWaitListInit                     0x08010675   Thumb Code    28  os_core.o(.text)
    OS_MemCopy                               0x08010691   Thumb Code    20  os_core.o(.text)
    OS_TCBInit                               0x080106a5   Thumb Code   386  os_core.o(.text)
    OSFlagAccept                             0x0801083d   Thumb Code   252  os_flag.o(.text)
    OSFlagCreate                             0x08010939   Thumb Code    86  os_flag.o(.text)
    OS_FlagUnlink                            0x0801098f   Thumb Code    36  os_flag.o(.text)
    OSFlagDel                                0x08010a15   Thumb Code   216  os_flag.o(.text)
    OSFlagNameGet                            0x08010aed   Thumb Code    80  os_flag.o(.text)
    OSFlagNameSet                            0x08010b3d   Thumb Code    66  os_flag.o(.text)
    OSFlagPend                               0x08010c17   Thumb Code   614  os_flag.o(.text)
    OSFlagPendGetFlagsRdy                    0x08010e7d   Thumb Code    26  os_flag.o(.text)
    OSFlagPost                               0x08010e97   Thumb Code   320  os_flag.o(.text)
    OSFlagQuery                              0x08010fd7   Thumb Code    48  os_flag.o(.text)
    OS_FlagInit                              0x08011007   Thumb Code    78  os_flag.o(.text)
    OSMboxAccept                             0x08011061   Thumb Code    38  os_mbox.o(.text)
    OSMboxCreate                             0x08011087   Thumb Code    72  os_mbox.o(.text)
    OSMboxDel                                0x080110cf   Thumb Code   210  os_mbox.o(.text)
    OSMboxPend                               0x080111a1   Thumb Code   246  os_mbox.o(.text)
    OSMboxPendAbort                          0x08011297   Thumb Code   126  os_mbox.o(.text)
    OSMboxPost                               0x08011315   Thumb Code    80  os_mbox.o(.text)
    OSMboxPostOpt                            0x08011365   Thumb Code   120  os_mbox.o(.text)
    OSMboxQuery                              0x080113dd   Thumb Code    76  os_mbox.o(.text)
    OSMemCreate                              0x0801143d   Thumb Code   118  os_mem.o(.text)
    OSMemGet                                 0x080114b3   Thumb Code    62  os_mem.o(.text)
    OSMemNameGet                             0x080114f1   Thumb Code    60  os_mem.o(.text)
    OSMemNameSet                             0x0801152d   Thumb Code    48  os_mem.o(.text)
    OSMemPut                                 0x0801155d   Thumb Code    54  os_mem.o(.text)
    OSMemQuery                               0x08011593   Thumb Code    52  os_mem.o(.text)
    OS_MemInit                               0x080115c7   Thumb Code    74  os_mem.o(.text)
    OSQAccept                                0x08011621   Thumb Code    88  os_q.o(.text)
    OSQCreate                                0x08011679   Thumb Code   144  os_q.o(.text)
    OSQDel                                   0x08011709   Thumb Code   244  os_q.o(.text)
    OSQFlush                                 0x080117fd   Thumb Code    36  os_q.o(.text)
    OSQPend                                  0x08011821   Thumb Code   272  os_q.o(.text)
    OSQPendAbort                             0x08011931   Thumb Code   126  os_q.o(.text)
    OSQPost                                  0x080119af   Thumb Code   114  os_q.o(.text)
    OSQPostFront                             0x08011a21   Thumb Code   142  os_q.o(.text)
    OSQPostOpt                               0x08011aaf   Thumb Code   182  os_q.o(.text)
    OSQQuery                                 0x08011b65   Thumb Code    98  os_q.o(.text)
    OS_QInit                                 0x08011bc7   Thumb Code    74  os_q.o(.text)
    OSTaskChangePrio                         0x08011c19   Thumb Code   310  os_task.o(.text)
    OSTaskCreate                             0x08011d4f   Thumb Code   148  os_task.o(.text)
    OS_TaskStkClr                            0x08011de3   Thumb Code    26  os_task.o(.text)
    OSTaskCreateExt                          0x08011dfd   Thumb Code   170  os_task.o(.text)
    OSTaskDel                                0x08011ea7   Thumb Code   294  os_task.o(.text)
    OSTaskDelReq                             0x08011fcd   Thumb Code   146  os_task.o(.text)
    OSTaskNameGet                            0x0801205f   Thumb Code   114  os_task.o(.text)
    OSTaskNameSet                            0x080120d1   Thumb Code    98  os_task.o(.text)
    OSTaskResume                             0x08012133   Thumb Code   160  os_task.o(.text)
    OSTaskStkChk                             0x080121d3   Thumb Code   128  os_task.o(.text)
    OSTaskSuspend                            0x08012253   Thumb Code   152  os_task.o(.text)
    OSTaskQuery                              0x080122eb   Thumb Code    82  os_task.o(.text)
    OSTaskRegGet                             0x0801233d   Thumb Code    60  os_task.o(.text)
    OSTaskRegGetID                           0x08012379   Thumb Code    58  os_task.o(.text)
    OSTaskRegSet                             0x080123b3   Thumb Code    62  os_task.o(.text)
    OS_TaskReturn                            0x080123f1   Thumb Code    18  os_task.o(.text)
    OSTimeDly                                0x08012421   Thumb Code   100  os_time.o(.text)
    OSTimeDlyHMSM                            0x08012485   Thumb Code    86  os_time.o(.text)
    OSTimeDlyResume                          0x080124db   Thumb Code   176  os_time.o(.text)
    OSTimeGet                                0x0801258b   Thumb Code    24  os_time.o(.text)
    OSTimeSet                                0x080125a3   Thumb Code    24  os_time.o(.text)
    wizchip_cris_enter                       0x080125d9   Thumb Code     2  wizchip_conf.o(.text)
    wizchip_cris_exit                        0x080125db   Thumb Code     2  wizchip_conf.o(.text)
    wizchip_cs_select                        0x080125dd   Thumb Code     2  wizchip_conf.o(.text)
    wizchip_cs_deselect                      0x080125df   Thumb Code     2  wizchip_conf.o(.text)
    wizchip_bus_readbyte                     0x080125e1   Thumb Code     6  wizchip_conf.o(.text)
    wizchip_bus_writebyte                    0x080125e7   Thumb Code     4  wizchip_conf.o(.text)
    wizchip_spi_readbyte                     0x080125eb   Thumb Code     4  wizchip_conf.o(.text)
    wizchip_spi_writebyte                    0x080125ef   Thumb Code     2  wizchip_conf.o(.text)
    reg_wizchip_cris_cbfunc                  0x080125f1   Thumb Code    30  wizchip_conf.o(.text)
    reg_wizchip_cs_cbfunc                    0x0801260f   Thumb Code    30  wizchip_conf.o(.text)
    reg_wizchip_bus_cbfunc                   0x0801262d   Thumb Code    42  wizchip_conf.o(.text)
    reg_wizchip_spi_cbfunc                   0x08012657   Thumb Code    42  wizchip_conf.o(.text)
    wizphy_getphylink                        0x08012681   Thumb Code    26  wizchip_conf.o(.text)
    wizphy_getphypmode                       0x0801269b   Thumb Code    28  wizchip_conf.o(.text)
    wizphy_reset                             0x080126b7   Thumb Code    52  wizchip_conf.o(.text)
    wizphy_setphypmode                       0x080126eb   Thumb Code   100  wizchip_conf.o(.text)
    wizphy_getphyconf                        0x0801274f   Thumb Code   120  wizchip_conf.o(.text)
    wizphy_setphyconf                        0x080127c7   Thumb Code    86  wizchip_conf.o(.text)
    wizchip_getinterruptmask                 0x0801281d   Thumb Code    40  wizchip_conf.o(.text)
    wizchip_setinterruptmask                 0x08012845   Thumb Code    30  wizchip_conf.o(.text)
    wizchip_getinterrupt                     0x08012863   Thumb Code    42  wizchip_conf.o(.text)
    wizchip_clrinterrupt                     0x0801288d   Thumb Code    32  wizchip_conf.o(.text)
    wizchip_sw_reset                         0x080128ad   Thumb Code   114  wizchip_conf.o(.text)
    wizchip_init                             0x0801291f   Thumb Code   144  wizchip_conf.o(.text)
    ctlwizchip                               0x080129af   Thumb Code   276  wizchip_conf.o(.text)
    wizchip_gettimeout                       0x08012ac3   Thumb Code    40  wizchip_conf.o(.text)
    wizchip_settimeout                       0x08012aeb   Thumb Code    38  wizchip_conf.o(.text)
    wizchip_getnetmode                       0x08012b11   Thumb Code    10  wizchip_conf.o(.text)
    wizchip_setnetmode                       0x08012b1b   Thumb Code    38  wizchip_conf.o(.text)
    wizchip_getnetinfo                       0x08012b41   Thumb Code    94  wizchip_conf.o(.text)
    wizchip_setnetinfo                       0x08012b9f   Thumb Code    90  wizchip_conf.o(.text)
    ctlnetwork                               0x08012bf9   Thumb Code    80  wizchip_conf.o(.text)
    wizphy_getphystat                        0x08012c49   Thumb Code    28  wizchip_conf.o(.text)
    close                                    0x08012c71   Thumb Code   128  socket.o(.text)
    socket                                   0x08012cf1   Thumb Code   346  socket.o(.text)
    listen                                   0x08012e4b   Thumb Code   176  socket.o(.text)
    connect                                  0x08012efb   Thumb Code   340  socket.o(.text)
    disconnect                               0x0801304f   Thumb Code   202  socket.o(.text)
    send                                     0x08013119   Thumb Code   374  socket.o(.text)
    recv                                     0x0801328f   Thumb Code   294  socket.o(.text)
    sendto                                   0x080133b5   Thumb Code   470  socket.o(.text)
    recvfrom                                 0x0801358b   Thumb Code   602  socket.o(.text)
    ctlsocket                                0x080137e5   Thumb Code   306  socket.o(.text)
    setsockopt                               0x08013917   Thumb Code   398  socket.o(.text)
    getsockopt                               0x08013aa5   Thumb Code   408  socket.o(.text)
    SPI_Configuration                        0x08013c9b   Thumb Code    84  spi.o(.text)
    SPI_WriteByte                            0x08013cef   Thumb Code    34  spi.o(.text)
    SPI_ReadByte                             0x08013d11   Thumb Code    38  spi.o(.text)
    SPI_CrisEnter                            0x08013d37   Thumb Code    10  spi.o(.text)
    SPI_CrisExit                             0x08013d41   Thumb Code    10  spi.o(.text)
    SPI_CS_Select                            0x08013d4b   Thumb Code    12  spi.o(.text)
    SPI_CS_Deselect                          0x08013d57   Thumb Code    12  spi.o(.text)
    WIZCHIP_READ                             0x08013d6d   Thumb Code    70  w5500.o(.text)
    WIZCHIP_WRITE                            0x08013db3   Thumb Code    72  w5500.o(.text)
    WIZCHIP_READ_BUF                         0x08013dfb   Thumb Code    92  w5500.o(.text)
    WIZCHIP_WRITE_BUF                        0x08013e57   Thumb Code    94  w5500.o(.text)
    getSn_TX_FSR                             0x08013eb5   Thumb Code   108  w5500.o(.text)
    getSn_RX_RSR                             0x08013f21   Thumb Code   108  w5500.o(.text)
    wiz_send_data                            0x08013f8d   Thumb Code   132  w5500.o(.text)
    wiz_recv_data                            0x08014011   Thumb Code   132  w5500.o(.text)
    wiz_recv_ignore                          0x08014095   Thumb Code   102  w5500.o(.text)
    C2D                                      0x08014101   Thumb Code    54  util.o(.text)
    ATOI                                     0x08014137   Thumb Code    32  util.o(.text)
    ATOI32                                   0x08014157   Thumb Code    32  util.o(.text)
    itoa                                     0x08014177   Thumb Code    60  util.o(.text)
    ValidATOI                                0x080141b3   Thumb Code    72  util.o(.text)
    replacetochar                            0x080141fb   Thumb Code    26  util.o(.text)
    swaps                                    0x08014215   Thumb Code    16  util.o(.text)
    swapl                                    0x08014225   Thumb Code    28  util.o(.text)
    mid                                      0x08014241   Thumb Code    64  util.o(.text)
    inet_addr_                               0x08014281   Thumb Code    90  util.o(.text)
    unescape_http_url                        0x080142e1   Thumb Code    62  httpd.o(.text)
    make_http_response_head                  0x0801431f   Thumb Code   110  httpd.o(.text)
    find_http_uri_type                       0x0801438d   Thumb Code   258  httpd.o(.text)
    parse_http_request                       0x0801448f   Thumb Code   156  httpd.o(.text)
    get_http_param_value                     0x0801452b   Thumb Code   182  httpd.o(.text)
    make_cgi_response                        0x0801493f   Thumb Code    34  httputil.o(.text)
    nn2                                      0x08014961   Thumb Code    24  httputil.o(.text)
    app_addr_                                0x08014979   Thumb Code   254  httputil.o(.text)
    cgi_ipconfig                             0x08014a77   Thumb Code  1004  httputil.o(.text)
    proc_http                                0x08014e63   Thumb Code   454  httputil.o(.text)
    do_http                                  0x08015029   Thumb Code   484  httputil.o(.text)
    transport_getdata                        0x0801520d   Thumb Code    20  transport.o(.text)
    transport_close                          0x08015221   Thumb Code    14  transport.o(.text)
    MQTT_Connect                             0x0801522f   Thumb Code   130  transport.o(.text)
    mqtt_publish                             0x080152b1   Thumb Code    82  transport.o(.text)
    mqtt_subscrib                            0x08015303   Thumb Code    76  transport.o(.text)
    mqtt_pingreq                             0x0801534f   Thumb Code    78  transport.o(.text)
    MQTTSerialize_connectLength              0x080153a9   Thumb Code   118  mqttconnectclient.o(.text)
    MQTTSerialize_connect                    0x0801541f   Thumb Code   342  mqttconnectclient.o(.text)
    MQTTDeserialize_connack                  0x08015575   Thumb Code   118  mqttconnectclient.o(.text)
    MQTTSerialize_zero                       0x080155eb   Thumb Code    76  mqttconnectclient.o(.text)
    MQTTSerialize_disconnect                 0x08015637   Thumb Code    18  mqttconnectclient.o(.text)
    MQTTSerialize_pingreq                    0x08015649   Thumb Code    18  mqttconnectclient.o(.text)
    MQTTDeserialize_publish                  0x0801566d   Thumb Code   168  mqttdeserializepublish.o(.text)
    MQTTDeserialize_ack                      0x08015715   Thumb Code   108  mqttdeserializepublish.o(.text)
    MQTTPacket_encode                        0x08015781   Thumb Code    54  mqttpacket.o(.text)
    MQTTPacket_decode                        0x080157b7   Thumb Code    86  mqttpacket.o(.text)
    MQTTPacket_len                           0x0801580d   Thumb Code    34  mqttpacket.o(.text)
    bufchar                                  0x0801582f   Thumb Code    36  mqttpacket.o(.text)
    MQTTPacket_decodeBuf                     0x08015853   Thumb Code    22  mqttpacket.o(.text)
    readInt                                  0x08015869   Thumb Code    26  mqttpacket.o(.text)
    readChar                                 0x08015883   Thumb Code    14  mqttpacket.o(.text)
    writeChar                                0x08015891   Thumb Code    12  mqttpacket.o(.text)
    writeInt                                 0x0801589d   Thumb Code    48  mqttpacket.o(.text)
    writeCString                             0x080158cd   Thumb Code    40  mqttpacket.o(.text)
    getLenStringLen                          0x080158f5   Thumb Code    18  mqttpacket.o(.text)
    writeMQTTString                          0x08015907   Thumb Code    62  mqttpacket.o(.text)
    readMQTTLenString                        0x08015945   Thumb Code    58  mqttpacket.o(.text)
    MQTTstrlen                               0x0801597f   Thumb Code    24  mqttpacket.o(.text)
    MQTTPacket_equals                        0x08015997   Thumb Code    66  mqttpacket.o(.text)
    MQTTPacket_read                          0x080159d9   Thumb Code    98  mqttpacket.o(.text)
    MQTTPacket_readnb                        0x08015a9f   Thumb Code   200  mqttpacket.o(.text)
    MQTTSerialize_publishLength              0x08015b71   Thumb Code    34  mqttserializepublish.o(.text)
    MQTTSerialize_publish                    0x08015b93   Thumb Code   176  mqttserializepublish.o(.text)
    MQTTSerialize_ack                        0x08015c43   Thumb Code   114  mqttserializepublish.o(.text)
    MQTTSerialize_puback                     0x08015cb5   Thumb Code    24  mqttserializepublish.o(.text)
    MQTTSerialize_pubrel                     0x08015ccd   Thumb Code    26  mqttserializepublish.o(.text)
    MQTTSerialize_pubcomp                    0x08015ce7   Thumb Code    24  mqttserializepublish.o(.text)
    MQTTSerialize_subscribeLength            0x08015cff   Thumb Code    46  mqttsubscribeclient.o(.text)
    MQTTSerialize_subscribe                  0x08015d2d   Thumb Code   176  mqttsubscribeclient.o(.text)
    MQTTDeserialize_suback                   0x08015ddd   Thumb Code   146  mqttsubscribeclient.o(.text)
    tolower                                  0x08015e6f   Thumb Code    12  tolower.o(.text)
    __aeabi_memcpy                           0x08015e7b   Thumb Code    36  memcpya.o(.text)
    __aeabi_memcpy4                          0x08015e7b   Thumb Code     0  memcpya.o(.text)
    __aeabi_memcpy8                          0x08015e7b   Thumb Code     0  memcpya.o(.text)
    __aeabi_memset                           0x08015e9f   Thumb Code    14  memseta.o(.text)
    __aeabi_memset4                          0x08015e9f   Thumb Code     0  memseta.o(.text)
    __aeabi_memset8                          0x08015e9f   Thumb Code     0  memseta.o(.text)
    __aeabi_memclr                           0x08015ead   Thumb Code     4  memseta.o(.text)
    __aeabi_memclr4                          0x08015ead   Thumb Code     0  memseta.o(.text)
    __aeabi_memclr8                          0x08015ead   Thumb Code     0  memseta.o(.text)
    _memset$wrapper                          0x08015eb1   Thumb Code    18  memseta.o(.text)
    strcat                                   0x08015ec3   Thumb Code    24  strcat.o(.text)
    strstr                                   0x08015edb   Thumb Code    36  strstr.o(.text)
    strncpy                                  0x08015eff   Thumb Code    24  strncpy.o(.text)
    strchr                                   0x08015f17   Thumb Code    20  strchr.o(.text)
    strlen                                   0x08015f2b   Thumb Code    14  strlen.o(.text)
    strcmp                                   0x08015f39   Thumb Code    28  strcmp.o(.text)
    strcpy                                   0x08015f55   Thumb Code    18  strcpy.o(.text)
    strncmp                                  0x08015f67   Thumb Code    30  strncmp.o(.text)
    strtok                                   0x08015f85   Thumb Code    62  strtok.o(.text)
    __aeabi_dadd                             0x08015fc9   Thumb Code   322  dadd.o(.text)
    __aeabi_dsub                             0x0801610b   Thumb Code     6  dadd.o(.text)
    __aeabi_drsub                            0x08016111   Thumb Code     6  dadd.o(.text)
    __aeabi_dmul                             0x08016117   Thumb Code   228  dmul.o(.text)
    __aeabi_i2d                              0x080161fb   Thumb Code    34  dflti.o(.text)
    __aeabi_ui2d                             0x0801621d   Thumb Code    26  dfltui.o(.text)
    __aeabi_d2iz                             0x08016237   Thumb Code    62  dfixi.o(.text)
    __aeabi_f2d                              0x08016275   Thumb Code    38  f2d.o(.text)
    __aeabi_cdcmpeq                          0x0801629d   Thumb Code     0  cdcmple.o(.text)
    __aeabi_cdcmple                          0x0801629d   Thumb Code    38  cdcmple.o(.text)
    __aeabi_cdrcmple                         0x080162c5   Thumb Code    38  cdrcmple.o(.text)
    __aeabi_uidiv                            0x080162ed   Thumb Code     0  uidiv.o(.text)
    __aeabi_uidivmod                         0x080162ed   Thumb Code    44  uidiv.o(.text)
    __aeabi_uldivmod                         0x08016319   Thumb Code    98  uldiv.o(.text)
    __aeabi_llsl                             0x0801637b   Thumb Code    30  llshl.o(.text)
    _ll_shift_l                              0x0801637b   Thumb Code     0  llshl.o(.text)
    __aeabi_llsr                             0x08016399   Thumb Code    32  llushr.o(.text)
    _ll_ushift_r                             0x08016399   Thumb Code     0  llushr.o(.text)
    __aeabi_lasr                             0x080163b9   Thumb Code    36  llsshr.o(.text)
    _ll_sshift_r                             0x080163b9   Thumb Code     0  llsshr.o(.text)
    __I$use$fp                               0x080163dd   Thumb Code     0  iusefp.o(.text)
    _double_round                            0x080163dd   Thumb Code    26  depilogue.o(.text)
    _double_epilogue                         0x080163f7   Thumb Code   164  depilogue.o(.text)
    __aeabi_ddiv                             0x0801649b   Thumb Code   222  ddiv.o(.text)
    __ARM_scalbn                             0x08016579   Thumb Code    46  dscalb.o(.text)
    scalbn                                   0x08016579   Thumb Code     0  dscalb.o(.text)
    __aeabi_d2ulz                            0x080165a7   Thumb Code    48  dfixul.o(.text)
    __scatterload                            0x080165d9   Thumb Code    28  init.o(.text)
    __scatterload_rt2                        0x080165d9   Thumb Code     0  init.o(.text)
    _dsqrt                                   0x080165fd   Thumb Code   162  dsqrt.o(.text)
    __decompress                             0x0801669f   Thumb Code     0  __dczerorl2.o(.text)
    __decompress1                            0x0801669f   Thumb Code    92  __dczerorl2.o(.text)
    __0sprintf                               0x080166fd   Thumb Code    34  printfa.o(i.__0sprintf)
    __1sprintf                               0x080166fd   Thumb Code     0  printfa.o(i.__0sprintf)
    __2sprintf                               0x080166fd   Thumb Code     0  printfa.o(i.__0sprintf)
    __c89sprintf                             0x080166fd   Thumb Code     0  printfa.o(i.__0sprintf)
    sprintf                                  0x080166fd   Thumb Code     0  printfa.o(i.__0sprintf)
    __ARM_fpclassify                         0x08016725   Thumb Code    40  fpclassify.o(i.__ARM_fpclassify)
    __kernel_poly                            0x0801674d   Thumb Code   170  poly.o(i.__kernel_poly)
    __mathlib_dbl_underflow                  0x080167f9   Thumb Code    10  dunder.o(i.__mathlib_dbl_underflow)
    __scatterload_copy                       0x08016809   Thumb Code    14  handlers.o(i.__scatterload_copy)
    __scatterload_null                       0x08016817   Thumb Code     2  handlers.o(i.__scatterload_null)
    __scatterload_zeroinit                   0x08016819   Thumb Code    14  handlers.o(i.__scatterload_zeroinit)
    __set_errno                              0x08016829   Thumb Code     6  errno.o(i.__set_errno)
    floor                                    0x080170e1   Thumb Code   204  floor.o(i.floor)
    free                                     0x080171bd   Thumb Code    76  malloc.o(i.free)
    malloc                                   0x0801720d   Thumb Code    92  malloc.o(i.malloc)
    pow                                      0x08017279   Thumb Code  2510  pow.o(i.pow)
    sqrt                                     0x08017c59   Thumb Code    78  sqrt.o(i.sqrt)
    RS232_baud                               0x08017ca8   Data          48  variable.o(.constdata)
    RS232_lenth                              0x08017cd8   Data           4  variable.o(.constdata)
    RS232_parity                             0x08017cdc   Data           6  variable.o(.constdata)
    RS232_stop                               0x08017ce2   Data           4  variable.o(.constdata)
    RS232_FlowCntl                           0x08017ce6   Data           8  variable.o(.constdata)
    CAN_baud                                 0x08017cee   Data          28  variable.o(.constdata)
    CAN_CFG_t                                0x08017d1c   Data          84  drcan.o(.constdata)
    OSUnMapTbl                               0x08017d77   Data         256  os_core.o(.constdata)
    __mathlib_zero                           0x0801c798   Data           8  qnan.o(.constdata)
    Region$$Table$$Base                      0x0801c7a0   Number         0  anon$$obj.o(Region$$Table)
    Region$$Table$$Limit                     0x0801c7c0   Number         0  anon$$obj.o(Region$$Table)
    APPL_CRC                                 0x08024000   Data           4  variable.o(.ARM.__AT_0x08024000)
    ulSrandCount                             0x20000000   Data           4  stm32f10x_it.o(.data)
    platform_version                         0x20000004   Data          23  variable.o(.data)
    funcTion                                 0x2000001b   Data          26  variable.o(.data)
    gWIZNETINFO                              0x20000036   Data          42  variable.o(.data)
    gWIZNetTimeout                           0x20000060   Data           4  variable.o(.data)
    USARTCAN                                 0x20000064   Data         112  variable.o(.data)
    DataType                                 0x200000d4   Data          40  variable.o(.data)
    EV_TCPIPsendbuf                          0x200000fc   Data           4  variable.o(.data)
    EV_MBTCPrecbuf                           0x20000100   Data           4  variable.o(.data)
    EV_MBTCPsendbuf                          0x20000104   Data           4  variable.o(.data)
    g_u16_TCPIPsendlen                       0x20000108   Data           2  variable.o(.data)
    cpu_sr                                   0x2000010a   Data           2  variable.o(.data)
    _TCPIP_Status                            0x20000112   Data           1  task_tcpip.o(.data)
    led_blink                                0x20000114   Data           1  task_led.o(.data)
    mBOX_LED_R                               0x20000118   Data           4  task_led.o(.data)
    mBOX_LED_G                               0x2000011c   Data           4  task_led.o(.data)
    err                                      0x20000120   Data           1  task_led.o(.data)
    _ModbusTCP_Status                        0x2000012a   Data           1  task_modbustcp.o(.data)
    MQTT_PubInfo                             0x20000384   Data         140  task_mqtt.o(.data)
    MQTT_CFG_Connect                         0x20000410   Data          54  task_mqtt.o(.data)
    EV_MQTTRECV                              0x20000448   Data           4  task_mqtt.o(.data)
    PublishQueue                             0x2000044c   Data           4  task_mqtt.o(.data)
    _MQTT_Status                             0x20000456   Data           1  task_mqtt.o(.data)
    _SystemFlag                              0x2000045c   Data           3  druart.o(.data)
    FrameStatus                              0x20000472   Data           3  druart.o(.data)
    SystemCoreClock                          0x20000484   Data           4  system_stm32f10x.o(.data)
    AHBPrescTable                            0x20000488   Data          16  system_stm32f10x.o(.data)
    OS_CPU_ExceptStkBase                     0x200004ac   Data           4  os_cpu_c.o(.data)
    OSCtxSwCtr                               0x200004b0   Data           4  os_core.o(.data)
    OSEventFreeList                          0x200004b4   Data           4  os_core.o(.data)
    OSFlagFreeList                           0x200004b8   Data           4  os_core.o(.data)
    OSCPUUsage                               0x200004bc   Data           1  os_core.o(.data)
    OSIdleCtrMax                             0x200004c0   Data           4  os_core.o(.data)
    OSIdleCtrRun                             0x200004c4   Data           4  os_core.o(.data)
    OSStatRdy                                0x200004c8   Data           1  os_core.o(.data)
    OSIntNesting                             0x200004c9   Data           1  os_core.o(.data)
    OSLockNesting                            0x200004ca   Data           1  os_core.o(.data)
    OSPrioCur                                0x200004cb   Data           1  os_core.o(.data)
    OSPrioHighRdy                            0x200004cc   Data           1  os_core.o(.data)
    OSRdyGrp                                 0x200004cd   Data           1  os_core.o(.data)
    OSRdyTbl                                 0x200004ce   Data           8  os_core.o(.data)
    OSRunning                                0x200004d6   Data           1  os_core.o(.data)
    OSTaskCtr                                0x200004d7   Data           1  os_core.o(.data)
    OSIdleCtr                                0x200004d8   Data           4  os_core.o(.data)
    OSTCBCur                                 0x200004dc   Data           4  os_core.o(.data)
    OSTCBFreeList                            0x200004e0   Data           4  os_core.o(.data)
    OSTCBHighRdy                             0x200004e4   Data           4  os_core.o(.data)
    OSTCBList                                0x200004e8   Data           4  os_core.o(.data)
    OSTickStepState                          0x200004ec   Data           1  os_core.o(.data)
    OSMemFreeList                            0x200004f0   Data           4  os_core.o(.data)
    OSQFreeList                              0x200004f4   Data           4  os_core.o(.data)
    OSTaskRegNextAvailID                     0x200004f8   Data           1  os_core.o(.data)
    OSTime                                   0x200004fc   Data           4  os_core.o(.data)
    WIZCHIP                                  0x20000500   Data          32  wizchip_conf.o(.data)
    __microlib_freelist                      0x2000053c   Data           4  mvars.o(.data)
    __microlib_freelist_initialised          0x20000540   Data           4  mvars.o(.data)
    STK_Buffer_main                          0x20000548   Data         256  main.o(.bss)
    USARTCAN_Recv                            0x20000648   Data        1036  variable.o(.bss)
    STK_TCPIP_SEND                           0x20000a54   Data        1536  task_tcpip.o(.bss)
    STK_ledR                                 0x20001854   Data         128  task_main.o(.bss)
    STK_ledG                                 0x200018d4   Data         128  task_main.o(.bss)
    STK_TCPIP                                0x20001954   Data        2048  task_main.o(.bss)
    STK_MBTCP                                0x20002154   Data        1024  task_main.o(.bss)
    STK_MQTT                                 0x20002554   Data        4096  task_main.o(.bss)
    STK_HTTP                                 0x20003554   Data        2048  task_main.o(.bss)
    STK_BACKGRD                              0x20003d54   Data        4096  task_main.o(.bss)
    STK_MBTCP_SEND                           0x20004d54   Data        1536  task_modbustcp.o(.bss)
    STK_MQTTSUB                              0x20005584   Data        2048  task_mqtt.o(.bss)
    STK_MQTTPUB                              0x20005d84   Data        4096  task_mqtt.o(.bss)
    mqttMsg                                  0x20006e4c   Data          20  task_mqtt.o(.bss)
    MQTT_SubInfo                             0x20006e60   Data         140  task_mqtt.o(.bss)
    mqtt_recv_msg                            0x20006eec   Data          32  task_mqtt.o(.bss)
    PublishReq_Block                         0x20006f0c   Data          40  task_mqtt.o(.bss)
    Sub_Msgid                                0x20006f34   Data          10  task_mqtt.o(.bss)
    subbuf                                   0x20006f3e   Data         200  task_mqtt.o(.bss)
    OS_CPU_ExceptStk                         0x20007308   Data         512  os_cpu_c.o(.bss)
    OSEventTbl                               0x20007508   Data        1200  os_core.o(.bss)
    OSFlagTbl                                0x200079b8   Data         160  os_core.o(.bss)
    OSTaskStatStk                            0x20007a58   Data         512  os_core.o(.bss)
    OSTaskIdleStk                            0x20007c58   Data         512  os_core.o(.bss)
    OSTCBPrioTbl                             0x20007e58   Data         256  os_core.o(.bss)
    OSTCBTbl                                 0x20007f58   Data        1848  os_core.o(.bss)
    OSMemTbl                                 0x20008690   Data         120  os_core.o(.bss)
    OSQTbl                                   0x20008708   Data         720  os_core.o(.bss)
    tx_buf                                   0x200089e8   Data        1460  httpd.o(.bss)
    rx_buf                                   0x20008f9c   Data        1460  httpd.o(.bss)
    pub_buf                                  0x20009550   Data        1024  httpd.o(.bss)
    __heap_base                              0x20009950   Data           0  startup_stm32f10x_hd.o(HEAP)
    __heap_limit                             0x2000a550   Data           0  startup_stm32f10x_hd.o(HEAP)
    __initial_sp                             0x2000b150   Data           0  startup_stm32f10x_hd.o(STACK)



==============================================================================

Memory Map of the image

  Image Entry point : 0x0800d035

  Load Region LR_1 (Base: 0x08008000, Size: 0x00014d08, Max: 0xffffffff, ABSOLUTE, COMPRESSED[0x00014934])

    Execution Region ER_RO (Base: 0x08008000, Size: 0x000147c0, Max: 0xffffffff, ABSOLUTE)

    Base Addr    Size         Type   Attr      Idx    E Section Name        Object

    0x08008000   0x00000130   Data   RO          559    RESET               startup_stm32f10x_hd.o
    0x08008130   0x00000000   Code   RO         1301  * .ARM.Collect$$$$00000000  mc_w.l(entry.o)
    0x08008130   0x00000004   Code   RO         1656    .ARM.Collect$$$$00000001  mc_w.l(entry2.o)
    0x08008134   0x00000004   Code   RO         1659    .ARM.Collect$$$$00000004  mc_w.l(entry5.o)
    0x08008138   0x00000000   Code   RO         1661    .ARM.Collect$$$$00000008  mc_w.l(entry7b.o)
    0x08008138   0x00000000   Code   RO         1663    .ARM.Collect$$$$0000000A  mc_w.l(entry8b.o)
    0x08008138   0x00000008   Code   RO         1664    .ARM.Collect$$$$0000000B  mc_w.l(entry9a.o)
    0x08008140   0x00000000   Code   RO         1666    .ARM.Collect$$$$0000000D  mc_w.l(entry10a.o)
    0x08008140   0x00000000   Code   RO         1668    .ARM.Collect$$$$0000000F  mc_w.l(entry11a.o)
    0x08008140   0x00000004   Code   RO         1657    .ARM.Collect$$$$00002712  mc_w.l(entry2.o)
    0x08008144   0x000000a0   Code   RO            1    .text               main.o
    0x080081e4   0x00000268   Code   RO          203    .text               stm32f10x_it.o
    0x0800844c   0x00000072   Code   RO          225    .text               variable.o
    0x080084be   0x00000002   PAD
    0x080084c0   0x00000404   Code   RO          258    .text               task_tcpip.o
    0x080088c4   0x00000144   Code   RO          296    .text               task_led.o
    0x08008a08   0x000004c0   Code   RO          318    .text               task_main.o
    0x08008ec8   0x000007e4   Code   RO          349    .text               task_modbustcp.o
    0x080096ac   0x00000a80   Code   RO          368    .text               task_mqtt.o
    0x0800a12c   0x0000001a   Code   RO          387    .text               task_http.o
    0x0800a146   0x00000002   PAD
    0x0800a148   0x00000170   Code   RO          399    .text               drflash.o
    0x0800a2b8   0x000001a0   Code   RO          411    .text               drtimer.o
    0x0800a458   0x00000060   Code   RO          425    .text               drgpio.o
    0x0800a4b8   0x000000fc   Code   RO          437    .text               drspi.o
    0x0800a5b4   0x000000f4   Code   RO          449    .text               drethernet.o
    0x0800a6a8   0x00000b2c   Code   RO          462    .text               druart.o
    0x0800b1d4   0x00000200   Code   RO          478    .text               drcan.o
    0x0800b3d4   0x00001a80   Code   RO          493    .text               cjson.o
    0x0800ce54   0x000001e0   Code   RO          539    .text               system_stm32f10x.o
    0x0800d034   0x00000024   Code   RO          560  * .text               startup_stm32f10x_hd.o
    0x0800d058   0x000000dc   Code   RO          564    .text               misc.o
    0x0800d134   0x000009e8   Code   RO          600    .text               stm32f10x_can.o
    0x0800db1c   0x000005bc   Code   RO          672    .text               stm32f10x_flash.o
    0x0800e0d8   0x00000358   Code   RO          696    .text               stm32f10x_gpio.o
    0x0800e430   0x000003a4   Code   RO          744    .text               stm32f10x_rcc.o
    0x0800e7d4   0x0000030c   Code   RO          782    .text               stm32f10x_spi.o
    0x0800eae0   0x00000e1a   Code   RO          794    .text               stm32f10x_tim.o
    0x0800f8fa   0x00000002   PAD
    0x0800f8fc   0x00000408   Code   RO          806    .text               stm32f10x_usart.o
    0x0800fd04   0x000000b0   Code   RO          833    .text               os_cpu_a.o
    0x0800fdb4   0x000000d4   Code   RO          836    .text               os_cpu_c.o
    0x0800fe88   0x000009b4   Code   RO          868    .text               os_core.o
    0x0801083c   0x00000824   Code   RO          888    .text               os_flag.o
    0x08011060   0x000003dc   Code   RO          900    .text               os_mbox.o
    0x0801143c   0x000001e4   Code   RO          912    .text               os_mem.o
    0x08011620   0x000005f8   Code   RO          936    .text               os_q.o
    0x08011c18   0x00000808   Code   RO          960    .text               os_task.o
    0x08012420   0x000001b8   Code   RO          972    .text               os_time.o
    0x080125d8   0x00000698   Code   RO          990    .text               wizchip_conf.o
    0x08012c70   0x00000fd4   Code   RO         1011    .text               socket.o
    0x08013c44   0x00000128   Code   RO         1027    .text               spi.o
    0x08013d6c   0x00000394   Code   RO         1043    .text               w5500.o
    0x08014100   0x000001e0   Code   RO         1091    .text               util.o
    0x080142e0   0x0000050c   Code   RO         1103    .text               httpd.o
    0x080147ec   0x00000a20   Code   RO         1127    .text               httputil.o
    0x0801520c   0x0000019c   Code   RO         1147    .text               transport.o
    0x080153a8   0x000002c4   Code   RO         1160    .text               mqttconnectclient.o
    0x0801566c   0x00000114   Code   RO         1184    .text               mqttdeserializepublish.o
    0x08015780   0x000003f0   Code   RO         1213    .text               mqttpacket.o
    0x08015b70   0x0000018e   Code   RO         1227    .text               mqttserializepublish.o
    0x08015cfe   0x00000170   Code   RO         1239    .text               mqttsubscribeclient.o
    0x08015e6e   0x0000000c   Code   RO         1304    .text               mc_w.l(tolower.o)
    0x08015e7a   0x00000024   Code   RO         1306    .text               mc_w.l(memcpya.o)
    0x08015e9e   0x00000024   Code   RO         1308    .text               mc_w.l(memseta.o)
    0x08015ec2   0x00000018   Code   RO         1310    .text               mc_w.l(strcat.o)
    0x08015eda   0x00000024   Code   RO         1312    .text               mc_w.l(strstr.o)
    0x08015efe   0x00000018   Code   RO         1314    .text               mc_w.l(strncpy.o)
    0x08015f16   0x00000014   Code   RO         1316    .text               mc_w.l(strchr.o)
    0x08015f2a   0x0000000e   Code   RO         1318    .text               mc_w.l(strlen.o)
    0x08015f38   0x0000001c   Code   RO         1320    .text               mc_w.l(strcmp.o)
    0x08015f54   0x00000012   Code   RO         1324    .text               mc_w.l(strcpy.o)
    0x08015f66   0x0000001e   Code   RO         1326    .text               mc_w.l(strncmp.o)
    0x08015f84   0x00000044   Code   RO         1328    .text               mc_w.l(strtok.o)
    0x08015fc8   0x0000014e   Code   RO         1625    .text               mf_w.l(dadd.o)
    0x08016116   0x000000e4   Code   RO         1627    .text               mf_w.l(dmul.o)
    0x080161fa   0x00000022   Code   RO         1629    .text               mf_w.l(dflti.o)
    0x0801621c   0x0000001a   Code   RO         1631    .text               mf_w.l(dfltui.o)
    0x08016236   0x0000003e   Code   RO         1633    .text               mf_w.l(dfixi.o)
    0x08016274   0x00000026   Code   RO         1635    .text               mf_w.l(f2d.o)
    0x0801629a   0x00000002   PAD
    0x0801629c   0x00000028   Code   RO         1637    .text               mf_w.l(cdcmple.o)
    0x080162c4   0x00000028   Code   RO         1639    .text               mf_w.l(cdrcmple.o)
    0x080162ec   0x0000002c   Code   RO         1673    .text               mc_w.l(uidiv.o)
    0x08016318   0x00000062   Code   RO         1675    .text               mc_w.l(uldiv.o)
    0x0801637a   0x0000001e   Code   RO         1677    .text               mc_w.l(llshl.o)
    0x08016398   0x00000020   Code   RO         1679    .text               mc_w.l(llushr.o)
    0x080163b8   0x00000024   Code   RO         1681    .text               mc_w.l(llsshr.o)
    0x080163dc   0x00000000   Code   RO         1692    .text               mc_w.l(iusefp.o)
    0x080163dc   0x000000be   Code   RO         1693    .text               mf_w.l(depilogue.o)
    0x0801649a   0x000000de   Code   RO         1695    .text               mf_w.l(ddiv.o)
    0x08016578   0x0000002e   Code   RO         1697    .text               mf_w.l(dscalb.o)
    0x080165a6   0x00000030   Code   RO         1699    .text               mf_w.l(dfixul.o)
    0x080165d6   0x00000002   PAD
    0x080165d8   0x00000024   Code   RO         1701    .text               mc_w.l(init.o)
    0x080165fc   0x000000a2   Code   RO         1705    .text               mf_w.l(dsqrt.o)
    0x0801669e   0x0000005c   Code   RO         1715    .text               mc_w.l(__dczerorl2.o)
    0x080166fa   0x00000002   PAD
    0x080166fc   0x00000028   Code   RO         1571    i.__0sprintf        mc_w.l(printfa.o)
    0x08016724   0x00000028   Code   RO         1643    i.__ARM_fpclassify  m_ws.l(fpclassify.o)
    0x0801674c   0x000000aa   Code   RO         1645    i.__kernel_poly     m_ws.l(poly.o)
    0x080167f6   0x00000002   PAD
    0x080167f8   0x00000010   Code   RO         1641    i.__mathlib_dbl_underflow  m_ws.l(dunder.o)
    0x08016808   0x0000000e   Code   RO         1709    i.__scatterload_copy  mc_w.l(handlers.o)
    0x08016816   0x00000002   Code   RO         1710    i.__scatterload_null  mc_w.l(handlers.o)
    0x08016818   0x0000000e   Code   RO         1711    i.__scatterload_zeroinit  mc_w.l(handlers.o)
    0x08016826   0x00000002   PAD
    0x08016828   0x0000000c   Code   RO         1687    i.__set_errno       mc_w.l(errno.o)
    0x08016834   0x0000015c   Code   RO         1576    i._fp_digits        mc_w.l(printfa.o)
    0x08016990   0x000006f0   Code   RO         1577    i._printf_core      mc_w.l(printfa.o)
    0x08017080   0x00000026   Code   RO         1578    i._printf_post_padding  mc_w.l(printfa.o)
    0x080170a6   0x00000030   Code   RO         1579    i._printf_pre_padding  mc_w.l(printfa.o)
    0x080170d6   0x0000000a   Code   RO         1581    i._sputc            mc_w.l(printfa.o)
    0x080170e0   0x000000dc   Code   RO         1288    i.floor             m_ws.l(floor.o)
    0x080171bc   0x00000050   Code   RO         1597    i.free              mc_w.l(malloc.o)
    0x0801720c   0x0000006c   Code   RO         1598    i.malloc            mc_w.l(malloc.o)
    0x08017278   0x000009e0   Code   RO         1292    i.pow               m_ws.l(pow.o)
    0x08017c58   0x0000004e   Code   RO         1649    i.sqrt              m_ws.l(sqrt.o)
    0x08017ca6   0x00000002   PAD
    0x08017ca8   0x00000062   Data   RO          228    .constdata          variable.o
    0x08017d0a   0x00000002   PAD
    0x08017d0c   0x00000010   Data   RO          450    .constdata          drethernet.o
    0x08017d1c   0x00000054   Data   RO          479    .constdata          drcan.o
    0x08017d70   0x00000007   Data   RO          494    .constdata          cjson.o
    0x08017d77   0x00000100   Data   RO          870    .constdata          os_core.o
    0x08017e77   0x00000001   PAD
    0x08017e78   0x00000091   Data   RO         1105    .constdata          httpd.o
    0x08017f09   0x00000003   PAD
    0x08017f0c   0x000047ac   Data   RO         1128    .constdata          httputil.o
    0x0801c6b8   0x00000058   Data   RO         1148    .constdata          transport.o
    0x0801c710   0x00000088   Data   RO         1293    .constdata          m_ws.l(pow.o)
    0x0801c798   0x00000008   Data   RO         1647    .constdata          m_ws.l(qnan.o)
    0x0801c7a0   0x00000020   Data   RO         1707    Region$$Table       anon$$obj.o


    Execution Region ER_RW (Base: 0x20000000, Size: 0x00000548, Max: 0xffffffff, ABSOLUTE, COMPRESSED[0x00000174])

    Base Addr    Size         Type   Attr      Idx    E Section Name        Object

    0x20000000   0x00000004   Data   RW          204    .data               stm32f10x_it.o
    0x20000004   0x00000108   Data   RW          229    .data               variable.o
    0x2000010c   0x00000007   Data   RW          260    .data               task_tcpip.o
    0x20000113   0x00000001   PAD
    0x20000114   0x0000000d   Data   RW          297    .data               task_led.o
    0x20000121   0x00000001   PAD
    0x20000122   0x00000009   Data   RW          351    .data               task_modbustcp.o
    0x2000012b   0x00000001   PAD
    0x2000012c   0x0000032b   Data   RW          370    .data               task_mqtt.o
    0x20000457   0x00000001   PAD
    0x20000458   0x00000004   Data   RW          412    .data               drtimer.o
    0x2000045c   0x00000019   Data   RW          464    .data               druart.o
    0x20000475   0x00000003   PAD
    0x20000478   0x0000000c   Data   RW          495    .data               cjson.o
    0x20000484   0x00000014   Data   RW          540    .data               system_stm32f10x.o
    0x20000498   0x00000014   Data   RW          745    .data               stm32f10x_rcc.o
    0x200004ac   0x00000004   Data   RW          838    .data               os_cpu_c.o
    0x200004b0   0x00000050   Data   RW          871    .data               os_core.o
    0x20000500   0x00000025   Data   RW          991    .data               wizchip_conf.o
    0x20000525   0x00000001   PAD
    0x20000526   0x0000000e   Data   RW         1013    .data               socket.o
    0x20000534   0x00000004   Data   RW         1214    .data               mqttpacket.o
    0x20000538   0x00000004   Data   RW         1329    .data               mc_w.l(strtok.o)
    0x2000053c   0x00000004   Data   RW         1683    .data               mc_w.l(mvars.o)
    0x20000540   0x00000004   Data   RW         1684    .data               mc_w.l(mvars.o)
    0x20000544   0x00000004   Data   RW         1688    .data               mc_w.l(errno.o)


    Execution Region ER_ZI (Base: 0x20000548, Size: 0x0000ac08, Max: 0xffffffff, ABSOLUTE)

    Base Addr    Size         Type   Attr      Idx    E Section Name        Object

    0x20000548   0x00000100   Zero   RW            2    .bss                main.o
    0x20000648   0x0000040c   Zero   RW          227    .bss                variable.o
    0x20000a54   0x00000e00   Zero   RW          259    .bss                task_tcpip.o
    0x20001854   0x00003500   Zero   RW          319    .bss                task_main.o
    0x20004d54   0x00000830   Zero   RW          350    .bss                task_modbustcp.o
    0x20005584   0x00001a82   Zero   RW          369    .bss                task_mqtt.o
    0x20007006   0x00000300   Zero   RW          463    .bss                druart.o
    0x20007306   0x00000002   PAD
    0x20007308   0x00000200   Zero   RW          837    .bss                os_cpu_c.o
    0x20007508   0x000014d0   Zero   RW          869    .bss                os_core.o
    0x200089d8   0x00000010   Zero   RW         1012    .bss                socket.o
    0x200089e8   0x00000f68   Zero   RW         1104    .bss                httpd.o
    0x20009950   0x00000c00   Zero   RW          558    HEAP                startup_stm32f10x_hd.o
    0x2000a550   0x00000c00   Zero   RW          557    STACK               startup_stm32f10x_hd.o



  Load Region LR$$.ARM.__AT_0x08024000 (Base: 0x08024000, Size: 0x00000004, Max: 0x00000004, ABSOLUTE)

    Execution Region ER$$.ARM.__AT_0x08024000 (Base: 0x08024000, Size: 0x00000004, Max: 0x00000004, ABSOLUTE, UNINIT)

    Base Addr    Size         Type   Attr      Idx    E Section Name        Object

    0x08024000   0x00000004   Data   RO          226    .ARM.__AT_0x08024000  variable.o


==============================================================================

Image component sizes


      Code (inc. data)   RO Data    RW Data    ZI Data      Debug   Object Name

      6784        208          7         12          0      21916   cjson.o
         0          0          0          0          0         32   core_cm3.o
       512         20         84          0          0       1812   drcan.o
       244         34         16          0          0       1972   drethernet.o
       368          6          0          0          0       2215   drflash.o
        96          6          0          0          0        579   drgpio.o
       252         12          0          0          0        967   drspi.o
       416         16          0          4          0       1887   drtimer.o
      2860        132          0         25        768       6345   druart.o
      1292        524        145          0       3944       4474   httpd.o
      2592        474      18348          0          0       3837   httputil.o
       160         20          0          0        256     311720   main.o
       220         20          0          0          0       1641   misc.o
       708         18          0          0          0       2810   mqttconnectclient.o
       276          0          0          0          0       1918   mqttdeserializepublish.o
      1008         10          0          4          0       5676   mqttpacket.o
       398          0          0          0          0       2546   mqttserializepublish.o
       368          0          0          0          0       2187   mqttsubscribeclient.o
      2484        250        256         80       5328      15905   os_core.o
       176         36          0          0          0        272   os_cpu_a.o
       212         18          0          4        512      10730   os_cpu_c.o
      2084         40          0          0          0       6716   os_flag.o
       988         20          0          0          0       4026   os_mbox.o
       484         16          0          0          0       3016   os_mem.o
      1528         34          0          0          0       5429   os_q.o
      2056         76          0          0          0       7640   os_task.o
       440         30          0          0          0       1718   os_time.o
      4052         80          0         14         16       6819   socket.o
       296         10          0          0          0      16803   spi.o
        36          8        304          0       6144        764   startup_stm32f10x_hd.o
      2536         36          0          0          0       7692   stm32f10x_can.o
      1468         34          0          0          0       7878   stm32f10x_flash.o
       856         40          0          0          0       5489   stm32f10x_gpio.o
       616         36          0          4          0       2875   stm32f10x_it.o
       932         44          0         20          0       8596   stm32f10x_rcc.o
       780         14          0          0          0       6366   stm32f10x_spi.o
      3610         88          0          0          0      21972   stm32f10x_tim.o
      1032         22          0          0          0       8212   stm32f10x_usart.o
       480         42          0         20          0       1631   system_stm32f10x.o
        26          0          0          0          0        400   task_http.o
       324         16          0         13          0       3869   task_led.o
      1216        102          0          0      13568      18332   task_main.o
      2020         94          0          9       2096       3854   task_modbustcp.o
      2688        214          0        811       6786       6366   task_mqtt.o
      1028         46          0          7       3584       3193   task_tcpip.o
       412         12         88          0          0       2697   transport.o
       480          6          0          0          0       2914   util.o
       114          0        102        264       1036       7942   variable.o
       916          6          0          0          0       3146   w5500.o
      1688         38          0         37          0      10902   wizchip_conf.o

    ----------------------------------------------------------------------
     56618       3008      19388       1336      44040     588698   Object Totals
         0          0         32          0          0          0   (incl. Generated)
         6          0          6          8          2          0   (incl. Padding)

    ----------------------------------------------------------------------

      Code (inc. data)   RO Data    RW Data    ZI Data      Debug   Library Member Name

        16          6          0          0          0         68   dunder.o
       220         16          0          0          0         84   floor.o
        40          0          0          0          0         68   fpclassify.o
       170          0          0          0          0         96   poly.o
      2528        190        136          0          0        316   pow.o
         0          0          8          0          0          0   qnan.o
        78          0          0          0          0         84   sqrt.o
        92          0          0          0          0          0   __dczerorl2.o
         0          0          0          0          0          0   entry.o
         0          0          0          0          0          0   entry10a.o
         0          0          0          0          0          0   entry11a.o
         8          4          0          0          0          0   entry2.o
         4          0          0          0          0          0   entry5.o
         0          0          0          0          0          0   entry7b.o
         0          0          0          0          0          0   entry8b.o
         8          4          0          0          0          0   entry9a.o
        12          6          0          4          0         68   errno.o
        30          0          0          0          0          0   handlers.o
        36          8          0          0          0         68   init.o
         0          0          0          0          0          0   iusefp.o
        30          0          0          0          0         68   llshl.o
        36          0          0          0          0         68   llsshr.o
        32          0          0          0          0         68   llushr.o
       188         20          0          0          0        160   malloc.o
        36          0          0          0          0         68   memcpya.o
        36          0          0          0          0        108   memseta.o
         0          0          0          8          0          0   mvars.o
      2260         86          0          0          0        512   printfa.o
        24          0          0          0          0         68   strcat.o
        20          0          0          0          0         68   strchr.o
        28          0          0          0          0         76   strcmp.o
        18          0          0          0          0         68   strcpy.o
        14          0          0          0          0         68   strlen.o
        30          0          0          0          0         80   strncmp.o
        24          0          0          0          0         76   strncpy.o
        36          0          0          0          0         80   strstr.o
        68          6          0          4          0         80   strtok.o
        12          0          0          0          0         68   tolower.o
        44          0          0          0          0         80   uidiv.o
        98          0          0          0          0         92   uldiv.o
        40          2          0          0          0         68   cdcmple.o
        40          2          0          0          0         68   cdrcmple.o
       334          0          0          0          0        144   dadd.o
       222          0          0          0          0        100   ddiv.o
       190          0          0          0          0        176   depilogue.o
        62          0          0          0          0         80   dfixi.o
        48          0          0          0          0         68   dfixul.o
        34          0          0          0          0         76   dflti.o
        26          0          0          0          0         76   dfltui.o
       228          0          0          0          0         92   dmul.o
        46          0          0          0          0         80   dscalb.o
       162          0          0          0          0        100   dsqrt.o
        38          0          0          0          0         68   f2d.o

    ----------------------------------------------------------------------
      7758        350        144         16          0       4004   Library Totals
        12          0          0          0          0          0   (incl. Padding)

    ----------------------------------------------------------------------

      Code (inc. data)   RO Data    RW Data    ZI Data      Debug   Library Name

      3052        212        144          0          0        716   m_ws.l
      3224        134          0         16          0       2092   mc_w.l
      1470          4          0          0          0       1196   mf_w.l

    ----------------------------------------------------------------------
      7758        350        144         16          0       4004   Library Totals

    ----------------------------------------------------------------------

==============================================================================


      Code (inc. data)   RO Data    RW Data    ZI Data      Debug   

     64376       3358      19532       1352      44040     585942   Grand Totals
     64376       3358      19532        372      44040     585942   ELF Image Totals (compressed)
     64376       3358      19532        372          0          0   ROM Totals

==============================================================================

    Total RO  Size (Code + RO Data)                83908 (  81.94kB)
    Total RW  Size (RW Data + ZI Data)             45392 (  44.33kB)
    Total ROM Size (Code + RO Data + RW Data)      84280 (  82.30kB)

==============================================================================

