ARM Linker, 5.03 [Build 76] [MDK-ARM Standard]

==============================================================================

Section Cross References

    main.o(i.Config_DrCommon) refers to system_stm32f10x.o(i.SystemInit) for SystemInit
    main.o(i.Config_DrCommon) refers to misc.o(i.NVIC_SetVectorTable) for NVIC_SetVectorTable
    main.o(i.Config_DrCommon) refers to misc.o(i.NVIC_PriorityGroupConfig) for NVIC_PriorityGroupConfig
    main.o(i.Config_DrCommon) refers to task_main.o(i.ReadFlashCfg) for ReadFlashCfg
    main.o(i.Config_DrCommon) refers to drgpio.o(i.DrLed) for DrLed
    main.o(i.Config_DrCommon) refers to drtimer.o(i.DrTimer_Init) for DrTimer_Init
    main.o(i.Config_DrCommon) refers to druart.o(i.DrUsart_Init) for DrUsart_Init
    main.o(i.Config_DrCommon) refers to drcan.o(i.DrCAN_Init) for DrCAN_Init
    main.o(i.Config_DrCommon) refers to drspi.o(i.W5500_SPI_Config) for W5500_SPI_Config
    main.o(i.Config_DrCommon) refers to drethernet.o(i.Ethernet_Init) for Ethernet_Init
    main.o(i.main) refers to main.o(i.Config_DrCommon) for Config_DrCommon
    main.o(i.main) refers to os_core.o(i.OSInit) for OSInit
    main.o(i.main) refers to os_task.o(i.OSTaskCreate) for OSTaskCreate
    main.o(i.main) refers to os_core.o(i.OSStart) for OSStart
    main.o(i.main) refers to main.o(.bss) for STK_Buffer_main
    main.o(i.main) refers to task_main.o(i.Task_Main) for Task_Main
    stm32f10x_it.o(i.OS_CPU_SysTickHandler) refers to os_core.o(i.OSIntEnter) for OSIntEnter
    stm32f10x_it.o(i.OS_CPU_SysTickHandler) refers to os_core.o(i.OSTimeTick) for OSTimeTick
    stm32f10x_it.o(i.OS_CPU_SysTickHandler) refers to os_core.o(i.OSIntExit) for OSIntExit
    stm32f10x_it.o(i.OS_CPU_SysTickHandler) refers to stm32f10x_it.o(.data) for ulSrandCount
    stm32f10x_it.o(i.TIM2_IRQHandler) refers to os_core.o(i.OSIntEnter) for OSIntEnter
    stm32f10x_it.o(i.TIM2_IRQHandler) refers to stm32f10x_tim.o(i.TIM_GetITStatus) for TIM_GetITStatus
    stm32f10x_it.o(i.TIM2_IRQHandler) refers to stm32f10x_tim.o(i.TIM_ClearITPendingBit) for TIM_ClearITPendingBit
    stm32f10x_it.o(i.TIM2_IRQHandler) refers to drtimer.o(i.TIM2_IRQ) for TIM2_IRQ
    stm32f10x_it.o(i.TIM2_IRQHandler) refers to os_core.o(i.OSIntExit) for OSIntExit
    stm32f10x_it.o(i.TIM3_IRQHandler) refers to os_core.o(i.OSIntEnter) for OSIntEnter
    stm32f10x_it.o(i.TIM3_IRQHandler) refers to stm32f10x_tim.o(i.TIM_GetITStatus) for TIM_GetITStatus
    stm32f10x_it.o(i.TIM3_IRQHandler) refers to stm32f10x_tim.o(i.TIM_ClearITPendingBit) for TIM_ClearITPendingBit
    stm32f10x_it.o(i.TIM3_IRQHandler) refers to drtimer.o(i.TIM3_IRQ) for TIM3_IRQ
    stm32f10x_it.o(i.TIM3_IRQHandler) refers to os_core.o(i.OSIntExit) for OSIntExit
    stm32f10x_it.o(i.TIM4_IRQHandler) refers to os_core.o(i.OSIntEnter) for OSIntEnter
    stm32f10x_it.o(i.TIM4_IRQHandler) refers to stm32f10x_tim.o(i.TIM_GetITStatus) for TIM_GetITStatus
    stm32f10x_it.o(i.TIM4_IRQHandler) refers to stm32f10x_tim.o(i.TIM_ClearITPendingBit) for TIM_ClearITPendingBit
    stm32f10x_it.o(i.TIM4_IRQHandler) refers to drtimer.o(i.TIM4_IRQ) for TIM4_IRQ
    stm32f10x_it.o(i.TIM4_IRQHandler) refers to os_core.o(i.OSIntExit) for OSIntExit
    stm32f10x_it.o(i.UART4_IRQHandler) refers to stm32f10x_usart.o(i.USART_GetITStatus) for USART_GetITStatus
    stm32f10x_it.o(i.UART4_IRQHandler) refers to druart.o(i.UART4_IRQ) for UART4_IRQ
    stm32f10x_it.o(i.UART4_IRQHandler) refers to stm32f10x_usart.o(i.USART_ClearITPendingBit) for USART_ClearITPendingBit
    stm32f10x_it.o(i.UART4_IRQHandler) refers to stm32f10x_usart.o(i.USART_ITConfig) for USART_ITConfig
    stm32f10x_it.o(i.UART5_IRQHandler) refers to stm32f10x_usart.o(i.USART_GetITStatus) for USART_GetITStatus
    stm32f10x_it.o(i.UART5_IRQHandler) refers to druart.o(i.UART5_IRQ) for UART5_IRQ
    stm32f10x_it.o(i.UART5_IRQHandler) refers to stm32f10x_usart.o(i.USART_ClearITPendingBit) for USART_ClearITPendingBit
    stm32f10x_it.o(i.USART1_IRQHandler) refers to stm32f10x_usart.o(i.USART_GetITStatus) for USART_GetITStatus
    stm32f10x_it.o(i.USART1_IRQHandler) refers to druart.o(i.USART1_IRQ) for USART1_IRQ
    stm32f10x_it.o(i.USART1_IRQHandler) refers to stm32f10x_usart.o(i.USART_ClearITPendingBit) for USART_ClearITPendingBit
    stm32f10x_it.o(i.USART2_IRQHandler) refers to stm32f10x_usart.o(i.USART_GetITStatus) for USART_GetITStatus
    stm32f10x_it.o(i.USART2_IRQHandler) refers to druart.o(i.USART2_IRQ) for USART2_IRQ
    stm32f10x_it.o(i.USART2_IRQHandler) refers to stm32f10x_usart.o(i.USART_ClearITPendingBit) for USART_ClearITPendingBit
    stm32f10x_it.o(i.USART2_IRQHandler) refers to stm32f10x_usart.o(i.USART_ITConfig) for USART_ITConfig
    stm32f10x_it.o(i.USART3_IRQHandler) refers to stm32f10x_usart.o(i.USART_GetITStatus) for USART_GetITStatus
    stm32f10x_it.o(i.USART3_IRQHandler) refers to druart.o(i.USART3_IRQ) for USART3_IRQ
[...]
    _printf_x                                0x00000000   Number         0  stubs.o ABSOLUTE
    __cpp_initialize__aeabi_                  - Undefined Weak Reference
    __cxa_finalize                            - Undefined Weak Reference
    _clock_init                               - Undefined Weak Reference
    _microlib_exit                            - Undefined Weak Reference
    __Vectors_Size                           0x00000130   Number         0  startup_stm32f10x_hd.o ABSOLUTE
    __Vectors                                0x08000000   Data           4  startup_stm32f10x_hd.o(RESET)
    __Vectors_End                            0x08000130   Data           0  startup_stm32f10x_hd.o(RESET)
    __main                                   0x08000131   Thumb Code     0  entry.o(.ARM.Collect$$$$00000000)
    _main_stk                                0x08000131   Thumb Code     0  entry2.o(.ARM.Collect$$$$00000001)
    _main_scatterload                        0x08000135   Thumb Code     0  entry5.o(.ARM.Collect$$$$00000004)
    __main_after_scatterload                 0x08000139   Thumb Code     0  entry5.o(.ARM.Collect$$$$00000004)
    _main_clock                              0x08000139   Thumb Code     0  entry7b.o(.ARM.Collect$$$$00000008)
    _main_cpp_init                           0x08000139   Thumb Code     0  entry8b.o(.ARM.Collect$$$$0000000A)
    _main_init                               0x08000139   Thumb Code     0  entry9a.o(.ARM.Collect$$$$0000000B)
    __rt_final_cpp                           0x08000141   Thumb Code     0  entry10a.o(.ARM.Collect$$$$0000000D)
    __rt_final_exit                          0x08000141   Thumb Code     0  entry11a.o(.ARM.Collect$$$$0000000F)
    Reset_Handler                            0x08000145   Thumb Code     8  startup_stm32f10x_hd.o(.text)
    ADC1_2_IRQHandler                        0x0800015f   Thumb Code     0  startup_stm32f10x_hd.o(.text)
    ADC3_IRQHandler                          0x0800015f   Thumb Code     0  startup_stm32f10x_hd.o(.text)
    CAN1_RX1_IRQHandler                      0x0800015f   Thumb Code     0  startup_stm32f10x_hd.o(.text)
    CAN1_SCE_IRQHandler                      0x0800015f   Thumb Code     0  startup_stm32f10x_hd.o(.text)
    DMA1_Channel1_IRQHandler                 0x0800015f   Thumb Code     0  startup_stm32f10x_hd.o(.text)
    DMA1_Channel2_IRQHandler                 0x0800015f   Thumb Code     0  startup_stm32f10x_hd.o(.text)
    DMA1_Channel3_IRQHandler                 0x0800015f   Thumb Code     0  startup_stm32f10x_hd.o(.text)
    DMA1_Channel4_IRQHandler                 0x0800015f   Thumb Code     0  startup_stm32f10x_hd.o(.text)
    DMA1_Channel5_IRQHandler                 0x0800015f   Thumb Code     0  startup_stm32f10x_hd.o(.text)
    DMA1_Channel6_IRQHandler                 0x0800015f   Thumb Code     0  startup_stm32f10x_hd.o(.text)
    DMA1_Channel7_IRQHandler                 0x0800015f   Thumb Code     0  startup_stm32f10x_hd.o(.text)
    DMA2_Channel1_IRQHandler                 0x0800015f   Thumb Code     0  startup_stm32f10x_hd.o(.text)
    DMA2_Channel2_IRQHandler                 0x0800015f   Thumb Code     0  startup_stm32f10x_hd.o(.text)
    DMA2_Channel3_IRQHandler                 0x0800015f   Thumb Code     0  startup_stm32f10x_hd.o(.text)
    DMA2_Channel4_5_IRQHandler               0x0800015f   Thumb Code     0  startup_stm32f10x_hd.o(.text)
    EXTI0_IRQHandler                         0x0800015f   Thumb Code     0  startup_stm32f10x_hd.o(.text)
    EXTI15_10_IRQHandler                     0x0800015f   Thumb Code     0  startup_stm32f10x_hd.o(.text)
    EXTI1_IRQHandler                         0x0800015f   Thumb Code     0  startup_stm32f10x_hd.o(.text)
    EXTI2_IRQHandler                         0x0800015f   Thumb Code     0  startup_stm32f10x_hd.o(.text)
    EXTI3_IRQHandler                         0x0800015f   Thumb Code     0  startup_stm32f10x_hd.o(.text)
    EXTI4_IRQHandler                         0x0800015f   Thumb Code     0  startup_stm32f10x_hd.o(.text)
    EXTI9_5_IRQHandler                       0x0800015f   Thumb Code     0  startup_stm32f10x_hd.o(.text)
    FLASH_IRQHandler                         0x0800015f   Thumb Code     0  startup_stm32f10x_hd.o(.text)
    FSMC_IRQHandler                          0x0800015f   Thumb Code     0  startup_stm32f10x_hd.o(.text)
    I2C1_ER_IRQHandler                       0x0800015f   Thumb Code     0  startup_stm32f10x_hd.o(.text)
    I2C1_EV_IRQHandler                       0x0800015f   Thumb Code     0  startup_stm32f10x_hd.o(.text)
    I2C2_ER_IRQHandler                       0x0800015f   Thumb Code     0  startup_stm32f10x_hd.o(.text)
    I2C2_EV_IRQHandler                       0x0800015f   Thumb Code     0  startup_stm32f10x_hd.o(.text)
    PVD_IRQHandler                           0x0800015f   Thumb Code     0  startup_stm32f10x_hd.o(.text)
    RCC_IRQHandler                           0x0800015f   Thumb Code     0  startup_stm32f10x_hd.o(.text)
    RTCAlarm_IRQHandler                      0x0800015f   Thumb Code     0  startup_stm32f10x_hd.o(.text)
    RTC_IRQHandler                           0x0800015f   Thumb Code     0  startup_stm32f10x_hd.o(.text)
    SDIO_IRQHandler                          0x0800015f   Thumb Code     0  startup_stm32f10x_hd.o(.text)
    SPI1_IRQHandler                          0x0800015f   Thumb Code     0  startup_stm32f10x_hd.o(.text)
    SPI2_IRQHandler                          0x0800015f   Thumb Code     0  startup_stm32f10x_hd.o(.text)
    SPI3_IRQHandler                          0x0800015f   Thumb Code     0  startup_stm32f10x_hd.o(.text)
    TAMPER_IRQHandler                        0x0800015f   Thumb Code     0  startup_stm32f10x_hd.o(.text)
    TIM1_BRK_IRQHandler                      0x0800015f   Thumb Code     0  startup_stm32f10x_hd.o(.text)
    TIM1_CC_IRQHandler                       0x0800015f   Thumb Code     0  startup_stm32f10x_hd.o(.text)
    TIM1_TRG_COM_IRQHandler                  0x0800015f   Thumb Code     0  startup_stm32f10x_hd.o(.text)
    TIM1_UP_IRQHandler                       0x0800015f   Thumb Code     0  startup_stm32f10x_hd.o(.text)
    TIM5_IRQHandler                          0x0800015f   Thumb Code     0  startup_stm32f10x_hd.o(.text)
    TIM6_IRQHandler                          0x0800015f   Thumb Code     0  startup_stm32f10x_hd.o(.text)
    TIM7_IRQHandler                          0x0800015f   Thumb Code     0  startup_stm32f10x_hd.o(.text)
    TIM8_BRK_IRQHandler                      0x0800015f   Thumb Code     0  startup_stm32f10x_hd.o(.text)
    TIM8_CC_IRQHandler                       0x0800015f   Thumb Code     0  startup_stm32f10x_hd.o(.text)
    TIM8_TRG_COM_IRQHandler                  0x0800015f   Thumb Code     0  startup_stm32f10x_hd.o(.text)
    TIM8_UP_IRQHandler                       0x0800015f   Thumb Code     0  startup_stm32f10x_hd.o(.text)
    USBWakeUp_IRQHandler                     0x0800015f   Thumb Code     0  startup_stm32f10x_hd.o(.text)
    USB_HP_CAN1_TX_IRQHandler                0x0800015f   Thumb Code     0  startup_stm32f10x_hd.o(.text)
    WWDG_IRQHandler                          0x0800015f   Thumb Code     0  startup_stm32f10x_hd.o(.text)
    OS_CPU_SR_Save                           0x08000169   Thumb Code     0  os_cpu_a.o(.text)
    OS_CPU_SR_Restore                        0x08000171   Thumb Code     0  os_cpu_a.o(.text)
    OSStartHighRdy                           0x08000177   Thumb Code     0  os_cpu_a.o(.text)
    OSCtxSw                                  0x0800019f   Thumb Code     0  os_cpu_a.o(.text)
    OSIntCtxSw                               0x080001a9   Thumb Code     0  os_cpu_a.o(.text)
    OS_CPU_PendSVHandler                     0x080001b3   Thumb Code     0  os_cpu_a.o(.text)
    tolower                                  0x08000219   Thumb Code    12  tolower.o(.text)
    __aeabi_memcpy                           0x08000225   Thumb Code    36  memcpya.o(.text)
    __aeabi_memcpy4                          0x08000225   Thumb Code     0  memcpya.o(.text)
    __aeabi_memcpy8                          0x08000225   Thumb Code     0  memcpya.o(.text)
    __aeabi_memset                           0x08000249   Thumb Code    14  memseta.o(.text)
    __aeabi_memset4                          0x08000249   Thumb Code     0  memseta.o(.text)
    __aeabi_memset8                          0x08000249   Thumb Code     0  memseta.o(.text)
    __aeabi_memclr                           0x08000257   Thumb Code     4  memseta.o(.text)
    __aeabi_memclr4                          0x08000257   Thumb Code     0  memseta.o(.text)
    __aeabi_memclr8                          0x08000257   Thumb Code     0  memseta.o(.text)
    _memset$wrapper                          0x0800025b   Thumb Code    18  memseta.o(.text)
    strchr                                   0x0800026d   Thumb Code    20  strchr.o(.text)
    strlen                                   0x08000281   Thumb Code    14  strlen.o(.text)
    strcmp                                   0x0800028f   Thumb Code    28  strcmp.o(.text)
    strcpy                                   0x080002ab   Thumb Code    18  strcpy.o(.text)
    strncmp                                  0x080002bd   Thumb Code    30  strncmp.o(.text)
    __aeabi_dadd                             0x080002db   Thumb Code   322  dadd.o(.text)
    __aeabi_dsub                             0x0800041d   Thumb Code     6  dadd.o(.text)
    __aeabi_drsub                            0x08000423   Thumb Code     6  dadd.o(.text)
    __aeabi_dmul                             0x08000429   Thumb Code   228  dmul.o(.text)
    __aeabi_i2d                              0x0800050d   Thumb Code    34  dflti.o(.text)
    __aeabi_ui2d                             0x0800052f   Thumb Code    26  dfltui.o(.text)
    __aeabi_d2iz                             0x08000549   Thumb Code    62  dfixi.o(.text)
    __aeabi_cdcmpeq                          0x08000589   Thumb Code     0  cdcmple.o(.text)
    __aeabi_cdcmple                          0x08000589   Thumb Code    38  cdcmple.o(.text)
    __aeabi_cdrcmple                         0x080005b1   Thumb Code    38  cdrcmple.o(.text)
    __aeabi_uidiv                            0x080005d9   Thumb Code     0  uidiv.o(.text)
    __aeabi_uidivmod                         0x080005d9   Thumb Code    44  uidiv.o(.text)
    __aeabi_uldivmod                         0x08000605   Thumb Code    98  uldiv.o(.text)
    __aeabi_llsl                             0x08000667   Thumb Code    30  llshl.o(.text)
    _ll_shift_l                              0x08000667   Thumb Code     0  llshl.o(.text)
    __aeabi_llsr                             0x08000685   Thumb Code    32  llushr.o(.text)
    _ll_ushift_r                             0x08000685   Thumb Code     0  llushr.o(.text)
    __aeabi_lasr                             0x080006a5   Thumb Code    36  llsshr.o(.text)
    _ll_sshift_r                             0x080006a5   Thumb Code     0  llsshr.o(.text)
    __I$use$fp                               0x080006c9   Thumb Code     0  iusefp.o(.text)
    _double_round                            0x080006c9   Thumb Code    26  depilogue.o(.text)
    _double_epilogue                         0x080006e3   Thumb Code   164  depilogue.o(.text)
    __aeabi_ddiv                             0x08000787   Thumb Code   222  ddiv.o(.text)
    __ARM_scalbn                             0x08000865   Thumb Code    46  dscalb.o(.text)
    scalbn                                   0x08000865   Thumb Code     0  dscalb.o(.text)
    __aeabi_d2ulz                            0x08000893   Thumb Code    48  dfixul.o(.text)
    __scatterload                            0x080008c5   Thumb Code    28  init.o(.text)
    __scatterload_rt2                        0x080008c5   Thumb Code     0  init.o(.text)
    _dsqrt                                   0x080008e9   Thumb Code   162  dsqrt.o(.text)
    __decompress                             0x0800098b   Thumb Code     0  __dczerorl2.o(.text)
    __decompress1                            0x0800098b   Thumb Code    92  __dczerorl2.o(.text)
    AscToHex                                 0x080009e7   Thumb Code    54  variable.o(i.AscToHex)
    BusFault_Handler                         0x08000a1d   Thumb Code     4  stm32f10x_it.o(i.BusFault_Handler)
    CAN1_IRQ                                 0x08000a21   Thumb Code    66  drcan.o(i.CAN1_IRQ)
    CAN1_SendData                            0x08000a6d   Thumb Code    78  drcan.o(i.CAN1_SendData)
    CAN_ClearITPendingBit                    0x08000ac1   Thumb Code   162  stm32f10x_can.o(i.CAN_ClearITPendingBit)
    CAN_DeInit                               0x08000b69   Thumb Code    50  stm32f10x_can.o(i.CAN_DeInit)
    CAN_FilterInit                           0x08000ba1   Thumb Code   258  stm32f10x_can.o(i.CAN_FilterInit)
    CAN_ITConfig                             0x08000ca9   Thumb Code    18  stm32f10x_can.o(i.CAN_ITConfig)
    CAN_Init                                 0x08000cbb   Thumb Code   276  stm32f10x_can.o(i.CAN_Init)
    CAN_Receive                              0x08000dcf   Thumb Code   240  stm32f10x_can.o(i.CAN_Receive)
    CAN_StructInit                           0x08000ebf   Thumb Code    32  stm32f10x_can.o(i.CAN_StructInit)
    CAN_Transmit                             0x08000edf   Thumb Code   294  stm32f10x_can.o(i.CAN_Transmit)
    Config_DrCommon                          0x08001005   Thumb Code    54  main.o(i.Config_DrCommon)
    CopyRecData                              0x0800103d   Thumb Code   390  druart.o(i.CopyRecData)
    DebugMon_Handler                         0x080011d9   Thumb Code     2  stm32f10x_it.o(i.DebugMon_Handler)
    Delay1ms                                 0x080011dd   Thumb Code    52  drtimer.o(i.Delay1ms)
    DrCAN1_Init                              0x08001215   Thumb Code   330  drcan.o(i.DrCAN1_Init)
    DrCAN_Init                               0x08001371   Thumb Code    16  drcan.o(i.DrCAN_Init)
    DrLed                                    0x08001385   Thumb Code    88  drgpio.o(i.DrLed)
    DrSpi1_Config                            0x080013e1   Thumb Code    84  drspi.o(i.DrSpi1_Config)
    DrTimer_Init                             0x08001439   Thumb Code    16  drtimer.o(i.DrTimer_Init)
    DrUART4_Init                             0x08001449   Thumb Code   314  druart.o(i.DrUART4_Init)
    DrUSART2_Init                            0x080015a1   Thumb Code   296  druart.o(i.DrUSART2_Init)
    DrUSART3_Init                            0x080016e9   Thumb Code   290  druart.o(i.DrUSART3_Init)
    DrUsart_Init                             0x0800182d   Thumb Code    40  druart.o(i.DrUsart_Init)
    ETH2Usartcan_send                        0x08001859   Thumb Code   232  task_main.o(i.ETH2Usartcan_send)
    Ethernet_Init                            0x08001955   Thumb Code   128  drethernet.o(i.Ethernet_Init)
    Ethernet_SendBuffer                      0x080019f9   Thumb Code    20  drethernet.o(i.Ethernet_SendBuffer)
    FlashReadData                            0x08001a0d   Thumb Code    46  drflash.o(i.FlashReadData)
    GPIO_Init                                0x08001a3b   Thumb Code   274  stm32f10x_gpio.o(i.GPIO_Init)
    GPIO_PinRemapConfig                      0x08001b4d   Thumb Code   138  stm32f10x_gpio.o(i.GPIO_PinRemapConfig)
    GPIO_ReadOutputDataBit                   0x08001bdd   Thumb Code    18  stm32f10x_gpio.o(i.GPIO_ReadOutputDataBit)
    GPIO_ResetBits                           0x08001bef   Thumb Code     4  stm32f10x_gpio.o(i.GPIO_ResetBits)
    GPIO_SetBits                             0x08001bf3   Thumb Code     4  stm32f10x_gpio.o(i.GPIO_SetBits)
    HardFault_Handler                        0x08001bf7   Thumb Code     4  stm32f10x_it.o(i.HardFault_Handler)
    HexToAsc                                 0x08001bfb   Thumb Code    34  variable.o(i.HexToAsc)
    IWDG_Enable                              0x08001c1d   Thumb Code    10  stm32f10x_iwdg.o(i.IWDG_Enable)
    IWDG_ReloadCounter                       0x08001c2d   Thumb Code    10  stm32f10x_iwdg.o(i.IWDG_ReloadCounter)
    IWDG_SetPrescaler                        0x08001c3d   Thumb Code     6  stm32f10x_iwdg.o(i.IWDG_SetPrescaler)
    IWDG_SetReload                           0x08001c49   Thumb Code     6  stm32f10x_iwdg.o(i.IWDG_SetReload)
    IWDG_WriteAccessCmd                      0x08001c55   Thumb Code     6  stm32f10x_iwdg.o(i.IWDG_WriteAccessCmd)
    MQTTDeserialize_ack                      0x08001c61   Thumb Code   108  mqttdeserializepublish.o(i.MQTTDeserialize_ack)
    MQTTDeserialize_connack                  0x08001ccd   Thumb Code   118  mqttconnectclient.o(i.MQTTDeserialize_connack)
    MQTTDeserialize_publish                  0x08001d43   Thumb Code   168  mqttdeserializepublish.o(i.MQTTDeserialize_publish)
    MQTTDeserialize_suback                   0x08001deb   Thumb Code   146  mqttsubscribeclient.o(i.MQTTDeserialize_suback)
    MQTTPacket_decode                        0x08001e7d   Thumb Code    86  mqttpacket.o(i.MQTTPacket_decode)
    MQTTPacket_decodeBuf                     0x08001ed5   Thumb Code    20  mqttpacket.o(i.MQTTPacket_decodeBuf)
    MQTTPacket_encode                        0x08001ef1   Thumb Code    54  mqttpacket.o(i.MQTTPacket_encode)
    MQTTPacket_len                           0x08001f29   Thumb Code    34  mqttpacket.o(i.MQTTPacket_len)
    MQTTPacket_read                          0x08001f51   Thumb Code    98  mqttpacket.o(i.MQTTPacket_read)
    MQTTPub_task                             0x08001fb5   Thumb Code   104  task_mqtt.o(i.MQTTPub_task)
    MQTTSerialize_ack                        0x08002029   Thumb Code   114  mqttserializepublish.o(i.MQTTSerialize_ack)
    MQTTSerialize_connect                    0x0800209d   Thumb Code   342  mqttconnectclient.o(i.MQTTSerialize_connect)
    MQTTSerialize_connectLength              0x08002205   Thumb Code   118  mqttconnectclient.o(i.MQTTSerialize_connectLength)
    MQTTSerialize_pingreq                    0x0800227b   Thumb Code    18  mqttconnectclient.o(i.MQTTSerialize_pingreq)
    MQTTSerialize_puback                     0x0800228d   Thumb Code    24  mqttserializepublish.o(i.MQTTSerialize_puback)
    MQTTSerialize_publish                    0x080022a5   Thumb Code   176  mqttserializepublish.o(i.MQTTSerialize_publish)
    MQTTSerialize_publishLength              0x08002355   Thumb Code    34  mqttserializepublish.o(i.MQTTSerialize_publishLength)
    MQTTSerialize_subscribe                  0x08002377   Thumb Code   176  mqttsubscribeclient.o(i.MQTTSerialize_subscribe)
    MQTTSerialize_subscribeLength            0x08002427   Thumb Code    46  mqttsubscribeclient.o(i.MQTTSerialize_subscribeLength)
    MQTTSerialize_zero                       0x08002455   Thumb Code    76  mqttconnectclient.o(i.MQTTSerialize_zero)
    MQTTSub_task                             0x080024a1   Thumb Code  1192  task_mqtt.o(i.MQTTSub_task)
    MQTT_Connect                             0x08002955   Thumb Code   134  transport.o(i.MQTT_Connect)
    MQTT_DataHandler                         0x080029e9   Thumb Code   596  task_mqtt.o(i.MQTT_DataHandler)
    MQTT_Init                                0x08002c81   Thumb Code   390  task_mqtt.o(i.MQTT_Init)
    MQTT_MsgHandler                          0x08002e3d   Thumb Code   240  task_mqtt.o(i.MQTT_MsgHandler)
    MQTT_Timer1ms                            0x08002f45   Thumb Code   256  task_mqtt.o(i.MQTT_Timer1ms)
    MQTT_task                                0x0800308d   Thumb Code   526  task_mqtt.o(i.MQTT_task)
    MQTTstrlen                               0x080032c5   Thumb Code    24  mqttpacket.o(i.MQTTstrlen)
    MemManage_Handler                        0x080032dd   Thumb Code     4  stm32f10x_it.o(i.MemManage_Handler)
    NMI_Handler                              0x080032e1   Thumb Code     2  stm32f10x_it.o(i.NMI_Handler)
    NVIC_Init                                0x080032e5   Thumb Code   102  misc.o(i.NVIC_Init)
    NVIC_PriorityGroupConfig                 0x08003359   Thumb Code    10  misc.o(i.NVIC_PriorityGroupConfig)
    NVIC_SetVectorTable                      0x0800336d   Thumb Code    12  misc.o(i.NVIC_SetVectorTable)
    OSInit                                   0x08003381   Thumb Code    48  os_core.o(i.OSInit)
    OSInitHookBegin                          0x080033b1   Thumb Code    24  os_cpu_c.o(i.OSInitHookBegin)
    OSInitHookEnd                            0x080033d5   Thumb Code     2  os_cpu_c.o(i.OSInitHookEnd)
    OSIntEnter                               0x080033d9   Thumb Code    28  os_core.o(i.OSIntEnter)
    OSIntExit                                0x080033fd   Thumb Code   112  os_core.o(i.OSIntExit)
    OSMboxCreate                             0x0800348d   Thumb Code    72  os_mbox.o(i.OSMboxCreate)
    OSMboxPend                               0x080034e1   Thumb Code   246  os_mbox.o(i.OSMboxPend)
    OSMboxPost                               0x080035e5   Thumb Code    80  os_mbox.o(i.OSMboxPost)
    OSQCreate                                0x08003635   Thumb Code   144  os_q.o(i.OSQCreate)
    OSQFlush                                 0x080036d5   Thumb Code    36  os_q.o(i.OSQFlush)
    OSQPend                                  0x080036f9   Thumb Code   272  os_q.o(i.OSQPend)
    OSStart                                  0x08003815   Thumb Code    48  os_core.o(i.OSStart)
    OSTCBInitHook                            0x0800385d   Thumb Code     2  os_cpu_c.o(i.OSTCBInitHook)
    OSTaskCreate                             0x08003861   Thumb Code   148  os_task.o(i.OSTaskCreate)
    OSTaskCreateExt                          0x08003901   Thumb Code   170  os_task.o(i.OSTaskCreateExt)
    OSTaskCreateHook                         0x080039b9   Thumb Code     2  os_cpu_c.o(i.OSTaskCreateHook)
    OSTaskDel                                0x080039bd   Thumb Code   294  os_task.o(i.OSTaskDel)
    OSTaskDelHook                            0x08003b11   Thumb Code     2  os_cpu_c.o(i.OSTaskDelHook)
    OSTaskIdleHook                           0x08003b13   Thumb Code     2  os_cpu_c.o(i.OSTaskIdleHook)
    OSTaskNameSet                            0x08003b15   Thumb Code    98  os_task.o(i.OSTaskNameSet)
    OSTaskReturnHook                         0x08003b85   Thumb Code     2  os_cpu_c.o(i.OSTaskReturnHook)
    OSTaskStatHook                           0x08003b87   Thumb Code     2  os_cpu_c.o(i.OSTaskStatHook)
    OSTaskStkChk                             0x08003b89   Thumb Code   128  os_task.o(i.OSTaskStkChk)
    OSTaskStkInit                            0x08003c11   Thumb Code   152  os_cpu_c.o(i.OSTaskStkInit)
    OSTaskSuspend                            0x08003cad   Thumb Code   152  os_task.o(i.OSTaskSuspend)
    OSTaskSwHook                             0x08003d55   Thumb Code     2  os_cpu_c.o(i.OSTaskSwHook)
    OSTimeDly                                0x08003d59   Thumb Code   100  os_time.o(i.OSTimeDly)
    OSTimeDlyHMSM                            0x08003dd1   Thumb Code    86  os_time.o(i.OSTimeDlyHMSM)
    OSTimeTick                               0x08003e31   Thumb Code   218  os_core.o(i.OSTimeTick)
    OSTimeTickHook                           0x08003f25   Thumb Code     2  os_cpu_c.o(i.OSTimeTickHook)
    OS_CPU_SysTickHandler                    0x08003f29   Thumb Code    26  stm32f10x_it.o(i.OS_CPU_SysTickHandler)
    OS_Dummy                                 0x08003f49   Thumb Code     2  os_core.o(i.OS_Dummy)
    OS_EventTaskRdy                          0x08003f4d   Thumb Code   118  os_core.o(i.OS_EventTaskRdy)
    OS_EventTaskRemove                       0x08003fd5   Thumb Code    42  os_core.o(i.OS_EventTaskRemove)
    OS_EventTaskWait                         0x08004001   Thumb Code   112  os_core.o(i.OS_EventTaskWait)
    OS_EventWaitListInit                     0x0800407d   Thumb Code    28  os_core.o(i.OS_EventWaitListInit)
    OS_FlagInit                              0x08004099   Thumb Code    74  os_flag.o(i.OS_FlagInit)
    OS_FlagUnlink                            0x080040f1   Thumb Code    36  os_flag.o(i.OS_FlagUnlink)
    OS_MemClr                                0x08004335   Thumb Code    18  os_core.o(i.OS_MemClr)
    OS_MemInit                               0x08004349   Thumb Code    74  os_mem.o(i.OS_MemInit)
    OS_QInit                                 0x080043a1   Thumb Code    74  os_q.o(i.OS_QInit)
    OS_Sched                                 0x080043f5   Thumb Code    88  os_core.o(i.OS_Sched)
    OS_TCBInit                               0x08004495   Thumb Code   306  os_core.o(i.OS_TCBInit)
    OS_TaskIdle                              0x080045e5   Thumb Code    34  os_core.o(i.OS_TaskIdle)
    OS_TaskReturn                            0x0800460d   Thumb Code    18  os_task.o(i.OS_TaskReturn)
    OS_TaskStat                              0x08004625   Thumb Code   140  os_core.o(i.OS_TaskStat)
    OS_TaskStatStkChk                        0x080046c5   Thumb Code    54  os_core.o(i.OS_TaskStatStkChk)
    OS_TaskStkClr                            0x08004701   Thumb Code    26  os_task.o(i.OS_TaskStkClr)
    RCC_APB1PeriphClockCmd                   0x0800471d   Thumb Code    26  stm32f10x_rcc.o(i.RCC_APB1PeriphClockCmd)
    RCC_APB1PeriphResetCmd                   0x0800473d   Thumb Code    26  stm32f10x_rcc.o(i.RCC_APB1PeriphResetCmd)
    RCC_APB2PeriphClockCmd                   0x0800475d   Thumb Code    26  stm32f10x_rcc.o(i.RCC_APB2PeriphClockCmd)
    RCC_APB2PeriphResetCmd                   0x0800477d   Thumb Code    26  stm32f10x_rcc.o(i.RCC_APB2PeriphResetCmd)
    RCC_DeInit                               0x0800479d   Thumb Code    64  stm32f10x_rcc.o(i.RCC_DeInit)
    RCC_GetClocksFreq                        0x080047e9   Thumb Code   192  stm32f10x_rcc.o(i.RCC_GetClocksFreq)
    ReadFlashCfg                             0x080048bd   Thumb Code   310  task_main.o(i.ReadFlashCfg)
    SPI_CS_Deselect                          0x08004a01   Thumb Code    12  spi.o(i.SPI_CS_Deselect)
    SPI_CS_Select                            0x08004a11   Thumb Code    12  spi.o(i.SPI_CS_Select)
    SPI_Cmd                                  0x08004a21   Thumb Code    24  stm32f10x_spi.o(i.SPI_Cmd)
    SPI_CrisEnter                            0x08004a39   Thumb Code    10  spi.o(i.SPI_CrisEnter)
    SPI_CrisExit                             0x08004a43   Thumb Code    10  spi.o(i.SPI_CrisExit)
    SPI_Init                                 0x08004a4d   Thumb Code    60  stm32f10x_spi.o(i.SPI_Init)
    SPI_ReadByte                             0x08004a89   Thumb Code    38  spi.o(i.SPI_ReadByte)
    SPI_WriteByte                            0x08004ab5   Thumb Code    34  spi.o(i.SPI_WriteByte)
    STMFLASH_ReadWord                        0x08004add   Thumb Code     6  drflash.o(i.STMFLASH_ReadWord)
    SVC_Handler                              0x08004ae3   Thumb Code     2  stm32f10x_it.o(i.SVC_Handler)
    SystemInit                               0x08004bc9   Thumb Code    78  system_stm32f10x.o(i.SystemInit)
    TIM2_Config                              0x08004c29   Thumb Code   100  drtimer.o(i.TIM2_Config)
    TIM2_IRQ                                 0x08004c8d   Thumb Code    50  drtimer.o(i.TIM2_IRQ)
    TIM2_IRQHandler                          0x08004cc9   Thumb Code    36  stm32f10x_it.o(i.TIM2_IRQHandler)
    TIM3_Config                              0x08004ced   Thumb Code    96  drtimer.o(i.TIM3_Config)
    TIM3_IRQ                                 0x08004d51   Thumb Code    12  drtimer.o(i.TIM3_IRQ)
    TIM3_IRQHandler                          0x08004d5d   Thumb Code    36  stm32f10x_it.o(i.TIM3_IRQHandler)
    TIM4_Config                              0x08004d85   Thumb Code    98  drtimer.o(i.TIM4_Config)
    TIM4_IRQ                                 0x08004ded   Thumb Code     2  drtimer.o(i.TIM4_IRQ)
    TIM4_IRQHandler                          0x08004df1   Thumb Code    36  stm32f10x_it.o(i.TIM4_IRQHandler)
    TIM_ClearITPendingBit                    0x08004e19   Thumb Code     6  stm32f10x_tim.o(i.TIM_ClearITPendingBit)
    TIM_Cmd                                  0x08004e1f   Thumb Code    24  stm32f10x_tim.o(i.TIM_Cmd)
    TIM_DeInit                               0x08004e39   Thumb Code   424  stm32f10x_tim.o(i.TIM_DeInit)
    TIM_GetITStatus                          0x08005021   Thumb Code    34  stm32f10x_tim.o(i.TIM_GetITStatus)
    TIM_ITConfig                             0x08005043   Thumb Code    18  stm32f10x_tim.o(i.TIM_ITConfig)
    TIM_TimeBaseInit                         0x08005055   Thumb Code   122  stm32f10x_tim.o(i.TIM_TimeBaseInit)
    Task_BackGround                          0x080050f9   Thumb Code   176  task_main.o(i.Task_BackGround)
    Task_LedG                                0x080051b9   Thumb Code   100  task_led.o(i.Task_LedG)
    Task_LedR                                0x08005229   Thumb Code   208  task_led.o(i.Task_LedR)
    Task_Main                                0x08005305   Thumb Code    66  task_main.o(i.Task_Main)
    UART4_IRQ                                0x0800536d   Thumb Code    14  druart.o(i.UART4_IRQ)
    UART4_IRQHandler                         0x0800537d   Thumb Code    80  stm32f10x_it.o(i.UART4_IRQHandler)
    UART4_Send_Data                          0x080053d1   Thumb Code    50  druart.o(i.UART4_Send_Data)
    UART5_IRQ                                0x0800540d   Thumb Code     2  druart.o(i.UART5_IRQ)
    UART5_IRQHandler                         0x08005411   Thumb Code    74  stm32f10x_it.o(i.UART5_IRQHandler)
    USART1_IRQ                               0x08005461   Thumb Code     2  druart.o(i.USART1_IRQ)
    USART1_IRQHandler                        0x08005465   Thumb Code    78  stm32f10x_it.o(i.USART1_IRQHandler)
    USART2_IRQ                               0x080054b9   Thumb Code    14  druart.o(i.USART2_IRQ)
    USART2_IRQHandler                        0x080054c9   Thumb Code    80  stm32f10x_it.o(i.USART2_IRQHandler)
    USART2_Send_Data                         0x0800551d   Thumb Code    38  druart.o(i.USART2_Send_Data)
    USART3_IRQ                               0x08005549   Thumb Code    14  druart.o(i.USART3_IRQ)
    USART3_IRQHandler                        0x08005559   Thumb Code    80  stm32f10x_it.o(i.USART3_IRQHandler)
    USART3_Send_Data                         0x080055ad   Thumb Code    38  druart.o(i.USART3_Send_Data)
    USART_ClearITPendingBit                  0x080055d9   Thumb Code    30  stm32f10x_usart.o(i.USART_ClearITPendingBit)
    USART_Cmd                                0x080055f7   Thumb Code    24  stm32f10x_usart.o(i.USART_Cmd)
    USART_GetITStatus                        0x0800560f   Thumb Code    84  stm32f10x_usart.o(i.USART_GetITStatus)
    USART_ITConfig                           0x08005663   Thumb Code    74  stm32f10x_usart.o(i.USART_ITConfig)
    USART_Init                               0x080056ad   Thumb Code   210  stm32f10x_usart.o(i.USART_Init)
    USART_Timer1ms                           0x08005785   Thumb Code   158  druart.o(i.USART_Timer1ms)
    USB_LP_CAN1_RX0_IRQHandler               0x0800583d   Thumb Code    32  stm32f10x_it.o(i.USB_LP_CAN1_RX0_IRQHandler)
    UsageFault_Handler                       0x08005861   Thumb Code     4  stm32f10x_it.o(i.UsageFault_Handler)
    UsartRecieveData                         0x08005865   Thumb Code   628  druart.o(i.UsartRecieveData)
    W5500_SPI_Config                         0x08005b6d   Thumb Code    40  drspi.o(i.W5500_SPI_Config)
    W5500_StatusDetect                       0x08005b99   Thumb Code   146  drethernet.o(i.W5500_StatusDetect)
    WIZCHIP_READ                             0x08005c31   Thumb Code    70  w5500.o(i.WIZCHIP_READ)
    WIZCHIP_READ_BUF                         0x08005c7d   Thumb Code    92  w5500.o(i.WIZCHIP_READ_BUF)
    WIZCHIP_WRITE                            0x08005cdd   Thumb Code    72  w5500.o(i.WIZCHIP_WRITE)
    WIZCHIP_WRITE_BUF                        0x08005d29   Thumb Code    94  w5500.o(i.WIZCHIP_WRITE_BUF)
    __0sprintf                               0x08005d8d   Thumb Code    34  printfa.o(i.__0sprintf)
    __1sprintf                               0x08005d8d   Thumb Code     0  printfa.o(i.__0sprintf)
    __2sprintf                               0x08005d8d   Thumb Code     0  printfa.o(i.__0sprintf)
    __c89sprintf                             0x08005d8d   Thumb Code     0  printfa.o(i.__0sprintf)
    sprintf                                  0x08005d8d   Thumb Code     0  printfa.o(i.__0sprintf)
    __ARM_fpclassify                         0x08005db5   Thumb Code    40  fpclassify.o(i.__ARM_fpclassify)
    __kernel_poly                            0x08005ddd   Thumb Code   170  poly.o(i.__kernel_poly)
    __mathlib_dbl_underflow                  0x08005e89   Thumb Code    10  dunder.o(i.__mathlib_dbl_underflow)
    __scatterload_copy                       0x08005e99   Thumb Code    14  handlers.o(i.__scatterload_copy)
    __scatterload_null                       0x08005ea7   Thumb Code     2  handlers.o(i.__scatterload_null)
    __scatterload_zeroinit                   0x08005ea9   Thumb Code    14  handlers.o(i.__scatterload_zeroinit)
    __set_errno                              0x08005eb9   Thumb Code     6  errno.o(i.__set_errno)
    bufchar                                  0x08006771   Thumb Code    36  mqttpacket.o(i.bufchar)
    cJSON_AddItemToArray                     0x08006799   Thumb Code    42  cjson.o(i.cJSON_AddItemToArray)
    cJSON_AddItemToObject                    0x080067c5   Thumb Code    44  cjson.o(i.cJSON_AddItemToObject)
    cJSON_CreateNumber                       0x080067f5   Thumb Code    36  cjson.o(i.cJSON_CreateNumber)
    cJSON_CreateObject                       0x08006819   Thumb Code    18  cjson.o(i.cJSON_CreateObject)
    cJSON_CreateString                       0x0800682b   Thumb Code    28  cjson.o(i.cJSON_CreateString)
    cJSON_Delete                             0x08006849   Thumb Code    82  cjson.o(i.cJSON_Delete)
    cJSON_GetObjectItem                      0x080068a1   Thumb Code    30  cjson.o(i.cJSON_GetObjectItem)
    cJSON_Parse                              0x080068e1   Thumb Code    16  cjson.o(i.cJSON_Parse)
    cJSON_ParseWithOpts                      0x080068f1   Thumb Code    96  cjson.o(i.cJSON_ParseWithOpts)
    cJSON_Print                              0x08006955   Thumb Code    18  cjson.o(i.cJSON_Print)
    close                                    0x080069e1   Thumb Code   128  socket.o(i.close)
    connect                                  0x08006a6d   Thumb Code   340  socket.o(i.connect)
    ctlnetwork                               0x08006bc5   Thumb Code    80  wizchip_conf.o(i.ctlnetwork)
    ctlwizchip                               0x08006c15   Thumb Code   272  wizchip_conf.o(i.ctlwizchip)
    floor                                    0x08006d99   Thumb Code   204  floor.o(i.floor)
    free                                     0x08006e75   Thumb Code    76  malloc.o(i.free)
    getSn_RX_RSR                             0x08006ec5   Thumb Code   108  w5500.o(i.getSn_RX_RSR)
    getSn_TX_FSR                             0x08006f31   Thumb Code   108  w5500.o(i.getSn_TX_FSR)
    main                                     0x08006f9d   Thumb Code   100  main.o(i.main)
    malloc                                   0x08007015   Thumb Code    92  malloc.o(i.malloc)
    mqtt_pingreq                             0x08007081   Thumb Code    76  transport.o(i.mqtt_pingreq)
    mqtt_publish                             0x080070d1   Thumb Code    82  transport.o(i.mqtt_publish)
    mqtt_subscrib                            0x08007129   Thumb Code    72  transport.o(i.mqtt_subscrib)
    pow                                      0x0800788d   Thumb Code  2510  pow.o(i.pow)
    readChar                                 0x08008d9d   Thumb Code    14  mqttpacket.o(i.readChar)
    readInt                                  0x08008dab   Thumb Code    26  mqttpacket.o(i.readInt)
    readMQTTLenString                        0x08008dc5   Thumb Code    58  mqttpacket.o(i.readMQTTLenString)
    recv                                     0x08008e01   Thumb Code   294  socket.o(i.recv)
    reg_wizchip_cris_cbfunc                  0x08008f2d   Thumb Code    26  wizchip_conf.o(i.reg_wizchip_cris_cbfunc)
    reg_wizchip_cs_cbfunc                    0x08008f55   Thumb Code    26  wizchip_conf.o(i.reg_wizchip_cs_cbfunc)
    reg_wizchip_spi_cbfunc                   0x08008f7d   Thumb Code    38  wizchip_conf.o(i.reg_wizchip_spi_cbfunc)
    send                                     0x08008fb1   Thumb Code   374  socket.o(i.send)
    socket                                   0x08009145   Thumb Code   346  socket.o(i.socket)
    sqrt                                     0x080092b5   Thumb Code    76  sqrt.o(i.sqrt)
    transport_close                          0x08009307   Thumb Code    14  transport.o(i.transport_close)
    transport_getdata                        0x08009315   Thumb Code    20  transport.o(i.transport_getdata)
    wiz_recv_data                            0x0800934d   Thumb Code   132  w5500.o(i.wiz_recv_data)
    wiz_send_data                            0x080093d1   Thumb Code   132  w5500.o(i.wiz_send_data)
    wizchip_bus_readbyte                     0x08009455   Thumb Code     6  wizchip_conf.o(i.wizchip_bus_readbyte)
    wizchip_bus_writebyte                    0x0800945b   Thumb Code     4  wizchip_conf.o(i.wizchip_bus_writebyte)
    wizchip_clrinterrupt                     0x0800945f   Thumb Code    32  wizchip_conf.o(i.wizchip_clrinterrupt)
    wizchip_cris_enter                       0x0800947f   Thumb Code     2  wizchip_conf.o(i.wizchip_cris_enter)
    wizchip_cris_exit                        0x08009481   Thumb Code     2  wizchip_conf.o(i.wizchip_cris_exit)
    wizchip_cs_deselect                      0x08009483   Thumb Code     2  wizchip_conf.o(i.wizchip_cs_deselect)
    wizchip_cs_select                        0x08009485   Thumb Code     2  wizchip_conf.o(i.wizchip_cs_select)
    wizchip_getinterrupt                     0x08009487   Thumb Code    42  wizchip_conf.o(i.wizchip_getinterrupt)
    wizchip_getinterruptmask                 0x080094b1   Thumb Code    40  wizchip_conf.o(i.wizchip_getinterruptmask)
    wizchip_getnetinfo                       0x080094d9   Thumb Code    94  wizchip_conf.o(i.wizchip_getnetinfo)
    wizchip_getnetmode                       0x08009541   Thumb Code    10  wizchip_conf.o(i.wizchip_getnetmode)
    wizchip_gettimeout                       0x0800954b   Thumb Code    40  wizchip_conf.o(i.wizchip_gettimeout)
    wizchip_init                             0x08009573   Thumb Code   144  wizchip_conf.o(i.wizchip_init)
    wizchip_setinterruptmask                 0x08009603   Thumb Code    30  wizchip_conf.o(i.wizchip_setinterruptmask)
    wizchip_setnetinfo                       0x08009621   Thumb Code    90  wizchip_conf.o(i.wizchip_setnetinfo)
    wizchip_setnetmode                       0x08009685   Thumb Code    38  wizchip_conf.o(i.wizchip_setnetmode)
    wizchip_settimeout                       0x080096ab   Thumb Code    38  wizchip_conf.o(i.wizchip_settimeout)
    wizchip_spi_readbyte                     0x080096d1   Thumb Code     4  wizchip_conf.o(i.wizchip_spi_readbyte)
    wizchip_spi_writebyte                    0x080096d5   Thumb Code     2  wizchip_conf.o(i.wizchip_spi_writebyte)
    wizchip_sw_reset                         0x080096d7   Thumb Code   114  wizchip_conf.o(i.wizchip_sw_reset)
    wizphy_getphyconf                        0x08009749   Thumb Code   120  wizchip_conf.o(i.wizphy_getphyconf)
    wizphy_getphylink                        0x080097c1   Thumb Code    26  wizchip_conf.o(i.wizphy_getphylink)
    wizphy_getphypmode                       0x080097db   Thumb Code    28  wizchip_conf.o(i.wizphy_getphypmode)
    wizphy_reset                             0x080097f7   Thumb Code    52  wizchip_conf.o(i.wizphy_reset)
    wizphy_setphyconf                        0x0800982b   Thumb Code    88  wizchip_conf.o(i.wizphy_setphyconf)
    wizphy_setphypmode                       0x08009883   Thumb Code   100  wizchip_conf.o(i.wizphy_setphypmode)
    writeCString                             0x080098e7   Thumb Code    40  mqttpacket.o(i.writeCString)
    writeChar                                0x0800990f   Thumb Code    12  mqttpacket.o(i.writeChar)
    writeInt                                 0x0800991b   Thumb Code    48  mqttpacket.o(i.writeInt)
    writeMQTTString                          0x0800994b   Thumb Code    62  mqttpacket.o(i.writeMQTTString)
    RS232_baud                               0x08009988   Data          48  variable.o(.constdata)
    RS232_lenth                              0x080099b8   Data           4  variable.o(.constdata)
    RS232_parity                             0x080099bc   Data           6  variable.o(.constdata)
    RS232_stop                               0x080099c2   Data           4  variable.o(.constdata)
    RS232_FlowCntl                           0x080099c6   Data           8  variable.o(.constdata)
    CAN_baud                                 0x080099ce   Data          28  variable.o(.constdata)
    CAN_CFG_t                                0x080099fc   Data          84  drcan.o(.constdata)
    OSUnMapTbl                               0x08009a57   Data         256  os_core.o(.constdata)
    __mathlib_zero                           0x08009c38   Data           8  qnan.o(.constdata)
    Region$$Table$$Base                      0x08009c40   Number         0  anon$$obj.o(Region$$Table)
    Region$$Table$$Limit                     0x08009c60   Number         0  anon$$obj.o(Region$$Table)
    APPL_CRC                                 0x08024000   Data           4  variable.o(.ARM.__AT_0x08024000)
    ulSrandCount                             0x20000000   Data           4  stm32f10x_it.o(.data)
    platform_version                         0x20000004   Data          24  variable.o(.data)
    funcTion                                 0x2000001c   Data          26  variable.o(.data)
    gWIZNETINFO                              0x20000036   Data          42  variable.o(.data)
    gWIZNetTimeout                           0x20000060   Data           4  variable.o(.data)
    USARTCAN                                 0x20000064   Data         124  variable.o(.data)
    DataType                                 0x200000e0   Data          60  variable.o(.data)
    g_u16_TCPIPsendlen                       0x2000011c   Data           2  variable.o(.data)
    cpu_sr                                   0x2000011e   Data           2  variable.o(.data)
    led_blink                                0x20000120   Data           1  task_led.o(.data)
    mBOX_LED_R                               0x20000124   Data           4  task_led.o(.data)
    mBOX_LED_G                               0x20000128   Data           4  task_led.o(.data)
    err                                      0x2000012c   Data           1  task_led.o(.data)
    MQTT_PubInfo                             0x200003b0   Data         140  task_mqtt.o(.data)
    MQTT_CFG_Connect                         0x2000043c   Data          56  task_mqtt.o(.data)
    EV_MQTTRECV                              0x20000474   Data           4  task_mqtt.o(.data)
    PublishQueue                             0x20000478   Data           4  task_mqtt.o(.data)
    _MQTT_Status                             0x20000482   Data           1  task_mqtt.o(.data)
    _SystemFlag                              0x20000488   Data           3  druart.o(.data)
    FrameStatus                              0x2000049e   Data           3  druart.o(.data)
    OS_CPU_ExceptStkBase                     0x200004c4   Data           4  os_cpu_c.o(.data)
    OSCtxSwCtr                               0x200004c8   Data           4  os_core.o(.data)
    OSEventFreeList                          0x200004cc   Data           4  os_core.o(.data)
    OSFlagFreeList                           0x200004d0   Data           4  os_core.o(.data)
    OSCPUUsage                               0x200004d4   Data           1  os_core.o(.data)
    OSIdleCtrMax                             0x200004d8   Data           4  os_core.o(.data)
    OSIdleCtrRun                             0x200004dc   Data           4  os_core.o(.data)
    OSStatRdy                                0x200004e0   Data           1  os_core.o(.data)
    OSIntNesting                             0x200004e1   Data           1  os_core.o(.data)
    OSLockNesting                            0x200004e2   Data           1  os_core.o(.data)
    OSPrioCur                                0x200004e3   Data           1  os_core.o(.data)
    OSPrioHighRdy                            0x200004e4   Data           1  os_core.o(.data)
    OSRdyGrp                                 0x200004e5   Data           1  os_core.o(.data)
    OSRdyTbl                                 0x200004e6   Data           8  os_core.o(.data)
    OSRunning                                0x200004ee   Data           1  os_core.o(.data)
    OSTaskCtr                                0x200004ef   Data           1  os_core.o(.data)
    OSIdleCtr                                0x200004f0   Data           4  os_core.o(.data)
    OSTCBCur                                 0x200004f4   Data           4  os_core.o(.data)
    OSTCBFreeList                            0x200004f8   Data           4  os_core.o(.data)
    OSTCBHighRdy                             0x200004fc   Data           4  os_core.o(.data)
    OSTCBList                                0x20000500   Data           4  os_core.o(.data)
    OSTickStepState                          0x20000504   Data           1  os_core.o(.data)
    OSMemFreeList                            0x20000508   Data           4  os_core.o(.data)
    OSQFreeList                              0x2000050c   Data           4  os_core.o(.data)
    OSTaskRegNextAvailID                     0x20000510   Data           1  os_core.o(.data)
    OSTime                                   0x20000514   Data           4  os_core.o(.data)
    WIZCHIP                                  0x20000518   Data          32  wizchip_conf.o(.data)
    __microlib_freelist                      0x20000550   Data           4  mvars.o(.data)
    __microlib_freelist_initialised          0x20000554   Data           4  mvars.o(.data)
    STK_Buffer_main                          0x2000055c   Data         256  main.o(.bss)
    USARTCAN_Recv                            0x2000065c   Data        1048  variable.o(.bss)
    STK_ledR                                 0x20000a74   Data         128  task_main.o(.bss)
    STK_ledG                                 0x20000af4   Data         128  task_main.o(.bss)
    STK_TCPIP                                0x20000b74   Data        2048  task_main.o(.bss)
    STK_MBTCP                                0x20001374   Data        1024  task_main.o(.bss)
    STK_MQTT                                 0x20001774   Data        4096  task_main.o(.bss)
    STK_HTTP                                 0x20002774   Data        2048  task_main.o(.bss)
    STK_BACKGRD                              0x20002f74   Data        4096  task_main.o(.bss)
    STK_MQTTSUB                              0x20003f74   Data        2048  task_mqtt.o(.bss)
    STK_MQTTPUB                              0x20004774   Data        4096  task_mqtt.o(.bss)
    mqttMsg                                  0x2000583c   Data          20  task_mqtt.o(.bss)
    MQTT_SubInfo                             0x20005850   Data         140  task_mqtt.o(.bss)
    mqtt_recv_msg                            0x200058dc   Data          32  task_mqtt.o(.bss)
    PublishReq_Block                         0x200058fc   Data          40  task_mqtt.o(.bss)
    subbuf                                   0x20005924   Data         200  task_mqtt.o(.bss)
    OS_CPU_ExceptStk                         0x20005cec   Data         512  os_cpu_c.o(.bss)
    OSEventTbl                               0x20005eec   Data        1200  os_core.o(.bss)
    OSFlagTbl                                0x2000639c   Data         160  os_core.o(.bss)
    OSTaskStatStk                            0x2000643c   Data         512  os_core.o(.bss)
    OSTaskIdleStk                            0x2000663c   Data         512  os_core.o(.bss)
    OSTCBPrioTbl                             0x2000683c   Data         256  os_core.o(.bss)
    OSTCBTbl                                 0x2000693c   Data        1848  os_core.o(.bss)
    OSMemTbl                                 0x20007074   Data         120  os_core.o(.bss)
    OSQTbl                                   0x200070ec   Data         720  os_core.o(.bss)
    Pubbuf                                   0x200073cc   Data        4096  transport.o(.bss)
    Subbuf                                   0x200083cc   Data        4096  transport.o(.bss)
    __heap_base                              0x200093d0   Data           0  startup_stm32f10x_hd.o(HEAP)
    __heap_limit                             0x20009fd0   Data           0  startup_stm32f10x_hd.o(HEAP)
    __initial_sp                             0x2000abd0   Data           0  startup_stm32f10x_hd.o(STACK)



==============================================================================

Memory Map of the image

  Image Entry point : 0x08000131

  Load Region LR_IROM1 (Base: 0x08000000, Size: 0x0000a1bc, Max: 0x0001c000, ABSOLUTE, COMPRESSED[0x00009ddc])

    Execution Region ER_IROM1 (Base: 0x08000000, Size: 0x00009c60, Max: 0x0001c000, ABSOLUTE)

    Base Addr    Size         Type   Attr      Idx    E Section Name        Object

    0x08000000   0x00000130   Data   RO         1304    RESET               startup_stm32f10x_hd.o
    0x08000130   0x00000000   Code   RO         6239  * .ARM.Collect$$$$00000000  mc_w.l(entry.o)
    0x08000130   0x00000004   Code   RO         6594    .ARM.Collect$$$$00000001  mc_w.l(entry2.o)
    0x08000134   0x00000004   Code   RO         6597    .ARM.Collect$$$$00000004  mc_w.l(entry5.o)
    0x08000138   0x00000000   Code   RO         6599    .ARM.Collect$$$$00000008  mc_w.l(entry7b.o)
    0x08000138   0x00000000   Code   RO         6601    .ARM.Collect$$$$0000000A  mc_w.l(entry8b.o)
    0x08000138   0x00000008   Code   RO         6602    .ARM.Collect$$$$0000000B  mc_w.l(entry9a.o)
    0x08000140   0x00000000   Code   RO         6604    .ARM.Collect$$$$0000000D  mc_w.l(entry10a.o)
    0x08000140   0x00000000   Code   RO         6606    .ARM.Collect$$$$0000000F  mc_w.l(entry11a.o)
    0x08000140   0x00000004   Code   RO         6595    .ARM.Collect$$$$00002712  mc_w.l(entry2.o)
    0x08000144   0x00000024   Code   RO         1305    .text               startup_stm32f10x_hd.o
    0x08000168   0x000000b0   Code   RO         4189    .text               os_cpu_a.o
    0x08000218   0x0000000c   Code   RO         6242    .text               mc_w.l(tolower.o)
    0x08000224   0x00000024   Code   RO         6244    .text               mc_w.l(memcpya.o)
    0x08000248   0x00000024   Code   RO         6246    .text               mc_w.l(memseta.o)
    0x0800026c   0x00000014   Code   RO         6254    .text               mc_w.l(strchr.o)
    0x08000280   0x0000000e   Code   RO         6256    .text               mc_w.l(strlen.o)
    0x0800028e   0x0000001c   Code   RO         6258    .text               mc_w.l(strcmp.o)
    0x080002aa   0x00000012   Code   RO         6262    .text               mc_w.l(strcpy.o)
    0x080002bc   0x0000001e   Code   RO         6264    .text               mc_w.l(strncmp.o)
    0x080002da   0x0000014e   Code   RO         6563    .text               mf_w.l(dadd.o)
    0x08000428   0x000000e4   Code   RO         6565    .text               mf_w.l(dmul.o)
    0x0800050c   0x00000022   Code   RO         6567    .text               mf_w.l(dflti.o)
    0x0800052e   0x0000001a   Code   RO         6569    .text               mf_w.l(dfltui.o)
    0x08000548   0x0000003e   Code   RO         6571    .text               mf_w.l(dfixi.o)
    0x08000586   0x00000002   PAD
    0x08000588   0x00000028   Code   RO         6575    .text               mf_w.l(cdcmple.o)
    0x080005b0   0x00000028   Code   RO         6577    .text               mf_w.l(cdrcmple.o)
    0x080005d8   0x0000002c   Code   RO         6611    .text               mc_w.l(uidiv.o)
    0x08000604   0x00000062   Code   RO         6613    .text               mc_w.l(uldiv.o)
    0x08000666   0x0000001e   Code   RO         6615    .text               mc_w.l(llshl.o)
    0x08000684   0x00000020   Code   RO         6617    .text               mc_w.l(llushr.o)
    0x080006a4   0x00000024   Code   RO         6619    .text               mc_w.l(llsshr.o)
    0x080006c8   0x00000000   Code   RO         6630    .text               mc_w.l(iusefp.o)
    0x080006c8   0x000000be   Code   RO         6631    .text               mf_w.l(depilogue.o)
    0x08000786   0x000000de   Code   RO         6633    .text               mf_w.l(ddiv.o)
    0x08000864   0x0000002e   Code   RO         6635    .text               mf_w.l(dscalb.o)
    0x08000892   0x00000030   Code   RO         6637    .text               mf_w.l(dfixul.o)
    0x080008c2   0x00000002   PAD
    0x080008c4   0x00000024   Code   RO         6639    .text               mc_w.l(init.o)
    0x080008e8   0x000000a2   Code   RO         6643    .text               mf_w.l(dsqrt.o)
    0x0800098a   0x0000005c   Code   RO         6653    .text               mc_w.l(__dczerorl2.o)
    0x080009e6   0x00000036   Code   RO          324    i.AscToHex          variable.o
    0x08000a1c   0x00000004   Code   RO          206    i.BusFault_Handler  stm32f10x_it.o
    0x08000a20   0x0000004c   Code   RO          868    i.CAN1_IRQ          drcan.o
    0x08000a6c   0x00000054   Code   RO          869    i.CAN1_SendData     drcan.o
    0x08000ac0   0x000000a8   Code   RO         1647    i.CAN_ClearITPendingBit  stm32f10x_can.o
    0x08000b68   0x00000038   Code   RO         1649    i.CAN_DeInit        stm32f10x_can.o
    0x08000ba0   0x00000108   Code   RO         1651    i.CAN_FilterInit    stm32f10x_can.o
    0x08000ca8   0x00000012   Code   RO         1657    i.CAN_ITConfig      stm32f10x_can.o
    0x08000cba   0x00000114   Code   RO         1658    i.CAN_Init          stm32f10x_can.o
    0x08000dce   0x000000f0   Code   RO         1661    i.CAN_Receive       stm32f10x_can.o
    0x08000ebe   0x00000020   Code   RO         1664    i.CAN_StructInit    stm32f10x_can.o
    0x08000ede   0x00000126   Code   RO         1666    i.CAN_Transmit      stm32f10x_can.o
    0x08001004   0x00000036   Code   RO            1    i.Config_DrCommon   main.o
    0x0800103a   0x00000002   PAD
    0x0800103c   0x0000019c   Code   RO          744    i.CopyRecData       druart.o
    0x080011d8   0x00000002   Code   RO          207    i.DebugMon_Handler  stm32f10x_it.o
    0x080011da   0x00000002   PAD
    0x080011dc   0x00000038   Code   RO          592    i.Delay1ms          drtimer.o
    0x08001214   0x0000015c   Code   RO          870    i.DrCAN1_Init       drcan.o
    0x08001370   0x00000014   Code   RO          871    i.DrCAN_Init        drcan.o
    0x08001384   0x0000005c   Code   RO          652    i.DrLed             drgpio.o
    0x080013e0   0x00000058   Code   RO          669    i.DrSpi1_Config     drspi.o
    0x08001438   0x00000010   Code   RO          593    i.DrTimer_Init      drtimer.o
    0x08001448   0x00000158   Code   RO          745    i.DrUART4_Init      druart.o
    0x080015a0   0x00000148   Code   RO          748    i.DrUSART2_Init     druart.o
    0x080016e8   0x00000144   Code   RO          749    i.DrUSART3_Init     druart.o
    0x0800182c   0x0000002c   Code   RO          750    i.DrUsart_Init      druart.o
    0x08001858   0x000000fc   Code   RO          409    i.ETH2Usartcan_send  task_main.o
    0x08001954   0x000000a4   Code   RO          700    i.Ethernet_Init     drethernet.o
    0x080019f8   0x00000014   Code   RO          702    i.Ethernet_SendBuffer  drethernet.o
    0x08001a0c   0x0000002e   Code   RO          557    i.FlashReadData     drflash.o
    0x08001a3a   0x00000112   Code   RO         2370    i.GPIO_Init         stm32f10x_gpio.o
    0x08001b4c   0x00000090   Code   RO         2372    i.GPIO_PinRemapConfig  stm32f10x_gpio.o
    0x08001bdc   0x00000012   Code   RO         2376    i.GPIO_ReadOutputDataBit  stm32f10x_gpio.o
    0x08001bee   0x00000004   Code   RO         2377    i.GPIO_ResetBits    stm32f10x_gpio.o
    0x08001bf2   0x00000004   Code   RO         2378    i.GPIO_SetBits      stm32f10x_gpio.o
    0x08001bf6   0x00000004   Code   RO          208    i.HardFault_Handler  stm32f10x_it.o
    0x08001bfa   0x00000022   Code   RO          326    i.HexToAsc          variable.o
    0x08001c1c   0x00000010   Code   RO         2682    i.IWDG_Enable       stm32f10x_iwdg.o
    0x08001c2c   0x00000010   Code   RO         2684    i.IWDG_ReloadCounter  stm32f10x_iwdg.o
    0x08001c3c   0x0000000c   Code   RO         2685    i.IWDG_SetPrescaler  stm32f10x_iwdg.o
    0x08001c48   0x0000000c   Code   RO         2686    i.IWDG_SetReload    stm32f10x_iwdg.o
    0x08001c54   0x0000000c   Code   RO         2687    i.IWDG_WriteAccessCmd  stm32f10x_iwdg.o
    0x08001c60   0x0000006c   Code   RO         5895    i.MQTTDeserialize_ack  mqttdeserializepublish.o
    0x08001ccc   0x00000076   Code   RO         5829    i.MQTTDeserialize_connack  mqttconnectclient.o
    0x08001d42   0x000000a8   Code   RO         5896    i.MQTTDeserialize_publish  mqttdeserializepublish.o
    0x08001dea   0x00000092   Code   RO         6141    i.MQTTDeserialize_suback  mqttsubscribeclient.o
    0x08001e7c   0x00000056   Code   RO         5984    i.MQTTPacket_decode  mqttpacket.o
    0x08001ed2   0x00000002   PAD
    0x08001ed4   0x0000001c   Code   RO         5985    i.MQTTPacket_decodeBuf  mqttpacket.o
    0x08001ef0   0x00000036   Code   RO         5987    i.MQTTPacket_encode  mqttpacket.o
    0x08001f26   0x00000002   PAD
    0x08001f28   0x00000028   Code   RO         5989    i.MQTTPacket_len    mqttpacket.o
    0x08001f50   0x00000062   Code   RO         5990    i.MQTTPacket_read   mqttpacket.o
    0x08001fb2   0x00000002   PAD
    0x08001fb4   0x00000074   Code   RO          483    i.MQTTPub_task      task_mqtt.o
    0x08002028   0x00000072   Code   RO         6099    i.MQTTSerialize_ack  mqttserializepublish.o
    0x0800209a   0x00000002   PAD
    0x0800209c   0x00000168   Code   RO         5830    i.MQTTSerialize_connect  mqttconnectclient.o
    0x08002204   0x00000076   Code   RO         5831    i.MQTTSerialize_connectLength  mqttconnectclient.o
    0x0800227a   0x00000012   Code   RO         5833    i.MQTTSerialize_pingreq  mqttconnectclient.o
    0x0800228c   0x00000018   Code   RO         6100    i.MQTTSerialize_puback  mqttserializepublish.o
    0x080022a4   0x000000b0   Code   RO         6102    i.MQTTSerialize_publish  mqttserializepublish.o
    0x08002354   0x00000022   Code   RO         6103    i.MQTTSerialize_publishLength  mqttserializepublish.o
    0x08002376   0x000000b0   Code   RO         6142    i.MQTTSerialize_subscribe  mqttsubscribeclient.o
    0x08002426   0x0000002e   Code   RO         6143    i.MQTTSerialize_subscribeLength  mqttsubscribeclient.o
    0x08002454   0x0000004c   Code   RO         5834    i.MQTTSerialize_zero  mqttconnectclient.o
    0x080024a0   0x000004b4   Code   RO          484    i.MQTTSub_task      task_mqtt.o
    0x08002954   0x00000094   Code   RO         5783    i.MQTT_Connect      transport.o
    0x080029e8   0x00000298   Code   RO          485    i.MQTT_DataHandler  task_mqtt.o
    0x08002c80   0x000001bc   Code   RO          486    i.MQTT_Init         task_mqtt.o
    0x08002e3c   0x00000108   Code   RO          487    i.MQTT_MsgHandler   task_mqtt.o
    0x08002f44   0x00000148   Code   RO          489    i.MQTT_Timer1ms     task_mqtt.o
    0x0800308c   0x00000238   Code   RO          490    i.MQTT_task         task_mqtt.o
    0x080032c4   0x00000018   Code   RO         5992    i.MQTTstrlen        mqttpacket.o
    0x080032dc   0x00000004   Code   RO          209    i.MemManage_Handler  stm32f10x_it.o
    0x080032e0   0x00000002   Code   RO          210    i.NMI_Handler       stm32f10x_it.o
    0x080032e2   0x00000002   PAD
    0x080032e4   0x00000074   Code   RO         1309    i.NVIC_Init         misc.o
    0x08003358   0x00000014   Code   RO         1310    i.NVIC_PriorityGroupConfig  misc.o
    0x0800336c   0x00000014   Code   RO         1311    i.NVIC_SetVectorTable  misc.o
    0x08003380   0x00000030   Code   RO         4286    i.OSInit            os_core.o
    0x080033b0   0x00000024   Code   RO         4192    i.OSInitHookBegin   os_cpu_c.o
    0x080033d4   0x00000002   Code   RO         4193    i.OSInitHookEnd     os_cpu_c.o
    0x080033d6   0x00000002   PAD
    0x080033d8   0x00000024   Code   RO         4287    i.OSIntEnter        os_core.o
    0x080033fc   0x00000090   Code   RO         4288    i.OSIntExit         os_core.o
    0x0800348c   0x00000054   Code   RO         4560    i.OSMboxCreate      os_mbox.o
    0x080034e0   0x00000104   Code   RO         4562    i.OSMboxPend        os_mbox.o
    0x080035e4   0x00000050   Code   RO         4564    i.OSMboxPost        os_mbox.o
    0x08003634   0x000000a0   Code   RO         4709    i.OSQCreate         os_q.o
    0x080036d4   0x00000024   Code   RO         4711    i.OSQFlush          os_q.o
    0x080036f8   0x0000011c   Code   RO         4712    i.OSQPend           os_q.o
    0x08003814   0x00000048   Code   RO         4291    i.OSStart           os_core.o
    0x0800385c   0x00000002   Code   RO         4194    i.OSTCBInitHook     os_cpu_c.o
    0x0800385e   0x00000002   PAD
    0x08003860   0x000000a0   Code   RO         4835    i.OSTaskCreate      os_task.o
    0x08003900   0x000000b8   Code   RO         4836    i.OSTaskCreateExt   os_task.o
    0x080039b8   0x00000002   Code   RO         4195    i.OSTaskCreateHook  os_cpu_c.o
    0x080039ba   0x00000002   PAD
    0x080039bc   0x00000154   Code   RO         4837    i.OSTaskDel         os_task.o
    0x08003b10   0x00000002   Code   RO         4196    i.OSTaskDelHook     os_cpu_c.o
    0x08003b12   0x00000002   Code   RO         4197    i.OSTaskIdleHook    os_cpu_c.o
    0x08003b14   0x00000070   Code   RO         4840    i.OSTaskNameSet     os_task.o
    0x08003b84   0x00000002   Code   RO         4198    i.OSTaskReturnHook  os_cpu_c.o
    0x08003b86   0x00000002   Code   RO         4199    i.OSTaskStatHook    os_cpu_c.o
    0x08003b88   0x00000088   Code   RO         4846    i.OSTaskStkChk      os_task.o
    0x08003c10   0x0000009c   Code   RO         4200    i.OSTaskStkInit     os_cpu_c.o
    0x08003cac   0x000000a8   Code   RO         4847    i.OSTaskSuspend     os_task.o
    0x08003d54   0x00000002   Code   RO         4201    i.OSTaskSwHook      os_cpu_c.o
    0x08003d56   0x00000002   PAD
    0x08003d58   0x00000078   Code   RO         4936    i.OSTimeDly         os_time.o
    0x08003dd0   0x00000060   Code   RO         4937    i.OSTimeDlyHMSM     os_time.o
    0x08003e30   0x000000f4   Code   RO         4293    i.OSTimeTick        os_core.o
    0x08003f24   0x00000002   Code   RO         4202    i.OSTimeTickHook    os_cpu_c.o
    0x08003f26   0x00000002   PAD
    0x08003f28   0x00000020   Code   RO          211    i.OS_CPU_SysTickHandler  stm32f10x_it.o
    0x08003f48   0x00000002   Code   RO         4295    i.OS_Dummy          os_core.o
    0x08003f4a   0x00000002   PAD
    0x08003f4c   0x00000088   Code   RO         4296    i.OS_EventTaskRdy   os_core.o
    0x08003fd4   0x0000002a   Code   RO         4297    i.OS_EventTaskRemove  os_core.o
    0x08003ffe   0x00000002   PAD
    0x08004000   0x0000007c   Code   RO         4298    i.OS_EventTaskWait  os_core.o
    0x0800407c   0x0000001c   Code   RO         4299    i.OS_EventWaitListInit  os_core.o
    0x08004098   0x00000058   Code   RO         4487    i.OS_FlagInit       os_flag.o
    0x080040f0   0x00000024   Code   RO         4489    i.OS_FlagUnlink     os_flag.o
    0x08004114   0x00000060   Code   RO         4300    i.OS_InitEventList  os_core.o
    0x08004174   0x0000005c   Code   RO         4301    i.OS_InitMisc       os_core.o
    0x080041d0   0x00000044   Code   RO         4302    i.OS_InitRdyList    os_core.o
    0x08004214   0x00000080   Code   RO         4303    i.OS_InitTCBList    os_core.o
    0x08004294   0x00000050   Code   RO         4304    i.OS_InitTaskIdle   os_core.o
    0x080042e4   0x00000050   Code   RO         4305    i.OS_InitTaskStat   os_core.o
    0x08004334   0x00000012   Code   RO         4306    i.OS_MemClr         os_core.o
    0x08004346   0x00000002   PAD
    0x08004348   0x00000058   Code   RO         4619    i.OS_MemInit        os_mem.o
    0x080043a0   0x00000054   Code   RO         4718    i.OS_QInit          os_q.o
    0x080043f4   0x00000074   Code   RO         4308    i.OS_Sched          os_core.o
    0x08004468   0x0000002c   Code   RO         4309    i.OS_SchedNew       os_core.o
    0x08004494   0x00000150   Code   RO         4311    i.OS_TCBInit        os_core.o
    0x080045e4   0x00000028   Code   RO         4312    i.OS_TaskIdle       os_core.o
    0x0800460c   0x00000018   Code   RO         4848    i.OS_TaskReturn     os_task.o
    0x08004624   0x000000a0   Code   RO         4313    i.OS_TaskStat       os_core.o
    0x080046c4   0x0000003c   Code   RO         4314    i.OS_TaskStatStkChk  os_core.o
    0x08004700   0x0000001a   Code   RO         4849    i.OS_TaskStkClr     os_task.o
    0x0800471a   0x00000002   PAD
    0x0800471c   0x00000020   Code   RO         2786    i.RCC_APB1PeriphClockCmd  stm32f10x_rcc.o
    0x0800473c   0x00000020   Code   RO         2787    i.RCC_APB1PeriphResetCmd  stm32f10x_rcc.o
    0x0800475c   0x00000020   Code   RO         2788    i.RCC_APB2PeriphClockCmd  stm32f10x_rcc.o
    0x0800477c   0x00000020   Code   RO         2789    i.RCC_APB2PeriphResetCmd  stm32f10x_rcc.o
    0x0800479c   0x0000004c   Code   RO         2795    i.RCC_DeInit        stm32f10x_rcc.o
    0x080047e8   0x000000d4   Code   RO         2796    i.RCC_GetClocksFreq  stm32f10x_rcc.o
    0x080048bc   0x00000144   Code   RO          411    i.ReadFlashCfg      task_main.o
    0x08004a00   0x00000010   Code   RO         5273    i.SPI_CS_Deselect   spi.o
    0x08004a10   0x00000010   Code   RO         5274    i.SPI_CS_Select     spi.o
    0x08004a20   0x00000018   Code   RO         3265    i.SPI_Cmd           stm32f10x_spi.o
    0x08004a38   0x0000000a   Code   RO         5276    i.SPI_CrisEnter     spi.o
    0x08004a42   0x0000000a   Code   RO         5277    i.SPI_CrisExit      spi.o
    0x08004a4c   0x0000003c   Code   RO         3278    i.SPI_Init          stm32f10x_spi.o
    0x08004a88   0x0000002c   Code   RO         5280    i.SPI_ReadByte      spi.o
    0x08004ab4   0x00000028   Code   RO         5281    i.SPI_WriteByte     spi.o
    0x08004adc   0x00000006   Code   RO          560    i.STMFLASH_ReadWord  drflash.o
    0x08004ae2   0x00000002   Code   RO          212    i.SVC_Handler       stm32f10x_it.o
    0x08004ae4   0x00000008   Code   RO         1268    i.SetSysClock       system_stm32f10x.o
    0x08004aec   0x000000dc   Code   RO         1269    i.SetSysClockTo72   system_stm32f10x.o
    0x08004bc8   0x00000060   Code   RO         1271    i.SystemInit        system_stm32f10x.o
    0x08004c28   0x00000064   Code   RO          594    i.TIM2_Config       drtimer.o
    0x08004c8c   0x0000003c   Code   RO          595    i.TIM2_IRQ          drtimer.o
    0x08004cc8   0x00000024   Code   RO          213    i.TIM2_IRQHandler   stm32f10x_it.o
    0x08004cec   0x00000064   Code   RO          596    i.TIM3_Config       drtimer.o
    0x08004d50   0x0000000c   Code   RO          597    i.TIM3_IRQ          drtimer.o
    0x08004d5c   0x00000028   Code   RO          214    i.TIM3_IRQHandler   stm32f10x_it.o
    0x08004d84   0x00000068   Code   RO          598    i.TIM4_Config       drtimer.o
    0x08004dec   0x00000002   Code   RO          599    i.TIM4_IRQ          drtimer.o
    0x08004dee   0x00000002   PAD
    0x08004df0   0x00000028   Code   RO          215    i.TIM4_IRQHandler   stm32f10x_it.o
    0x08004e18   0x00000006   Code   RO         3415    i.TIM_ClearITPendingBit  stm32f10x_tim.o
    0x08004e1e   0x00000018   Code   RO         3420    i.TIM_Cmd           stm32f10x_tim.o
    0x08004e36   0x00000002   PAD
    0x08004e38   0x000001e8   Code   RO         3425    i.TIM_DeInit        stm32f10x_tim.o
    0x08005020   0x00000022   Code   RO         3441    i.TIM_GetITStatus   stm32f10x_tim.o
    0x08005042   0x00000012   Code   RO         3445    i.TIM_ITConfig      stm32f10x_tim.o
    0x08005054   0x000000a4   Code   RO         3491    i.TIM_TimeBaseInit  stm32f10x_tim.o
    0x080050f8   0x000000c0   Code   RO          412    i.Task_BackGround   task_main.o
    0x080051b8   0x00000070   Code   RO          381    i.Task_LedG         task_led.o
    0x08005228   0x000000dc   Code   RO          382    i.Task_LedR         task_led.o
    0x08005304   0x00000068   Code   RO          413    i.Task_Main         task_main.o
    0x0800536c   0x0000000e   Code   RO          751    i.UART4_IRQ         druart.o
    0x0800537a   0x00000002   PAD
    0x0800537c   0x00000054   Code   RO          216    i.UART4_IRQHandler  stm32f10x_it.o
    0x080053d0   0x0000003c   Code   RO          752    i.UART4_Send_Data   druart.o
    0x0800540c   0x00000002   Code   RO          753    i.UART5_IRQ         druart.o
    0x0800540e   0x00000002   PAD
    0x08005410   0x00000050   Code   RO          217    i.UART5_IRQHandler  stm32f10x_it.o
    0x08005460   0x00000002   Code   RO          755    i.USART1_IRQ        druart.o
    0x08005462   0x00000002   PAD
    0x08005464   0x00000054   Code   RO          218    i.USART1_IRQHandler  stm32f10x_it.o
    0x080054b8   0x0000000e   Code   RO          757    i.USART2_IRQ        druart.o
    0x080054c6   0x00000002   PAD
    0x080054c8   0x00000054   Code   RO          219    i.USART2_IRQHandler  stm32f10x_it.o
    0x0800551c   0x0000002c   Code   RO          758    i.USART2_Send_Data  druart.o
    0x08005548   0x0000000e   Code   RO          759    i.USART3_IRQ        druart.o
    0x08005556   0x00000002   PAD
    0x08005558   0x00000054   Code   RO          220    i.USART3_IRQHandler  stm32f10x_it.o
    0x080055ac   0x0000002c   Code   RO          760    i.USART3_Send_Data  druart.o
    0x080055d8   0x0000001e   Code   RO         3953    i.USART_ClearITPendingBit  stm32f10x_usart.o
    0x080055f6   0x00000018   Code   RO         3956    i.USART_Cmd         stm32f10x_usart.o
    0x0800560e   0x00000054   Code   RO         3960    i.USART_GetITStatus  stm32f10x_usart.o
    0x08005662   0x0000004a   Code   RO         3962    i.USART_ITConfig    stm32f10x_usart.o
    0x080056ac   0x000000d8   Code   RO         3963    i.USART_Init        stm32f10x_usart.o
    0x08005784   0x000000b8   Code   RO          761    i.USART_Timer1ms    druart.o
    0x0800583c   0x00000024   Code   RO          221    i.USB_LP_CAN1_RX0_IRQHandler  stm32f10x_it.o
    0x08005860   0x00000004   Code   RO          222    i.UsageFault_Handler  stm32f10x_it.o
    0x08005864   0x0000028c   Code   RO          762    i.UsartRecieveData  druart.o
    0x08005af0   0x0000007c   Code   RO          671    i.W5500_GPIO_Configuration  drspi.o
    0x08005b6c   0x0000002c   Code   RO          672    i.W5500_SPI_Config  drspi.o
    0x08005b98   0x00000098   Code   RO          703    i.W5500_StatusDetect  drethernet.o
    0x08005c30   0x0000004c   Code   RO         5335    i.WIZCHIP_READ      w5500.o
    0x08005c7c   0x00000060   Code   RO         5336    i.WIZCHIP_READ_BUF  w5500.o
    0x08005cdc   0x0000004c   Code   RO         5337    i.WIZCHIP_WRITE     w5500.o
    0x08005d28   0x00000064   Code   RO         5338    i.WIZCHIP_WRITE_BUF  w5500.o
    0x08005d8c   0x00000028   Code   RO         6509    i.__0sprintf        mc_w.l(printfa.o)
    0x08005db4   0x00000028   Code   RO         6581    i.__ARM_fpclassify  m_ws.l(fpclassify.o)
    0x08005ddc   0x000000aa   Code   RO         6583    i.__kernel_poly     m_ws.l(poly.o)
    0x08005e86   0x00000002   PAD
    0x08005e88   0x00000010   Code   RO         6579    i.__mathlib_dbl_underflow  m_ws.l(dunder.o)
    0x08005e98   0x0000000e   Code   RO         6647    i.__scatterload_copy  mc_w.l(handlers.o)
    0x08005ea6   0x00000002   Code   RO         6648    i.__scatterload_null  mc_w.l(handlers.o)
    0x08005ea8   0x0000000e   Code   RO         6649    i.__scatterload_zeroinit  mc_w.l(handlers.o)
    0x08005eb6   0x00000002   PAD
    0x08005eb8   0x0000000c   Code   RO         6625    i.__set_errno       mc_w.l(errno.o)
    0x08005ec4   0x0000015c   Code   RO         6514    i._fp_digits        mc_w.l(printfa.o)
    0x08006020   0x000006f0   Code   RO         6515    i._printf_core      mc_w.l(printfa.o)
    0x08006710   0x00000026   Code   RO         6516    i._printf_post_padding  mc_w.l(printfa.o)
    0x08006736   0x00000030   Code   RO         6517    i._printf_pre_padding  mc_w.l(printfa.o)
    0x08006766   0x0000000a   Code   RO         6519    i._sputc            mc_w.l(printfa.o)
    0x08006770   0x00000028   Code   RO         5993    i.bufchar           mqttpacket.o
    0x08006798   0x0000002a   Code   RO          903    i.cJSON_AddItemToArray  cjson.o
    0x080067c2   0x00000002   PAD
    0x080067c4   0x00000030   Code   RO          904    i.cJSON_AddItemToObject  cjson.o
    0x080067f4   0x00000024   Code   RO          913    i.cJSON_CreateNumber  cjson.o
    0x08006818   0x00000012   Code   RO          914    i.cJSON_CreateObject  cjson.o
    0x0800682a   0x0000001c   Code   RO          915    i.cJSON_CreateString  cjson.o
    0x08006846   0x00000002   PAD
    0x08006848   0x00000058   Code   RO          918    i.cJSON_Delete      cjson.o
    0x080068a0   0x0000001e   Code   RO          927    i.cJSON_GetObjectItem  cjson.o
    0x080068be   0x00000002   PAD
    0x080068c0   0x00000020   Code   RO          931    i.cJSON_New_Item    cjson.o
    0x080068e0   0x00000010   Code   RO          932    i.cJSON_Parse       cjson.o
    0x080068f0   0x00000064   Code   RO          933    i.cJSON_ParseWithOpts  cjson.o
    0x08006954   0x00000012   Code   RO          934    i.cJSON_Print       cjson.o
    0x08006966   0x0000004c   Code   RO          939    i.cJSON_strcasecmp  cjson.o
    0x080069b2   0x00000002   PAD
    0x080069b4   0x0000002c   Code   RO          940    i.cJSON_strdup      cjson.o
    0x080069e0   0x0000008c   Code   RO         5191    i.close             socket.o
    0x08006a6c   0x00000158   Code   RO         5192    i.connect           socket.o
    0x08006bc4   0x00000050   Code   RO         4978    i.ctlnetwork        wizchip_conf.o
    0x08006c14   0x00000114   Code   RO         4979    i.ctlwizchip        wizchip_conf.o
    0x08006d28   0x00000070   Code   RO          942    i.ensure            cjson.o
    0x08006d98   0x000000dc   Code   RO         6226    i.floor             m_ws.l(floor.o)
    0x08006e74   0x00000050   Code   RO         6535    i.free              mc_w.l(malloc.o)
    0x08006ec4   0x0000006c   Code   RO         5339    i.getSn_RX_RSR      w5500.o
    0x08006f30   0x0000006c   Code   RO         5340    i.getSn_TX_FSR      w5500.o
    0x08006f9c   0x00000078   Code   RO            2    i.main              main.o
    0x08007014   0x0000006c   Code   RO         6536    i.malloc            mc_w.l(malloc.o)
    0x08007080   0x00000050   Code   RO         5784    i.mqtt_pingreq      transport.o
    0x080070d0   0x00000058   Code   RO         5785    i.mqtt_publish      transport.o
    0x08007128   0x0000004c   Code   RO         5786    i.mqtt_subscrib     transport.o
    0x08007174   0x000000ac   Code   RO          943    i.parse_array       cjson.o
    0x08007220   0x00000114   Code   RO          944    i.parse_hex4        cjson.o
    0x08007334   0x000001bc   Code   RO          945    i.parse_number      cjson.o
    0x080074f0   0x00000114   Code   RO          946    i.parse_object      cjson.o
    0x08007604   0x000001cc   Code   RO          947    i.parse_string      cjson.o
    0x080077d0   0x000000bc   Code   RO          948    i.parse_value       cjson.o
    0x0800788c   0x000009e0   Code   RO         6230    i.pow               m_ws.l(pow.o)
    0x0800826c   0x0000001c   Code   RO          949    i.pow2gt            cjson.o
    0x08008288   0x00000250   Code   RO          950    i.print_array       cjson.o
    0x080084d8   0x00000198   Code   RO          951    i.print_number      cjson.o
    0x08008670   0x00000418   Code   RO          952    i.print_object      cjson.o
    0x08008a88   0x00000010   Code   RO          953    i.print_string      cjson.o
    0x08008a98   0x000001d4   Code   RO          954    i.print_string_ptr  cjson.o
    0x08008c6c   0x00000130   Code   RO          955    i.print_value       cjson.o
    0x08008d9c   0x0000000e   Code   RO         5995    i.readChar          mqttpacket.o
    0x08008daa   0x0000001a   Code   RO         5996    i.readInt           mqttpacket.o
    0x08008dc4   0x0000003a   Code   RO         5997    i.readMQTTLenString  mqttpacket.o
    0x08008dfe   0x00000002   PAD
    0x08008e00   0x0000012c   Code   RO         5197    i.recv              socket.o
    0x08008f2c   0x00000028   Code   RO         4981    i.reg_wizchip_cris_cbfunc  wizchip_conf.o
    0x08008f54   0x00000028   Code   RO         4982    i.reg_wizchip_cs_cbfunc  wizchip_conf.o
    0x08008f7c   0x00000034   Code   RO         4983    i.reg_wizchip_spi_cbfunc  wizchip_conf.o
    0x08008fb0   0x00000180   Code   RO         5199    i.send              socket.o
    0x08009130   0x00000012   Code   RO          956    i.skip              cjson.o
    0x08009142   0x00000002   PAD
    0x08009144   0x00000170   Code   RO         5202    i.socket            socket.o
    0x080092b4   0x0000004c   Code   RO         6587    i.sqrt              m_ws.l(sqrt.o)
    0x08009300   0x00000006   Code   RO          957    i.suffix_object     cjson.o
    0x08009306   0x0000000e   Code   RO         5787    i.transport_close   transport.o
    0x08009314   0x00000018   Code   RO         5788    i.transport_getdata  transport.o
    0x0800932c   0x00000020   Code   RO          958    i.update            cjson.o
    0x0800934c   0x00000084   Code   RO         5341    i.wiz_recv_data     w5500.o
    0x080093d0   0x00000084   Code   RO         5343    i.wiz_send_data     w5500.o
    0x08009454   0x00000006   Code   RO         4984    i.wizchip_bus_readbyte  wizchip_conf.o
    0x0800945a   0x00000004   Code   RO         4985    i.wizchip_bus_writebyte  wizchip_conf.o
    0x0800945e   0x00000020   Code   RO         4986    i.wizchip_clrinterrupt  wizchip_conf.o
    0x0800947e   0x00000002   Code   RO         4987    i.wizchip_cris_enter  wizchip_conf.o
    0x08009480   0x00000002   Code   RO         4988    i.wizchip_cris_exit  wizchip_conf.o
    0x08009482   0x00000002   Code   RO         4989    i.wizchip_cs_deselect  wizchip_conf.o
    0x08009484   0x00000002   Code   RO         4990    i.wizchip_cs_select  wizchip_conf.o
    0x08009486   0x0000002a   Code   RO         4991    i.wizchip_getinterrupt  wizchip_conf.o
    0x080094b0   0x00000028   Code   RO         4992    i.wizchip_getinterruptmask  wizchip_conf.o
    0x080094d8   0x00000068   Code   RO         4993    i.wizchip_getnetinfo  wizchip_conf.o
    0x08009540   0x0000000a   Code   RO         4994    i.wizchip_getnetmode  wizchip_conf.o
    0x0800954a   0x00000028   Code   RO         4995    i.wizchip_gettimeout  wizchip_conf.o
    0x08009572   0x00000090   Code   RO         4996    i.wizchip_init      wizchip_conf.o
    0x08009602   0x0000001e   Code   RO         4997    i.wizchip_setinterruptmask  wizchip_conf.o
    0x08009620   0x00000064   Code   RO         4998    i.wizchip_setnetinfo  wizchip_conf.o
    0x08009684   0x00000026   Code   RO         4999    i.wizchip_setnetmode  wizchip_conf.o
    0x080096aa   0x00000026   Code   RO         5000    i.wizchip_settimeout  wizchip_conf.o
    0x080096d0   0x00000004   Code   RO         5001    i.wizchip_spi_readbyte  wizchip_conf.o
    0x080096d4   0x00000002   Code   RO         5002    i.wizchip_spi_writebyte  wizchip_conf.o
    0x080096d6   0x00000072   Code   RO         5003    i.wizchip_sw_reset  wizchip_conf.o
    0x08009748   0x00000078   Code   RO         5004    i.wizphy_getphyconf  wizchip_conf.o
    0x080097c0   0x0000001a   Code   RO         5005    i.wizphy_getphylink  wizchip_conf.o
    0x080097da   0x0000001c   Code   RO         5006    i.wizphy_getphypmode  wizchip_conf.o
    0x080097f6   0x00000034   Code   RO         5008    i.wizphy_reset      wizchip_conf.o
    0x0800982a   0x00000058   Code   RO         5009    i.wizphy_setphyconf  wizchip_conf.o
    0x08009882   0x00000064   Code   RO         5010    i.wizphy_setphypmode  wizchip_conf.o
    0x080098e6   0x00000028   Code   RO         5998    i.writeCString      mqttpacket.o
    0x0800990e   0x0000000c   Code   RO         5999    i.writeChar         mqttpacket.o
    0x0800991a   0x00000030   Code   RO         6000    i.writeInt          mqttpacket.o
    0x0800994a   0x0000003e   Code   RO         6001    i.writeMQTTString   mqttpacket.o
    0x08009988   0x00000062   Data   RO          329    .constdata          variable.o
    0x080099ea   0x00000002   PAD
    0x080099ec   0x00000010   Data   RO          704    .constdata          drethernet.o
    0x080099fc   0x00000054   Data   RO          872    .constdata          drcan.o
    0x08009a50   0x00000007   Data   RO          959    .constdata          cjson.o
    0x08009a57   0x00000100   Data   RO         4316    .constdata          os_core.o
    0x08009b57   0x00000001   PAD
    0x08009b58   0x00000058   Data   RO         5790    .constdata          transport.o
    0x08009bb0   0x00000088   Data   RO         6231    .constdata          m_ws.l(pow.o)
    0x08009c38   0x00000008   Data   RO         6585    .constdata          m_ws.l(qnan.o)
    0x08009c40   0x00000020   Data   RO         6645    Region$$Table       anon$$obj.o


    Execution Region RW_IRAM1 (Base: 0x20000000, Size: 0x0000abd0, Max: 0x00010000, ABSOLUTE, COMPRESSED[0x0000017c])

    Base Addr    Size         Type   Attr      Idx    E Section Name        Object

    0x20000000   0x00000004   Data   RW          223    .data               stm32f10x_it.o
    0x20000004   0x0000011c   Data   RW          330    .data               variable.o
    0x20000120   0x0000000d   Data   RW          383    .data               task_led.o
    0x2000012d   0x00000003   PAD
    0x20000130   0x00000353   Data   RW          492    .data               task_mqtt.o
    0x20000483   0x00000001   PAD
    0x20000484   0x00000004   Data   RW          600    .data               drtimer.o
    0x20000488   0x00000019   Data   RW          764    .data               druart.o
    0x200004a1   0x00000003   PAD
    0x200004a4   0x0000000c   Data   RW          960    .data               cjson.o
    0x200004b0   0x00000014   Data   RW         2816    .data               stm32f10x_rcc.o
    0x200004c4   0x00000004   Data   RW         4204    .data               os_cpu_c.o
    0x200004c8   0x00000050   Data   RW         4317    .data               os_core.o
    0x20000518   0x00000025   Data   RW         5011    .data               wizchip_conf.o
    0x2000053d   0x00000001   PAD
    0x2000053e   0x0000000e   Data   RW         5204    .data               socket.o
    0x2000054c   0x00000004   Data   RW         6002    .data               mqttpacket.o
    0x20000550   0x00000004   Data   RW         6621    .data               mc_w.l(mvars.o)
    0x20000554   0x00000004   Data   RW         6622    .data               mc_w.l(mvars.o)
    0x20000558   0x00000004   Data   RW         6626    .data               mc_w.l(errno.o)
    0x2000055c   0x00000100   Zero   RW            3    .bss                main.o
    0x2000065c   0x00000418   Zero   RW          328    .bss                variable.o
    0x20000a74   0x00003500   Zero   RW          416    .bss                task_main.o
    0x20003f74   0x00001a78   Zero   RW          491    .bss                task_mqtt.o
    0x200059ec   0x00000300   Zero   RW          763    .bss                druart.o
    0x20005cec   0x00000200   Zero   RW         4203    .bss                os_cpu_c.o
    0x20005eec   0x000014d0   Zero   RW         4315    .bss                os_core.o
    0x200073bc   0x00000010   Zero   RW         5203    .bss                socket.o
    0x200073cc   0x00002000   Zero   RW         5789    .bss                transport.o
    0x200093cc   0x00000004   PAD
    0x200093d0   0x00000c00   Zero   RW         1303    HEAP                startup_stm32f10x_hd.o
    0x20009fd0   0x00000c00   Zero   RW         1302    STACK               startup_stm32f10x_hd.o



  Load Region LR$$.ARM.__AT_0x08024000 (Base: 0x08024000, Size: 0x00000004, Max: 0x00000004, ABSOLUTE)

    Execution Region ER$$.ARM.__AT_0x08024000 (Base: 0x08024000, Size: 0x00000004, Max: 0x00000004, ABSOLUTE, UNINIT)

    Base Addr    Size         Type   Attr      Idx    E Section Name        Object

    0x08024000   0x00000004   Data   RO          327    .ARM.__AT_0x08024000  variable.o


==============================================================================

Image component sizes


      Code (inc. data)   RO Data    RW Data    ZI Data      Debug   Object Name

      5424        256          7         12          0      22393   cjson.o
         0          0          0          0          0         32   core_cm3.o
       528         38         84          0          0       2750   drcan.o
       336         42         16          0          0       1831   drethernet.o
        52          0          0          0          0       1368   drflash.o
        92          4          0          0          0        468   drgpio.o
       256         18          0          0          0       1411   drspi.o
       450         24          0          4          0       3857   drtimer.o
      2482        194          0         25        768       9329   druart.o
       174         20          0          0        256     312419   main.o
       156         32          0          0          0       1849   misc.o
       690         18          0          0          0       3953   mqttconnectclient.o
       276          0          0          0          0       2336   mqttdeserializepublish.o
       630         18          0          4          0       8522   mqttpacket.o
       348          0          0          0          0       3049   mqttserializepublish.o
       368          0          0          0          0       2919   mqttsubscribeclient.o
      2194        390        256         80       5328      20441   os_core.o
       176         36          0          0          0        288   os_cpu_a.o
       210         16          0          4        512      13790   os_cpu_c.o
       124         14          0          0          0       1114   os_flag.o
       424         26          0          0          0       2437   os_mbox.o
        88         14          0          0          0        497   os_mem.o
       564         38          0          0          0       3016   os_q.o
      1150        116          0          0          0       6292   os_task.o
       216         30          0          0          0       1272   os_time.o
      1536         54          0         14         16       4793   socket.o
       136         20          0          0          0      17699   spi.o
        36          8        304          0       6144        784   startup_stm32f10x_hd.o
      1348         18          0          0          0       5546   stm32f10x_can.o
       444          6          0          0          0       4119   stm32f10x_gpio.o
       622         42          0          4          0       7651   stm32f10x_it.o
        68         30          0          0          0       2202   stm32f10x_iwdg.o
       416         56          0         20          0       5625   stm32f10x_rcc.o
        84          0          0          0          0       1961   stm32f10x_spi.o
       734        106          0          0          0       3935   stm32f10x_tim.o
       428          6          0          0          0       4708   stm32f10x_usart.o
       324         26          0          0          0       1741   system_stm32f10x.o
       332         24          0         13          0       4283   task_led.o
       872         88          0          0      13568       3751   task_main.o
      3588        352          0        851       6776       8588   task_mqtt.o
       430         32         88          0       8192       4463   transport.o
        88          0        102        284       1048       4991   variable.o
       828         20          0          0          0       5128   w5500.o
      1658         88          0         37          0      19601   wizchip_conf.o

    ----------------------------------------------------------------------
     31438       2320        892       1360      42612     539202   Object Totals
         0          0         32          0          0          0   (incl. Generated)
        58          0          3          8          4          0   (incl. Padding)

    ----------------------------------------------------------------------

      Code (inc. data)   RO Data    RW Data    ZI Data      Debug   Library Member Name

        16          6          0          0          0         68   dunder.o
       220         16          0          0          0         84   floor.o
        40          0          0          0          0         68   fpclassify.o
       170          0          0          0          0         96   poly.o
      2528        190        136          0          0        332   pow.o
         0          0          8          0          0          0   qnan.o
        76          0          0          0          0         84   sqrt.o
        92          0          0          0          0          0   __dczerorl2.o
         0          0          0          0          0          0   entry.o
         0          0          0          0          0          0   entry10a.o
         0          0          0          0          0          0   entry11a.o
         8          4          0          0          0          0   entry2.o
         4          0          0          0          0          0   entry5.o
         0          0          0          0          0          0   entry7b.o
         0          0          0          0          0          0   entry8b.o
         8          4          0          0          0          0   entry9a.o
        12          6          0          4          0         68   errno.o
        30          0          0          0          0          0   handlers.o
        36          8          0          0          0         68   init.o
         0          0          0          0          0          0   iusefp.o
        30          0          0          0          0         68   llshl.o
        36          0          0          0          0         68   llsshr.o
        32          0          0          0          0         68   llushr.o
       188         20          0          0          0        160   malloc.o
        36          0          0          0          0         68   memcpya.o
        36          0          0          0          0        108   memseta.o
         0          0          0          8          0          0   mvars.o
      2260         86          0          0          0        512   printfa.o
        20          0          0          0          0         68   strchr.o
        28          0          0          0          0         76   strcmp.o
        18          0          0          0          0         68   strcpy.o
        14          0          0          0          0         68   strlen.o
        30          0          0          0          0         80   strncmp.o
        12          0          0          0          0         68   tolower.o
        44          0          0          0          0         80   uidiv.o
        98          0          0          0          0         92   uldiv.o
        40          2          0          0          0         68   cdcmple.o
        40          2          0          0          0         68   cdrcmple.o
       334          0          0          0          0        148   dadd.o
       222          0          0          0          0        100   ddiv.o
       190          0          0          0          0        176   depilogue.o
        62          0          0          0          0         80   dfixi.o
        48          0          0          0          0         68   dfixul.o
        34          0          0          0          0         76   dflti.o
        26          0          0          0          0         76   dfltui.o
       228          0          0          0          0         96   dmul.o
        46          0          0          0          0         80   dscalb.o
       162          0          0          0          0        100   dsqrt.o

    ----------------------------------------------------------------------
      7562        344        144         12          0       3656   Library Totals
         8          0          0          0          0          0   (incl. Padding)

    ----------------------------------------------------------------------

      Code (inc. data)   RO Data    RW Data    ZI Data      Debug   Library Name

      3050        212        144          0          0        732   m_ws.l
      3072        128          0         12          0       1788   mc_w.l
      1432          4          0          0          0       1136   mf_w.l

    ----------------------------------------------------------------------
      7562        344        144         12          0       3656   Library Totals

    ----------------------------------------------------------------------

==============================================================================


      Code (inc. data)   RO Data    RW Data    ZI Data      Debug   

     39000       2664       1036       1372      42612     526478   Grand Totals
     39000       2664       1036        380      42612     526478   ELF Image Totals (compressed)
     39000       2664       1036        380          0          0   ROM Totals

==============================================================================

    Total RO  Size (Code + RO Data)                40036 (  39.10kB)
    Total RW  Size (RW Data + ZI Data)             43984 (  42.95kB)
    Total ROM Size (Code + RO Data + RW Data)      40416 (  39.47kB)

==============================================================================

